Archive member included to satisfy reference by file (symbol)

c:/program files (x86)/atmel/studio/7.0/toolchain/avr8/avr8-gnu-toolchain/bin/../lib/gcc/avr/5.4.0/../../../../avr/lib/avr6\libm.a(addsf3.o)
                              Sketch.o (__subsf3)
c:/program files (x86)/atmel/studio/7.0/toolchain/avr8/avr8-gnu-toolchain/bin/../lib/gcc/avr/5.4.0/../../../../avr/lib/avr6\libm.a(addsf3x.o)
                              c:/program files (x86)/atmel/studio/7.0/toolchain/avr8/avr8-gnu-toolchain/bin/../lib/gcc/avr/5.4.0/../../../../avr/lib/avr6\libm.a(addsf3.o) (__addsf3x)
c:/program files (x86)/atmel/studio/7.0/toolchain/avr8/avr8-gnu-toolchain/bin/../lib/gcc/avr/5.4.0/../../../../avr/lib/avr6\libm.a(fixsfsi.o)
                              Sketch.o (__fixsfsi)
c:/program files (x86)/atmel/studio/7.0/toolchain/avr8/avr8-gnu-toolchain/bin/../lib/gcc/avr/5.4.0/../../../../avr/lib/avr6\libm.a(fixunssfsi.o)
                              c:/program files (x86)/atmel/studio/7.0/toolchain/avr8/avr8-gnu-toolchain/bin/../lib/gcc/avr/5.4.0/../../../../avr/lib/avr6\libm.a(fixsfsi.o) (__fixunssfsi)
c:/program files (x86)/atmel/studio/7.0/toolchain/avr8/avr8-gnu-toolchain/bin/../lib/gcc/avr/5.4.0/../../../../avr/lib/avr6\libm.a(floatsisf.o)
                              Sketch.o (__floatsisf)
c:/program files (x86)/atmel/studio/7.0/toolchain/avr8/avr8-gnu-toolchain/bin/../lib/gcc/avr/5.4.0/../../../../avr/lib/avr6\libm.a(fp_inf.o)
                              c:/program files (x86)/atmel/studio/7.0/toolchain/avr8/avr8-gnu-toolchain/bin/../lib/gcc/avr/5.4.0/../../../../avr/lib/avr6\libm.a(addsf3x.o) (__fp_inf)
c:/program files (x86)/atmel/studio/7.0/toolchain/avr8/avr8-gnu-toolchain/bin/../lib/gcc/avr/5.4.0/../../../../avr/lib/avr6\libm.a(fp_nan.o)
                              c:/program files (x86)/atmel/studio/7.0/toolchain/avr8/avr8-gnu-toolchain/bin/../lib/gcc/avr/5.4.0/../../../../avr/lib/avr6\libm.a(addsf3x.o) (__fp_nan)
c:/program files (x86)/atmel/studio/7.0/toolchain/avr8/avr8-gnu-toolchain/bin/../lib/gcc/avr/5.4.0/../../../../avr/lib/avr6\libm.a(fp_pscA.o)
                              c:/program files (x86)/atmel/studio/7.0/toolchain/avr8/avr8-gnu-toolchain/bin/../lib/gcc/avr/5.4.0/../../../../avr/lib/avr6\libm.a(addsf3x.o) (__fp_pscA)
c:/program files (x86)/atmel/studio/7.0/toolchain/avr8/avr8-gnu-toolchain/bin/../lib/gcc/avr/5.4.0/../../../../avr/lib/avr6\libm.a(fp_pscB.o)
                              c:/program files (x86)/atmel/studio/7.0/toolchain/avr8/avr8-gnu-toolchain/bin/../lib/gcc/avr/5.4.0/../../../../avr/lib/avr6\libm.a(addsf3x.o) (__fp_pscB)
c:/program files (x86)/atmel/studio/7.0/toolchain/avr8/avr8-gnu-toolchain/bin/../lib/gcc/avr/5.4.0/../../../../avr/lib/avr6\libm.a(fp_round.o)
                              c:/program files (x86)/atmel/studio/7.0/toolchain/avr8/avr8-gnu-toolchain/bin/../lib/gcc/avr/5.4.0/../../../../avr/lib/avr6\libm.a(addsf3.o) (__fp_round)
c:/program files (x86)/atmel/studio/7.0/toolchain/avr8/avr8-gnu-toolchain/bin/../lib/gcc/avr/5.4.0/../../../../avr/lib/avr6\libm.a(fp_split3.o)
                              c:/program files (x86)/atmel/studio/7.0/toolchain/avr8/avr8-gnu-toolchain/bin/../lib/gcc/avr/5.4.0/../../../../avr/lib/avr6\libm.a(addsf3x.o) (__fp_split3)
c:/program files (x86)/atmel/studio/7.0/toolchain/avr8/avr8-gnu-toolchain/bin/../lib/gcc/avr/5.4.0/../../../../avr/lib/avr6\libm.a(fp_zero.o)
                              c:/program files (x86)/atmel/studio/7.0/toolchain/avr8/avr8-gnu-toolchain/bin/../lib/gcc/avr/5.4.0/../../../../avr/lib/avr6\libm.a(addsf3x.o) (__fp_zero)
c:/program files (x86)/atmel/studio/7.0/toolchain/avr8/avr8-gnu-toolchain/bin/../lib/gcc/avr/5.4.0/../../../../avr/lib/avr6\libm.a(gesf2.o)
                              Sketch.o (__gtsf2)
c:/program files (x86)/atmel/studio/7.0/toolchain/avr8/avr8-gnu-toolchain/bin/../lib/gcc/avr/5.4.0/../../../../avr/lib/avr6\libm.a(fp_cmp.o)
                              c:/program files (x86)/atmel/studio/7.0/toolchain/avr8/avr8-gnu-toolchain/bin/../lib/gcc/avr/5.4.0/../../../../avr/lib/avr6\libm.a(gesf2.o) (__fp_cmp)
C:\Users\syngr\senior-design\Occupancy\ArduinoSketch2\ArduinoCore\Debug\libArduinoCore.a(HardwareSerial.o)
                              Sketch.o (_ZN14HardwareSerial9availableEv)
C:\Users\syngr\senior-design\Occupancy\ArduinoSketch2\ArduinoCore\Debug\libArduinoCore.a(HardwareSerial0.o)
                              Camera.o (Serial)
C:\Users\syngr\senior-design\Occupancy\ArduinoSketch2\ArduinoCore\Debug\libArduinoCore.a(HardwareSerial1.o)
                              Sketch.o (Serial1)
C:\Users\syngr\senior-design\Occupancy\ArduinoSketch2\ArduinoCore\Debug\libArduinoCore.a(main.o)
                              C:/Program Files (x86)/Atmel/Studio/7.0/Packs/atmel/ATmega_DFP/1.3.300/gcc/dev/atmega2560/avr6/crtatmega2560.o (main)
C:\Users\syngr\senior-design\Occupancy\ArduinoSketch2\ArduinoCore\Debug\libArduinoCore.a(Print.o)
[...]
Memory Configuration

Name             Origin             Length             Attributes
text             0x00000000         0x00100000         xr
data             0x00800200         0x0000fe00         rw !x
eeprom           0x00810000         0x00010000         rw !x
fuse             0x00820000         0x00000003         rw !x
lock             0x00830000         0x00000400         rw !x
signature        0x00840000         0x00000400         rw !x
user_signatures  0x00850000         0x00000400         rw !x
*default*        0x00000000         0xffffffff

Linker script and memory map

Address of section .data set to 0x800200
LOAD C:/Program Files (x86)/Atmel/Studio/7.0/Packs/atmel/ATmega_DFP/1.3.300/gcc/dev/atmega2560/avr6/crtatmega2560.o
LOAD Camera.o
LOAD Sketch.o
START GROUP
LOAD c:/program files (x86)/atmel/studio/7.0/toolchain/avr8/avr8-gnu-toolchain/bin/../lib/gcc/avr/5.4.0/../../../../avr/lib/avr6\libm.a
LOAD C:\Users\syngr\senior-design\Occupancy\ArduinoSketch2\ArduinoCore\Debug\libArduinoCore.a
END GROUP
LOAD c:/program files (x86)/atmel/studio/7.0/toolchain/avr8/avr8-gnu-toolchain/bin/../lib/gcc/avr/5.4.0/avr6\libgcc.a
LOAD c:/program files (x86)/atmel/studio/7.0/toolchain/avr8/avr8-gnu-toolchain/bin/../lib/gcc/avr/5.4.0/../../../../avr/lib/avr6\libm.a
START GROUP
LOAD c:/program files (x86)/atmel/studio/7.0/toolchain/avr8/avr8-gnu-toolchain/bin/../lib/gcc/avr/5.4.0/avr6\libgcc.a
LOAD c:/program files (x86)/atmel/studio/7.0/toolchain/avr8/avr8-gnu-toolchain/bin/../lib/gcc/avr/5.4.0/../../../../avr/lib/avr6\libm.a
LOAD c:/program files (x86)/atmel/studio/7.0/toolchain/avr8/avr8-gnu-toolchain/bin/../lib/gcc/avr/5.4.0/../../../../avr/lib/avr6\libc.a
LOAD C:/Program Files (x86)/Atmel/Studio/7.0/Packs/atmel/ATmega_DFP/1.3.300/gcc/dev/atmega2560/avr6\libatmega2560.a
END GROUP
                0x00000000                __TEXT_REGION_ORIGIN__ = DEFINED (__TEXT_REGION_ORIGIN__)?__TEXT_REGION_ORIGIN__:0x0
                0x00800200                __DATA_REGION_ORIGIN__ = DEFINED (__DATA_REGION_ORIGIN__)?__DATA_REGION_ORIGIN__:0x800200
                0x00100000                __TEXT_REGION_LENGTH__ = DEFINED (__TEXT_REGION_LENGTH__)?__TEXT_REGION_LENGTH__:0x100000
                0x0000fe00                __DATA_REGION_LENGTH__ = DEFINED (__DATA_REGION_LENGTH__)?__DATA_REGION_LENGTH__:0xfe00
                0x00010000                __EEPROM_REGION_LENGTH__ = DEFINED (__EEPROM_REGION_LENGTH__)?__EEPROM_REGION_LENGTH__:0x10000
                [0x00000003]                __FUSE_REGION_LENGTH__ = DEFINED (__FUSE_REGION_LENGTH__)?__FUSE_REGION_LENGTH__:0x400
                0x00000400                __LOCK_REGION_LENGTH__ = DEFINED (__LOCK_REGION_LENGTH__)?__LOCK_REGION_LENGTH__:0x400
                0x00000400                __SIGNATURE_REGION_LENGTH__ = DEFINED (__SIGNATURE_REGION_LENGTH__)?__SIGNATURE_REGION_LENGTH__:0x400
                0x00000400                __USER_SIGNATURE_REGION_LENGTH__ = DEFINED (__USER_SIGNATURE_REGION_LENGTH__)?__USER_SIGNATURE_REGION_LENGTH__:0x400

.hash
 *(.hash)

.dynsym
 *(.dynsym)

.dynstr
 *(.dynstr)

.gnu.version
 *(.gnu.version)

.gnu.version_d
 *(.gnu.version_d)

.gnu.version_r
 *(.gnu.version_r)

.rel.init
 *(.rel.init)

.rela.init
 *(.rela.init)

.rel.text
 *(.rel.text)
 *(.rel.text.*)
 *(.rel.gnu.linkonce.t*)

.rela.text
 *(.rela.text)
 *(.rela.text.*)
 *(.rela.gnu.linkonce.t*)

.rel.fini
 *(.rel.fini)

.rela.fini
 *(.rela.fini)

.rel.rodata
 *(.rel.rodata)
 *(.rel.rodata.*)
 *(.rel.gnu.linkonce.r*)

.rela.rodata
 *(.rela.rodata)
 *(.rela.rodata.*)
 *(.rela.gnu.linkonce.r*)

.rel.data
 *(.rel.data)
 *(.rel.data.*)
 *(.rel.gnu.linkonce.d*)

.rela.data
 *(.rela.data)
 *(.rela.data.*)
 *(.rela.gnu.linkonce.d*)

.rel.ctors
 *(.rel.ctors)

.rela.ctors
 *(.rela.ctors)

.rel.dtors
 *(.rel.dtors)

.rela.dtors
 *(.rela.dtors)

.rel.got
 *(.rel.got)

.rela.got
 *(.rela.got)

.rel.bss
 *(.rel.bss)

.rela.bss
 *(.rela.bss)

.rel.plt
 *(.rel.plt)

.rela.plt
 *(.rela.plt)

.text           0x00000000     0x2c50
 *(.vectors)
 .vectors       0x00000000       0xe4 C:/Program Files (x86)/Atmel/Studio/7.0/Packs/atmel/ATmega_DFP/1.3.300/gcc/dev/atmega2560/avr6/crtatmega2560.o
                0x00000000                __vector_default
                0x00000000                __vectors
 *(.vectors)
 *(.progmem.gcc*)
 .progmem.gcc_sw_table.turnOffPWM
                0x000000e4       0x24 C:\Users\syngr\senior-design\Occupancy\ArduinoSketch2\ArduinoCore\Debug\libArduinoCore.a(wiring_digital.o)
                0x00000108                . = ALIGN (0x2)
                0x00000108                __trampolines_start = .
 *(.trampolines)
 .trampolines   0x00000108        0x0 linker stubs
 *(.trampolines*)
                0x00000108                __trampolines_end = .
 *libprintf_flt.a:*(.progmem.data)
 *libc.a:*(.progmem.data)
 *(.progmem*)
 .progmem.data.digital_pin_to_timer_PGM
                0x00000108       0x46 C:\Users\syngr\senior-design\Occupancy\ArduinoSketch2\ArduinoCore\Debug\libArduinoCore.a(wiring_digital.o)
                0x00000108                digital_pin_to_timer_PGM
 .progmem.data.digital_pin_to_bit_mask_PGM
                0x0000014e       0x46 C:\Users\syngr\senior-design\Occupancy\ArduinoSketch2\ArduinoCore\Debug\libArduinoCore.a(wiring_digital.o)
                0x0000014e                digital_pin_to_bit_mask_PGM
 .progmem.data.digital_pin_to_port_PGM
                0x00000194       0x46 C:\Users\syngr\senior-design\Occupancy\ArduinoSketch2\ArduinoCore\Debug\libArduinoCore.a(wiring_digital.o)
                0x00000194                digital_pin_to_port_PGM
 .progmem.data.port_to_input_PGM
                0x000001da       0x1a C:\Users\syngr\senior-design\Occupancy\ArduinoSketch2\ArduinoCore\Debug\libArduinoCore.a(wiring_digital.o)
                0x000001da                port_to_input_PGM
 .progmem.data.port_to_output_PGM
                0x000001f4       0x1a C:\Users\syngr\senior-design\Occupancy\ArduinoSketch2\ArduinoCore\Debug\libArduinoCore.a(wiring_digital.o)
                0x000001f4                port_to_output_PGM
 .progmem.data.port_to_mode_PGM
                0x0000020e       0x1a C:\Users\syngr\senior-design\Occupancy\ArduinoSketch2\ArduinoCore\Debug\libArduinoCore.a(wiring_digital.o)
                0x0000020e                port_to_mode_PGM
                0x00000228                . = ALIGN (0x2)
 *(.jumptables)
 *(.jumptables*)
 *(.lowtext)
 *(.lowtext*)
                0x00000228                __ctors_start = .
 *(.ctors)
 .ctors         0x00000228        0x2 Sketch.o
 .ctors         0x0000022a        0x2 C:\Users\syngr\senior-design\Occupancy\ArduinoSketch2\ArduinoCore\Debug\libArduinoCore.a(HardwareSerial0.o)
 .ctors         0x0000022c        0x2 C:\Users\syngr\senior-design\Occupancy\ArduinoSketch2\ArduinoCore\Debug\libArduinoCore.a(HardwareSerial1.o)
 .ctors         0x0000022e        0x2 C:\Users\syngr\senior-design\Occupancy\ArduinoSketch2\ArduinoCore\Debug\libArduinoCore.a(Wire.o)
                0x00000230                __ctors_end = .
                0x00000230                __dtors_start = .
 *(.dtors)
                0x00000230                __dtors_end = .
 SORT(*)(.ctors)
 SORT(*)(.dtors)
 *(.init0)
 .init0         0x00000230        0x0 C:/Program Files (x86)/Atmel/Studio/7.0/Packs/atmel/ATmega_DFP/1.3.300/gcc/dev/atmega2560/avr6/crtatmega2560.o
                0x00000230                __init
 *(.init0)
 *(.init1)
 *(.init1)
 *(.init2)
 .init2         0x00000230       0x10 C:/Program Files (x86)/Atmel/Studio/7.0/Packs/atmel/ATmega_DFP/1.3.300/gcc/dev/atmega2560/avr6/crtatmega2560.o
 *(.init2)
 *(.init3)
 *(.init3)
 *(.init4)
 .init4         0x00000240       0x1a c:/program files (x86)/atmel/studio/7.0/toolchain/avr8/avr8-gnu-toolchain/bin/../lib/gcc/avr/5.4.0/avr6\libgcc.a(_copy_data.o)
                0x00000240                __do_copy_data
 .init4         0x0000025a       0x10 c:/program files (x86)/atmel/studio/7.0/toolchain/avr8/avr8-gnu-toolchain/bin/../lib/gcc/avr/5.4.0/avr6\libgcc.a(_clear_bss.o)
                0x0000025a                __do_clear_bss
 *(.init4)
 *(.init5)
 *(.init5)
 *(.init6)
 .init6         0x0000026a       0x20 c:/program files (x86)/atmel/studio/7.0/toolchain/avr8/avr8-gnu-toolchain/bin/../lib/gcc/avr/5.4.0/avr6\libgcc.a(_ctors.o)
                0x0000026a                __do_global_ctors
 *(.init6)
 *(.init7)
 *(.init7)
 *(.init8)
 *(.init8)
 *(.init9)
 .init9         0x0000028a        0x6 C:/Program Files (x86)/Atmel/Studio/7.0/Packs/atmel/ATmega_DFP/1.3.300/gcc/dev/atmega2560/avr6/crtatmega2560.o
 *(.init9)
 *(.text)
 .text          0x00000290        0x2 C:/Program Files (x86)/Atmel/Studio/7.0/Packs/atmel/ATmega_DFP/1.3.300/gcc/dev/atmega2560/avr6/crtatmega2560.o
                0x00000290                __vector_38
                0x00000290                __vector_22
                0x00000290                __vector_28
                0x00000290                __vector_1
                0x00000290                __vector_32
                0x00000290                __vector_34
                0x00000290                __vector_24
                0x00000290                __vector_12
                0x00000290                __vector_55
                0x00000290                __vector_46
                0x00000290                __bad_interrupt
                0x00000290                __vector_6
                0x00000290                __vector_31
                0x00000290                __vector_35
                0x00000290                __vector_3
                0x00000290                __vector_30
                0x00000290                __vector_45
                0x00000290                __vector_11
                0x00000290                __vector_54
                0x00000290                __vector_13
                0x00000290                __vector_17
                0x00000290                __vector_19
                0x00000290                __vector_56
                0x00000290                __vector_7
                0x00000290                __vector_49
                0x00000290                __vector_41
                0x00000290                __vector_43
                0x00000290                __vector_27
                0x00000290                __vector_5
                0x00000290                __vector_33
                0x00000290                __vector_47
                0x00000290                __vector_52
                0x00000290                __vector_4
                0x00000290                __vector_44
                0x00000290                __vector_51
                0x00000290                __vector_9
                0x00000290                __vector_2
                0x00000290                __vector_21
                0x00000290                __vector_15
                0x00000290                __vector_29
                0x00000290                __vector_40
                0x00000290                __vector_8
                0x00000290                __vector_48
                0x00000290                __vector_14
                0x00000290                __vector_53
                0x00000290                __vector_10
                0x00000290                __vector_50
                0x00000290                __vector_16
                0x00000290                __vector_18
                0x00000290                __vector_20
                0x00000290                __vector_42
                0x00000292                . = ALIGN (0x2)
 *(.text.*)
 .text._Z12Camera_setup16Adafruit_AMG88xx
                0x00000292       0x50 Camera.o
                0x00000292                _Z12Camera_setup16Adafruit_AMG88xx
 .text._Z11Camera_read16Adafruit_AMG88xxPf
                0x000002e2       0xa0 Camera.o
                0x000002e2                _Z11Camera_read16Adafruit_AMG88xxPf
 .text._Z16Occupancy_detectv
                0x00000382       0xf6 Sketch.o
                0x00000382                _Z16Occupancy_detectv
 .text.loop     0x00000478        0xc Sketch.o
                0x00000478                loop
 .text._Z11Pins_assignv
                0x00000484       0x38 Sketch.o
                0x00000484                _Z11Pins_assignv
 .text.setup    0x000004bc      0x11a Sketch.o
                0x000004bc                setup
 .text.startup._GLOBAL__sub_I_amg
                0x000005d6       0x22 Sketch.o
 .text.avr-libc.fplib
                0x000005f8        0xa c:/program files (x86)/atmel/studio/7.0/toolchain/avr8/avr8-gnu-toolchain/bin/../lib/gcc/avr/5.4.0/../../../../avr/lib/avr6\libm.a(addsf3.o)
                0x000005f8                __subsf3
                0x000005fa                __addsf3
 .text.avr-libc.fplib
                0x00000602       0xc0 c:/program files (x86)/atmel/studio/7.0/toolchain/avr8/avr8-gnu-toolchain/bin/../lib/gcc/avr/5.4.0/../../../../avr/lib/avr6\libm.a(addsf3x.o)
                0x0000061c                __addsf3x
 .text.avr-libc.fplib
                0x000006c2        0xa c:/program files (x86)/atmel/studio/7.0/toolchain/avr8/avr8-gnu-toolchain/bin/../lib/gcc/avr/5.4.0/../../../../avr/lib/avr6\libm.a(fixsfsi.o)
                0x000006c2                __fixsfsi
 .text.avr-libc.fplib
                0x000006cc       0x58 c:/program files (x86)/atmel/studio/7.0/toolchain/avr8/avr8-gnu-toolchain/bin/../lib/gcc/avr/5.4.0/../../../../avr/lib/avr6\libm.a(fixunssfsi.o)
                0x000006cc                __fixunssfsi
 .text.avr-libc.fplib
                0x00000724       0x7a c:/program files (x86)/atmel/studio/7.0/toolchain/avr8/avr8-gnu-toolchain/bin/../lib/gcc/avr/5.4.0/../../../../avr/lib/avr6\libm.a(floatsisf.o)
                0x00000724                __floatunsisf
                0x00000728                __floatsisf
 .text.avr-libc.fplib
                0x0000079e        0xc c:/program files (x86)/atmel/studio/7.0/toolchain/avr8/avr8-gnu-toolchain/bin/../lib/gcc/avr/5.4.0/../../../../avr/lib/avr6\libm.a(fp_inf.o)
                0x0000079e                __fp_inf
 .text.avr-libc.fplib
                0x000007aa        0x6 c:/program files (x86)/atmel/studio/7.0/toolchain/avr8/avr8-gnu-toolchain/bin/../lib/gcc/avr/5.4.0/../../../../avr/lib/avr6\libm.a(fp_nan.o)
                0x000007aa                __fp_nan
 .text.avr-libc.fplib
                0x000007b0        0xe c:/program files (x86)/atmel/studio/7.0/toolchain/avr8/avr8-gnu-toolchain/bin/../lib/gcc/avr/5.4.0/../../../../avr/lib/avr6\libm.a(fp_pscA.o)
                0x000007b0                __fp_pscA
 .text.avr-libc.fplib
                0x000007be        0xe c:/program files (x86)/atmel/studio/7.0/toolchain/avr8/avr8-gnu-toolchain/bin/../lib/gcc/avr/5.4.0/../../../../avr/lib/avr6\libm.a(fp_pscB.o)
                0x000007be                __fp_pscB
 .text.avr-libc.fplib
                0x000007cc       0x22 c:/program files (x86)/atmel/studio/7.0/toolchain/avr8/avr8-gnu-toolchain/bin/../lib/gcc/avr/5.4.0/../../../../avr/lib/avr6\libm.a(fp_round.o)
                0x000007cc                __fp_round
 .text.avr-libc.fplib
                0x000007ee       0x44 c:/program files (x86)/atmel/studio/7.0/toolchain/avr8/avr8-gnu-toolchain/bin/../lib/gcc/avr/5.4.0/../../../../avr/lib/avr6\libm.a(fp_split3.o)
                0x000007ee                __fp_split3
                0x000007fe                __fp_splitA
 .text.avr-libc.fplib
                0x00000832        0xe c:/program files (x86)/atmel/studio/7.0/toolchain/avr8/avr8-gnu-toolchain/bin/../lib/gcc/avr/5.4.0/../../../../avr/lib/avr6\libm.a(fp_zero.o)
                0x00000832                __fp_zero
                0x00000834                __fp_szero
 .text.avr-libc.fplib
                0x00000840        0x8 c:/program files (x86)/atmel/studio/7.0/toolchain/avr8/avr8-gnu-toolchain/bin/../lib/gcc/avr/5.4.0/../../../../avr/lib/avr6\libm.a(gesf2.o)
                0x00000840                __gesf2
                0x00000840                __gtsf2
 .text.avr-libc.fplib
                0x00000848       0x48 c:/program files (x86)/atmel/studio/7.0/toolchain/avr8/avr8-gnu-toolchain/bin/../lib/gcc/avr/5.4.0/../../../../avr/lib/avr6\libm.a(fp_cmp.o)
                0x00000848                __fp_cmp
 .text._ZN14HardwareSerial9availableEv
                0x00000890       0x18 C:\Users\syngr\senior-design\Occupancy\ArduinoSketch2\ArduinoCore\Debug\libArduinoCore.a(HardwareSerial.o)
                0x00000890                _ZN14HardwareSerial9availableEv
 .text._ZN14HardwareSerial4peekEv
                0x000008a8       0x1c C:\Users\syngr\senior-design\Occupancy\ArduinoSketch2\ArduinoCore\Debug\libArduinoCore.a(HardwareSerial.o)
                0x000008a8                _ZN14HardwareSerial4peekEv
 .text._ZN14HardwareSerial4readEv
                0x000008c4       0x28 C:\Users\syngr\senior-design\Occupancy\ArduinoSketch2\ArduinoCore\Debug\libArduinoCore.a(HardwareSerial.o)
                0x000008c4                _ZN14HardwareSerial4readEv
 .text._ZN14HardwareSerial17availableForWriteEv
                0x000008ec       0x1e C:\Users\syngr\senior-design\Occupancy\ArduinoSketch2\ArduinoCore\Debug\libArduinoCore.a(HardwareSerial.o)
                0x000008ec                _ZN14HardwareSerial17availableForWriteEv
 .text._Z14serialEventRunv
                0x0000090a       0x76 C:\Users\syngr\senior-design\Occupancy\ArduinoSketch2\ArduinoCore\Debug\libArduinoCore.a(HardwareSerial.o)
                0x0000090a                _Z14serialEventRunv
 .text._ZN14HardwareSerial17_tx_udr_empty_irqEv
                0x00000980       0x44 C:\Users\syngr\senior-design\Occupancy\ArduinoSketch2\ArduinoCore\Debug\libArduinoCore.a(HardwareSerial.o)
                0x00000980                _ZN14HardwareSerial17_tx_udr_empty_irqEv
 .text._ZN14HardwareSerial5writeEh
                0x000009c4       0x98 C:\Users\syngr\senior-design\Occupancy\ArduinoSketch2\ArduinoCore\Debug\libArduinoCore.a(HardwareSerial.o)
                0x000009c4                _ZN14HardwareSerial5writeEh
 .text._ZN14HardwareSerial5flushEv
                0x00000a5c       0x42 C:\Users\syngr\senior-design\Occupancy\ArduinoSketch2\ArduinoCore\Debug\libArduinoCore.a(HardwareSerial.o)
                0x00000a5c                _ZN14HardwareSerial5flushEv
 .text._ZN14HardwareSerial5beginEmh
                0x00000a9e       0xca C:\Users\syngr\senior-design\Occupancy\ArduinoSketch2\ArduinoCore\Debug\libArduinoCore.a(HardwareSerial.o)
                0x00000a9e                _ZN14HardwareSerial5beginEmh
 .text._ZN5Print17availableForWriteEv
                0x00000b68        0x6 C:\Users\syngr\senior-design\Occupancy\ArduinoSketch2\ArduinoCore\Debug\libArduinoCore.a(HardwareSerial0.o)
                0x00000b68                _ZN5Print17availableForWriteEv
 .text.__vector_25
                0x00000b6e       0x6c C:\Users\syngr\senior-design\Occupancy\ArduinoSketch2\ArduinoCore\Debug\libArduinoCore.a(HardwareSerial0.o)
                0x00000b6e                __vector_25
 .text.__vector_26
                0x00000bda       0x52 C:\Users\syngr\senior-design\Occupancy\ArduinoSketch2\ArduinoCore\Debug\libArduinoCore.a(HardwareSerial0.o)
                0x00000bda                __vector_26
 .text._Z17Serial0_availablev
                0x00000c2c       0x12 C:\Users\syngr\senior-design\Occupancy\ArduinoSketch2\ArduinoCore\Debug\libArduinoCore.a(HardwareSerial0.o)
                0x00000c2c                _Z17Serial0_availablev
 .text.startup._GLOBAL__sub_I___vector_25
                0x00000c3e       0x5a C:\Users\syngr\senior-design\Occupancy\ArduinoSketch2\ArduinoCore\Debug\libArduinoCore.a(HardwareSerial0.o)
 .text.__vector_36
                0x00000c98       0x6c C:\Users\syngr\senior-design\Occupancy\ArduinoSketch2\ArduinoCore\Debug\libArduinoCore.a(HardwareSerial1.o)
                0x00000c98                __vector_36
 .text.__vector_37
                0x00000d04       0x52 C:\Users\syngr\senior-design\Occupancy\ArduinoSketch2\ArduinoCore\Debug\libArduinoCore.a(HardwareSerial1.o)
                0x00000d04                __vector_37
 .text._Z17Serial1_availablev
                0x00000d56       0x12 C:\Users\syngr\senior-design\Occupancy\ArduinoSketch2\ArduinoCore\Debug\libArduinoCore.a(HardwareSerial1.o)
                0x00000d56                _Z17Serial1_availablev
 .text.startup._GLOBAL__sub_I___vector_36
                0x00000d68       0x5a C:\Users\syngr\senior-design\Occupancy\ArduinoSketch2\ArduinoCore\Debug\libArduinoCore.a(HardwareSerial1.o)
 .text.initVariant
                0x00000dc2        0x2 C:\Users\syngr\senior-design\Occupancy\ArduinoSketch2\ArduinoCore\Debug\libArduinoCore.a(main.o)
                0x00000dc2                initVariant
 .text.startup.main
                0x00000dc4       0x14 C:\Users\syngr\senior-design\Occupancy\ArduinoSketch2\ArduinoCore\Debug\libArduinoCore.a(main.o)
                0x00000dc4                main
 .text._ZN5Print5writeEPKhj
                0x00000dd8       0x54 C:\Users\syngr\senior-design\Occupancy\ArduinoSketch2\ArduinoCore\Debug\libArduinoCore.a(Print.o)
                0x00000dd8                _ZN5Print5writeEPKhj
 .text._ZN5Print5writeEPKc
                0x00000e2c       0x2a C:\Users\syngr\senior-design\Occupancy\ArduinoSketch2\ArduinoCore\Debug\libArduinoCore.a(Print.o)
                0x00000e2c                _ZN5Print5writeEPKc
 .text._ZN5Print5printERK6String
                0x00000e56       0x1c C:\Users\syngr\senior-design\Occupancy\ArduinoSketch2\ArduinoCore\Debug\libArduinoCore.a(Print.o)
                0x00000e56                _ZN5Print5printERK6String
 .text._ZN5Print5printEPKc
                0x00000e72        0x2 C:\Users\syngr\senior-design\Occupancy\ArduinoSketch2\ArduinoCore\Debug\libArduinoCore.a(Print.o)
                0x00000e72                _ZN5Print5printEPKc
 .text._ZN5Print5printEc
                0x00000e74        0xe C:\Users\syngr\senior-design\Occupancy\ArduinoSketch2\ArduinoCore\Debug\libArduinoCore.a(Print.o)
                0x00000e74                _ZN5Print5printEc
 .text._ZN5Print7printlnEv
                0x00000e82        0x6 C:\Users\syngr\senior-design\Occupancy\ArduinoSketch2\ArduinoCore\Debug\libArduinoCore.a(Print.o)
                0x00000e82                _ZN5Print7printlnEv
 .text._ZN5Print7printlnERK6String
                0x00000e88       0x20 C:\Users\syngr\senior-design\Occupancy\ArduinoSketch2\ArduinoCore\Debug\libArduinoCore.a(Print.o)
                0x00000e88                _ZN5Print7printlnERK6String
 .text._ZN5Print7printlnEPKc
                0x00000ea8       0x20 C:\Users\syngr\senior-design\Occupancy\ArduinoSketch2\ArduinoCore\Debug\libArduinoCore.a(Print.o)
                0x00000ea8                _ZN5Print7printlnEPKc
 .text._ZN5Print11printNumberEmh
                0x00000ec8       0x90 C:\Users\syngr\senior-design\Occupancy\ArduinoSketch2\ArduinoCore\Debug\libArduinoCore.a(Print.o)
                0x00000ec8                _ZN5Print11printNumberEmh
 .text._ZN5Print5printEmi
                0x00000f58       0x18 C:\Users\syngr\senior-design\Occupancy\ArduinoSketch2\ArduinoCore\Debug\libArduinoCore.a(Print.o)
                0x00000f58                _ZN5Print5printEmi
 .text._ZN5Print5printEji
                0x00000f70        0xa C:\Users\syngr\senior-design\Occupancy\ArduinoSketch2\ArduinoCore\Debug\libArduinoCore.a(Print.o)
                0x00000f70                _ZN5Print5printEji
 .text._ZN5Print5printEli
                0x00000f7a       0x8a C:\Users\syngr\senior-design\Occupancy\ArduinoSketch2\ArduinoCore\Debug\libArduinoCore.a(Print.o)
                0x00000f7a                _ZN5Print5printEli
 .text._ZN5Print5printEii
                0x00001004        0xc C:\Users\syngr\senior-design\Occupancy\ArduinoSketch2\ArduinoCore\Debug\libArduinoCore.a(Print.o)
                0x00001004                _ZN5Print5printEii
 .text._ZN5Print7printlnEii
                0x00001010       0x20 C:\Users\syngr\senior-design\Occupancy\ArduinoSketch2\ArduinoCore\Debug\libArduinoCore.a(Print.o)
                0x00001010                _ZN5Print7printlnEii
 .text._ZN5Print10printFloatEdh
                0x00001030      0x19c C:\Users\syngr\senior-design\Occupancy\ArduinoSketch2\ArduinoCore\Debug\libArduinoCore.a(Print.o)
                0x00001030                _ZN5Print10printFloatEdh
 .text._ZN5Print5printEdi
                0x000011cc        0x2 C:\Users\syngr\senior-design\Occupancy\ArduinoSketch2\ArduinoCore\Debug\libArduinoCore.a(Print.o)
                0x000011cc                _ZN5Print5printEdi
 .text.__vector_23
                0x000011ce       0x94 C:\Users\syngr\senior-design\Occupancy\ArduinoSketch2\ArduinoCore\Debug\libArduinoCore.a(wiring.o)
                0x000011ce                __vector_23
 .text.millis   0x00001262       0x18 C:\Users\syngr\senior-design\Occupancy\ArduinoSketch2\ArduinoCore\Debug\libArduinoCore.a(wiring.o)
                0x00001262                millis
 .text.micros   0x0000127a       0x4a C:\Users\syngr\senior-design\Occupancy\ArduinoSketch2\ArduinoCore\Debug\libArduinoCore.a(wiring.o)
                0x0000127a                micros
 .text.delay    0x000012c4       0x72 C:\Users\syngr\senior-design\Occupancy\ArduinoSketch2\ArduinoCore\Debug\libArduinoCore.a(wiring.o)
                0x000012c4                delay
 .text.delayMicroseconds
                0x00001336       0x16 C:\Users\syngr\senior-design\Occupancy\ArduinoSketch2\ArduinoCore\Debug\libArduinoCore.a(wiring.o)
                0x00001336                delayMicroseconds
 .text.init     0x0000134c       0xc4 C:\Users\syngr\senior-design\Occupancy\ArduinoSketch2\ArduinoCore\Debug\libArduinoCore.a(wiring.o)
                0x0000134c                init
 .text.turnOffPWM
                0x00001410       0xac C:\Users\syngr\senior-design\Occupancy\ArduinoSketch2\ArduinoCore\Debug\libArduinoCore.a(wiring_digital.o)
 .text.pinMode  0x000014bc       0x78 C:\Users\syngr\senior-design\Occupancy\ArduinoSketch2\ArduinoCore\Debug\libArduinoCore.a(wiring_digital.o)
                0x000014bc                pinMode
 .text.digitalWrite
                0x00001534       0x5c C:\Users\syngr\senior-design\Occupancy\ArduinoSketch2\ArduinoCore\Debug\libArduinoCore.a(wiring_digital.o)
                0x00001534                digitalWrite
 .text.digitalRead
                0x00001590       0x50 C:\Users\syngr\senior-design\Occupancy\ArduinoSketch2\ArduinoCore\Debug\libArduinoCore.a(wiring_digital.o)
                0x00001590                digitalRead
 .text._ZN6StringD2Ev
                0x000015e0       0x10 C:\Users\syngr\senior-design\Occupancy\ArduinoSketch2\ArduinoCore\Debug\libArduinoCore.a(WString.o)
                0x000015e0                _ZN6StringD2Ev
                0x000015e0                _ZN6StringD1Ev
 .text._ZN6String10invalidateEv
                0x000015f0       0x24 C:\Users\syngr\senior-design\Occupancy\ArduinoSketch2\ArduinoCore\Debug\libArduinoCore.a(WString.o)
                0x000015f0                _ZN6String10invalidateEv
 .text._ZN6String12changeBufferEj
                0x00001614       0x34 C:\Users\syngr\senior-design\Occupancy\ArduinoSketch2\ArduinoCore\Debug\libArduinoCore.a(WString.o)
                0x00001614                _ZN6String12changeBufferEj
 .text._ZN6String7reserveEj
                0x00001648       0x36 C:\Users\syngr\senior-design\Occupancy\ArduinoSketch2\ArduinoCore\Debug\libArduinoCore.a(WString.o)
                0x00001648                _ZN6String7reserveEj
 .text._ZN6String4copyEPKcj
                0x0000167e       0x3e C:\Users\syngr\senior-design\Occupancy\ArduinoSketch2\ArduinoCore\Debug\libArduinoCore.a(WString.o)
                0x0000167e                _ZN6String4copyEPKcj
 .text._ZN6StringC2EPKc
                0x000016bc       0x28 C:\Users\syngr\senior-design\Occupancy\ArduinoSketch2\ArduinoCore\Debug\libArduinoCore.a(WString.o)
                0x000016bc                _ZN6StringC2EPKc
                0x000016bc                _ZN6StringC1EPKc
 .text._ZN6StringaSEPKc
                0x000016e4       0x2a C:\Users\syngr\senior-design\Occupancy\ArduinoSketch2\ArduinoCore\Debug\libArduinoCore.a(WString.o)
                0x000016e4                _ZN6StringaSEPKc
 .text._ZN6StringC2Eih
                0x0000170e       0x56 C:\Users\syngr\senior-design\Occupancy\ArduinoSketch2\ArduinoCore\Debug\libArduinoCore.a(WString.o)
                0x0000170e                _ZN6StringC2Eih
                0x0000170e                _ZN6StringC1Eih
 .text._ZNK6String11lastIndexOfERKS_j
                0x00001764       0x9c C:\Users\syngr\senior-design\Occupancy\ArduinoSketch2\ArduinoCore\Debug\libArduinoCore.a(WString.o)
                0x00001764                _ZNK6String11lastIndexOfERKS_j
 .text._ZN6String7replaceERKS_S1_
                0x00001800      0x1f0 C:\Users\syngr\senior-design\Occupancy\ArduinoSketch2\ArduinoCore\Debug\libArduinoCore.a(WString.o)
                0x00001800                _ZN6String7replaceERKS_S1_
 .text._ZN16Adafruit_AMG88xx18signedMag12ToFloatEj
                0x000019f0       0x22 C:\Users\syngr\senior-design\Occupancy\ArduinoSketch2\ArduinoCore\Debug\libArduinoCore.a(Adafruit_AMG88xx.o)
                0x000019f0                _ZN16Adafruit_AMG88xx18signedMag12ToFloatEj
 .text._ZN16Adafruit_AMG88xx5writeEhPhh
                0x00001a12       0x50 C:\Users\syngr\senior-design\Occupancy\ArduinoSketch2\ArduinoCore\Debug\libArduinoCore.a(Adafruit_AMG88xx.o)
                0x00001a12                _ZN16Adafruit_AMG88xx5writeEhPhh
 .text._ZN16Adafruit_AMG88xx6write8Ehh
                0x00001a62       0x1e C:\Users\syngr\senior-design\Occupancy\ArduinoSketch2\ArduinoCore\Debug\libArduinoCore.a(Adafruit_AMG88xx.o)
                0x00001a62                _ZN16Adafruit_AMG88xx6write8Ehh
 .text._ZN16Adafruit_AMG88xx16disableInterruptEv
                0x00001a80       0x18 C:\Users\syngr\senior-design\Occupancy\ArduinoSketch2\ArduinoCore\Debug\libArduinoCore.a(Adafruit_AMG88xx.o)
                0x00001a80                _ZN16Adafruit_AMG88xx16disableInterruptEv
 .text._ZN16Adafruit_AMG88xx5beginEh
                0x00001a98       0x48 C:\Users\syngr\senior-design\Occupancy\ArduinoSketch2\ArduinoCore\Debug\libArduinoCore.a(Adafruit_AMG88xx.o)
                0x00001a98                _ZN16Adafruit_AMG88xx5beginEh
 .text._ZN16Adafruit_AMG88xx4readEhPhh
                0x00001ae0       0xa6 C:\Users\syngr\senior-design\Occupancy\ArduinoSketch2\ArduinoCore\Debug\libArduinoCore.a(Adafruit_AMG88xx.o)
                0x00001ae0                _ZN16Adafruit_AMG88xx4readEhPhh
 .text._ZN16Adafruit_AMG88xx14readThermistorEv
                0x00001b86       0x3e C:\Users\syngr\senior-design\Occupancy\ArduinoSketch2\ArduinoCore\Debug\libArduinoCore.a(Adafruit_AMG88xx.o)
                0x00001b86                _ZN16Adafruit_AMG88xx14readThermistorEv
 .text._ZN16Adafruit_AMG88xx10readPixelsEPfh
                0x00001bc4       0xd6 C:\Users\syngr\senior-design\Occupancy\ArduinoSketch2\ArduinoCore\Debug\libArduinoCore.a(Adafruit_AMG88xx.o)
                0x00001bc4                _ZN16Adafruit_AMG88xx10readPixelsEPfh
 .text._ZN6HCSR04C2Eiiii
                0x00001c9a       0x5e C:\Users\syngr\senior-design\Occupancy\ArduinoSketch2\ArduinoCore\Debug\libArduinoCore.a(hcsr04.o)
                0x00001c9a                _ZN6HCSR04C1Eiiii
                0x00001c9a                _ZN6HCSR04C2Eiiii
 .text._ZN6HCSR0418echoInMicrosecondsEv
                0x00001cf8       0x58 C:\Users\syngr\senior-design\Occupancy\ArduinoSketch2\ArduinoCore\Debug\libArduinoCore.a(hcsr04.o)
                0x00001cf8                _ZN6HCSR0418echoInMicrosecondsEv
 .text._ZN6HCSR0421distanceInMillimetersEv
                0x00001d50       0x60 C:\Users\syngr\senior-design\Occupancy\ArduinoSketch2\ArduinoCore\Debug\libArduinoCore.a(hcsr04.o)
                0x00001d50                _ZN6HCSR0421distanceInMillimetersEv
 .text._ZN6HCSR048ToStringEv
                0x00001db0       0x76 C:\Users\syngr\senior-design\Occupancy\ArduinoSketch2\ArduinoCore\Debug\libArduinoCore.a(hcsr04.o)
                0x00001db0                _ZN6HCSR048ToStringEv
 .text._ZN7TwoWire9availableEv
                0x00001e26       0x10 C:\Users\syngr\senior-design\Occupancy\ArduinoSketch2\ArduinoCore\Debug\libArduinoCore.a(Wire.o)
                0x00001e26                _ZN7TwoWire9availableEv
 .text._ZN7TwoWire4readEv
                0x00001e36       0x28 C:\Users\syngr\senior-design\Occupancy\ArduinoSketch2\ArduinoCore\Debug\libArduinoCore.a(Wire.o)
                0x00001e36                _ZN7TwoWire4readEv
 .text._ZN7TwoWire4peekEv
                0x00001e5e       0x1e C:\Users\syngr\senior-design\Occupancy\ArduinoSketch2\ArduinoCore\Debug\libArduinoCore.a(Wire.o)
                0x00001e5e                _ZN7TwoWire4peekEv
 .text._ZN7TwoWire5flushEv
                0x00001e7c        0x2 C:\Users\syngr\senior-design\Occupancy\ArduinoSketch2\ArduinoCore\Debug\libArduinoCore.a(Wire.o)
                0x00001e7c                _ZN7TwoWire5flushEv
 .text._ZN7TwoWire16onReceiveServiceEPhi
                0x00001e7e       0x54 C:\Users\syngr\senior-design\Occupancy\ArduinoSketch2\ArduinoCore\Debug\libArduinoCore.a(Wire.o)
                0x00001e7e                _ZN7TwoWire16onReceiveServiceEPhi
 .text._ZN7TwoWire16onRequestServiceEv
                0x00001ed2       0x18 C:\Users\syngr\senior-design\Occupancy\ArduinoSketch2\ArduinoCore\Debug\libArduinoCore.a(Wire.o)
                0x00001ed2                _ZN7TwoWire16onRequestServiceEv
 .text._ZN7TwoWire5writeEPKhj
                0x00001eea       0x58 C:\Users\syngr\senior-design\Occupancy\ArduinoSketch2\ArduinoCore\Debug\libArduinoCore.a(Wire.o)
                0x00001eea                _ZN7TwoWire5writeEPKhj
 .text._ZN7TwoWire5writeEh
                0x00001f42       0x5c C:\Users\syngr\senior-design\Occupancy\ArduinoSketch2\ArduinoCore\Debug\libArduinoCore.a(Wire.o)
                0x00001f42                _ZN7TwoWire5writeEh
 .text._ZN7TwoWireC2Ev
                0x00001f9e       0x20 C:\Users\syngr\senior-design\Occupancy\ArduinoSketch2\ArduinoCore\Debug\libArduinoCore.a(Wire.o)
                0x00001f9e                _ZN7TwoWireC1Ev
                0x00001f9e                _ZN7TwoWireC2Ev
 .text._ZN7TwoWire5beginEv
                0x00001fbe       0x1e C:\Users\syngr\senior-design\Occupancy\ArduinoSketch2\ArduinoCore\Debug\libArduinoCore.a(Wire.o)
                0x00001fbe                _ZN7TwoWire5beginEv
 .text._ZN7TwoWire17beginTransmissionEh
                0x00001fdc       0x14 C:\Users\syngr\senior-design\Occupancy\ArduinoSketch2\ArduinoCore\Debug\libArduinoCore.a(Wire.o)
                0x00001fdc                _ZN7TwoWire17beginTransmissionEh
 .text._ZN7TwoWire15endTransmissionEh
                0x00001ff0       0x24 C:\Users\syngr\senior-design\Occupancy\ArduinoSketch2\ArduinoCore\Debug\libArduinoCore.a(Wire.o)
                0x00001ff0                _ZN7TwoWire15endTransmissionEh
 .text._ZN7TwoWire11requestFromEhhmhh
                0x00002014       0xa2 C:\Users\syngr\senior-design\Occupancy\ArduinoSketch2\ArduinoCore\Debug\libArduinoCore.a(Wire.o)
                0x00002014                _ZN7TwoWire11requestFromEhhmhh
 .text._ZN7TwoWire11requestFromEhhh
                0x000020b6       0x1e C:\Users\syngr\senior-design\Occupancy\ArduinoSketch2\ArduinoCore\Debug\libArduinoCore.a(Wire.o)
                0x000020b6                _ZN7TwoWire11requestFromEhhh
 .text._ZN7TwoWire11requestFromEhh
                0x000020d4        0x4 C:\Users\syngr\senior-design\Occupancy\ArduinoSketch2\ArduinoCore\Debug\libArduinoCore.a(Wire.o)
                0x000020d4                _ZN7TwoWire11requestFromEhh
 .text._ZN7TwoWire15endTransmissionEv
                0x000020d8        0x4 C:\Users\syngr\senior-design\Occupancy\ArduinoSketch2\ArduinoCore\Debug\libArduinoCore.a(Wire.o)
                0x000020d8                _ZN7TwoWire15endTransmissionEv
 .text.startup._GLOBAL__sub_I__ZN7TwoWire8rxBufferE
                0x000020dc        0x6 C:\Users\syngr\senior-design\Occupancy\ArduinoSketch2\ArduinoCore\Debug\libArduinoCore.a(Wire.o)
 .text.__empty  0x000020e2        0x2 C:\Users\syngr\senior-design\Occupancy\ArduinoSketch2\ArduinoCore\Debug\libArduinoCore.a(hooks.o)
                0x000020e2                yield
 .text.twi_init
                0x000020e4       0x38 C:\Users\syngr\senior-design\Occupancy\ArduinoSketch2\ArduinoCore\Debug\libArduinoCore.a(twi.o)
                0x000020e4                twi_init
 .text.twi_readFrom
                0x0000211c       0x90 C:\Users\syngr\senior-design\Occupancy\ArduinoSketch2\ArduinoCore\Debug\libArduinoCore.a(twi.o)
                0x0000211c                twi_readFrom
 .text.twi_writeTo
                0x000021ac       0xac C:\Users\syngr\senior-design\Occupancy\ArduinoSketch2\ArduinoCore\Debug\libArduinoCore.a(twi.o)
                0x000021ac                twi_writeTo
 .text.twi_transmit
                0x00002258       0x50 C:\Users\syngr\senior-design\Occupancy\ArduinoSketch2\ArduinoCore\Debug\libArduinoCore.a(twi.o)
                0x00002258                twi_transmit
 .text.twi_attachSlaveRxEvent
                0x000022a8        0xa C:\Users\syngr\senior-design\Occupancy\ArduinoSketch2\ArduinoCore\Debug\libArduinoCore.a(twi.o)
                0x000022a8                twi_attachSlaveRxEvent
 .text.twi_attachSlaveTxEvent
                0x000022b2        0xa C:\Users\syngr\senior-design\Occupancy\ArduinoSketch2\ArduinoCore\Debug\libArduinoCore.a(twi.o)
                0x000022b2                twi_attachSlaveTxEvent
 .text.twi_stop
                0x000022bc       0x14 C:\Users\syngr\senior-design\Occupancy\ArduinoSketch2\ArduinoCore\Debug\libArduinoCore.a(twi.o)
                0x000022bc                twi_stop
 .text.twi_releaseBus
                0x000022d0        0xc C:\Users\syngr\senior-design\Occupancy\ArduinoSketch2\ArduinoCore\Debug\libArduinoCore.a(twi.o)
                0x000022d0                twi_releaseBus
 .text.__vector_39
                0x000022dc      0x25c C:\Users\syngr\senior-design\Occupancy\ArduinoSketch2\ArduinoCore\Debug\libArduinoCore.a(twi.o)
                0x000022dc                __vector_39
 .text.avr-libc.fplib
                0x00002538        0xa c:/program files (x86)/atmel/studio/7.0/toolchain/avr8/avr8-gnu-toolchain/bin/../lib/gcc/avr/5.4.0/../../../../avr/lib/avr6\libm.a(cmpsf2.o)
                0x00002538                __nesf2
                0x00002538                __eqsf2
                0x00002538                __cmpsf2
                0x00002538                __ltsf2
                0x00002538                __lesf2
 .text.avr-libc.fplib
                0x00002542        0x6 c:/program files (x86)/atmel/studio/7.0/toolchain/avr8/avr8-gnu-toolchain/bin/../lib/gcc/avr/5.4.0/../../../../avr/lib/avr6\libm.a(divsf3.o)
                0x00002542                __divsf3
 .text.avr-libc.fplib
                0x00002548       0xdc c:/program files (x86)/atmel/studio/7.0/toolchain/avr8/avr8-gnu-toolchain/bin/../lib/gcc/avr/5.4.0/../../../../avr/lib/avr6\libm.a(divsf3x.o)
                0x00002568                __divsf3x
                0x0000256e                __divsf3_pse
 .text.avr-libc.fplib
                0x00002624        0x6 c:/program files (x86)/atmel/studio/7.0/toolchain/avr8/avr8-gnu-toolchain/bin/../lib/gcc/avr/5.4.0/../../../../avr/lib/avr6\libm.a(mulsf3.o)
                0x00002624                __mulsf3
 .text.avr-libc.fplib
                0x0000262a       0xd2 c:/program files (x86)/atmel/studio/7.0/toolchain/avr8/avr8-gnu-toolchain/bin/../lib/gcc/avr/5.4.0/../../../../avr/lib/avr6\libm.a(mulsf3x.o)
                0x00002648                __mulsf3x
                0x0000264e                __mulsf3_pse
 .text.avr-libc.fplib
                0x000026fc        0xa c:/program files (x86)/atmel/studio/7.0/toolchain/avr8/avr8-gnu-toolchain/bin/../lib/gcc/avr/5.4.0/../../../../avr/lib/avr6\libm.a(unordsf2.o)
                0x000026fc                __unordsf2
 .text.libgcc.div
                0x00002706       0x44 c:/program files (x86)/atmel/studio/7.0/toolchain/avr8/avr8-gnu-toolchain/bin/../lib/gcc/avr/5.4.0/avr6\libgcc.a(_udivmodsi4.o)
                0x00002706                __udivmodsi4
 .text.libgcc   0x0000274a       0x10 c:/program files (x86)/atmel/studio/7.0/toolchain/avr8/avr8-gnu-toolchain/bin/../lib/gcc/avr/5.4.0/avr6\libgcc.a(_tablejump2.o)
                0x0000274a                __tablejump2__
 .text.avr-libc
                0x0000275a      0x242 c:/program files (x86)/atmel/studio/7.0/toolchain/avr8/avr8-gnu-toolchain/bin/../lib/gcc/avr/5.4.0/../../../../avr/lib/avr6\libc.a(malloc.o)
                0x0000275a                malloc
                0x0000288a                free
 .text.avr-libc
                0x0000299c      0x1c0 c:/program files (x86)/atmel/studio/7.0/toolchain/avr8/avr8-gnu-toolchain/bin/../lib/gcc/avr/5.4.0/../../../../avr/lib/avr6\libc.a(realloc.o)
                0x0000299c                realloc
 .text.avr-libc
                0x00002b5c       0x12 c:/program files (x86)/atmel/studio/7.0/toolchain/avr8/avr8-gnu-toolchain/bin/../lib/gcc/avr/5.4.0/../../../../avr/lib/avr6\libc.a(memcpy.o)
                0x00002b5c                memcpy
 .text.avr-libc
                0x00002b6e       0x22 c:/program files (x86)/atmel/studio/7.0/toolchain/avr8/avr8-gnu-toolchain/bin/../lib/gcc/avr/5.4.0/../../../../avr/lib/avr6\libc.a(memmove.o)
                0x00002b6e                memmove
 .text.avr-libc
                0x00002b90        0xe c:/program files (x86)/atmel/studio/7.0/toolchain/avr8/avr8-gnu-toolchain/bin/../lib/gcc/avr/5.4.0/../../../../avr/lib/avr6\libc.a(strcpy.o)
                0x00002b90                strcpy
 .text.avr-libc
                0x00002b9e       0x34 c:/program files (x86)/atmel/studio/7.0/toolchain/avr8/avr8-gnu-toolchain/bin/../lib/gcc/avr/5.4.0/../../../../avr/lib/avr6\libc.a(strstr.o)
                0x00002b9e                strstr
 .text.avr-libc
                0x00002bd2       0x14 c:/program files (x86)/atmel/studio/7.0/toolchain/avr8/avr8-gnu-toolchain/bin/../lib/gcc/avr/5.4.0/../../../../avr/lib/avr6\libc.a(itoa.o)
                0x00002bd2                __itoa
                0x00002bd2                itoa
 .text.avr-libc
                0x00002be6       0x14 c:/program files (x86)/atmel/studio/7.0/toolchain/avr8/avr8-gnu-toolchain/bin/../lib/gcc/avr/5.4.0/../../../../avr/lib/avr6\libc.a(itoa_ncheck.o)
                0x00002be6                __itoa_ncheck
 .text.avr-libc
                0x00002bfa       0x32 c:/program files (x86)/atmel/studio/7.0/toolchain/avr8/avr8-gnu-toolchain/bin/../lib/gcc/avr/5.4.0/../../../../avr/lib/avr6\libc.a(utoa_ncheck.o)
                0x00002bfa                __utoa_ncheck
                0x00002bfc                __utoa_common
 .text.avr-libc
                0x00002c2c       0x20 c:/program files (x86)/atmel/studio/7.0/toolchain/avr8/avr8-gnu-toolchain/bin/../lib/gcc/avr/5.4.0/../../../../avr/lib/avr6\libc.a(strrev.o)
                0x00002c2c                strrev
                0x00002c4c                . = ALIGN (0x2)
 *(.fini9)
 .fini9         0x00002c4c        0x0 c:/program files (x86)/atmel/studio/7.0/toolchain/avr8/avr8-gnu-toolchain/bin/../lib/gcc/avr/5.4.0/avr6\libgcc.a(_exit.o)
                0x00002c4c                _exit
                0x00002c4c                exit
 *(.fini9)
 *(.fini8)
 *(.fini8)
 *(.fini7)
 *(.fini7)
 *(.fini6)
 *(.fini6)
 *(.fini5)
 *(.fini5)
 *(.fini4)
 *(.fini4)
 *(.fini3)
 *(.fini3)
 *(.fini2)
 *(.fini2)
 *(.fini1)
 *(.fini1)
 *(.fini0)
 .fini0         0x00002c4c        0x4 c:/program files (x86)/atmel/studio/7.0/toolchain/avr8/avr8-gnu-toolchain/bin/../lib/gcc/avr/5.4.0/avr6\libgcc.a(_exit.o)
 *(.fini0)
                0x00002c50                _etext = .

.data           0x00800200      0x19a load address 0x00002c50
                0x00800200                PROVIDE (__data_start, .)
 *(.data)
 .data          0x00800200        0x6 c:/program files (x86)/atmel/studio/7.0/toolchain/avr8/avr8-gnu-toolchain/bin/../lib/gcc/avr/5.4.0/../../../../avr/lib/avr6\libc.a(malloc.o)
                0x00800200                __malloc_heap_end
                0x00800202                __malloc_heap_start
                0x00800204                __malloc_margin
 *(.data*)
 *(.gnu.linkonce.d*)
 *(.rodata)
 *(.rodata*)
 .rodata.str1.1
                0x00800206       0x4e Camera.o
 .rodata.str1.1
                0x00800254       0x9c Sketch.o
 .rodata._ZTV14HardwareSerial
                0x008002f0       0x12 C:\Users\syngr\senior-design\Occupancy\ArduinoSketch2\ArduinoCore\Debug\libArduinoCore.a(HardwareSerial.o)
                0x008002f0                _ZTV14HardwareSerial
 .rodata.str1.1
                0x00800302        0xf C:\Users\syngr\senior-design\Occupancy\ArduinoSketch2\ArduinoCore\Debug\libArduinoCore.a(Print.o)
 .rodata.str1.1
                0x00800311       0x76 C:\Users\syngr\senior-design\Occupancy\ArduinoSketch2\ArduinoCore\Debug\libArduinoCore.a(hcsr04.o)
 .rodata._ZTV7TwoWire
                0x00800387       0x12 C:\Users\syngr\senior-design\Occupancy\ArduinoSketch2\ArduinoCore\Debug\libArduinoCore.a(Wire.o)
                0x00800387                _ZTV7TwoWire
 *(.gnu.linkonce.r*)
                0x0080039a                . = ALIGN (0x2)
 *fill*         0x00800399        0x1 
                0x0080039a                _edata = .
                0x0080039a                PROVIDE (__data_end, .)

.bss            0x0080039a      0x323
                0x0080039a                PROVIDE (__bss_start, .)
 *(.bss)
 *(.bss*)
 .bss.hcsr04    0x0080039a        0x8 Sketch.o
                0x0080039a                hcsr04
 .bss.pixels    0x008003a2      0x100 Sketch.o
                0x008003a2                pixels
 .bss.amg       0x008004a2       0x10 Sketch.o
                0x008004a2                amg
 .bss.Serial    0x008004b2       0x9d C:\Users\syngr\senior-design\Occupancy\ArduinoSketch2\ArduinoCore\Debug\libArduinoCore.a(HardwareSerial0.o)
                0x008004b2                Serial
 .bss.Serial1   0x0080054f       0x9d C:\Users\syngr\senior-design\Occupancy\ArduinoSketch2\ArduinoCore\Debug\libArduinoCore.a(HardwareSerial1.o)
                0x0080054f                Serial1
 .bss.timer0_fract
                0x008005ec        0x1 C:\Users\syngr\senior-design\Occupancy\ArduinoSketch2\ArduinoCore\Debug\libArduinoCore.a(wiring.o)
 .bss.timer0_millis
                0x008005ed        0x4 C:\Users\syngr\senior-design\Occupancy\ArduinoSketch2\ArduinoCore\Debug\libArduinoCore.a(wiring.o)
                0x008005ed                timer0_millis
 .bss.timer0_overflow_count
                0x008005f1        0x4 C:\Users\syngr\senior-design\Occupancy\ArduinoSketch2\ArduinoCore\Debug\libArduinoCore.a(wiring.o)
                0x008005f1                timer0_overflow_count
 .bss.Wire      0x008005f5        0xc C:\Users\syngr\senior-design\Occupancy\ArduinoSketch2\ArduinoCore\Debug\libArduinoCore.a(Wire.o)
                0x008005f5                Wire
 .bss._ZN7TwoWire14user_onReceiveE
                0x00800601        0x2 C:\Users\syngr\senior-design\Occupancy\ArduinoSketch2\ArduinoCore\Debug\libArduinoCore.a(Wire.o)
                0x00800601                _ZN7TwoWire14user_onReceiveE
 .bss._ZN7TwoWire14user_onRequestE
                0x00800603        0x2 C:\Users\syngr\senior-design\Occupancy\ArduinoSketch2\ArduinoCore\Debug\libArduinoCore.a(Wire.o)
                0x00800603                _ZN7TwoWire14user_onRequestE
 .bss._ZN7TwoWire12transmittingE
                0x00800605        0x1 C:\Users\syngr\senior-design\Occupancy\ArduinoSketch2\ArduinoCore\Debug\libArduinoCore.a(Wire.o)
                0x00800605                _ZN7TwoWire12transmittingE
 .bss._ZN7TwoWire14txBufferLengthE
                0x00800606        0x1 C:\Users\syngr\senior-design\Occupancy\ArduinoSketch2\ArduinoCore\Debug\libArduinoCore.a(Wire.o)
                0x00800606                _ZN7TwoWire14txBufferLengthE
 .bss._ZN7TwoWire13txBufferIndexE
                0x00800607        0x1 C:\Users\syngr\senior-design\Occupancy\ArduinoSketch2\ArduinoCore\Debug\libArduinoCore.a(Wire.o)
                0x00800607                _ZN7TwoWire13txBufferIndexE
 .bss._ZN7TwoWire8txBufferE
                0x00800608       0x20 C:\Users\syngr\senior-design\Occupancy\ArduinoSketch2\ArduinoCore\Debug\libArduinoCore.a(Wire.o)
                0x00800608                _ZN7TwoWire8txBufferE
 .bss._ZN7TwoWire9txAddressE
                0x00800628        0x1 C:\Users\syngr\senior-design\Occupancy\ArduinoSketch2\ArduinoCore\Debug\libArduinoCore.a(Wire.o)
                0x00800628                _ZN7TwoWire9txAddressE
 .bss._ZN7TwoWire14rxBufferLengthE
                0x00800629        0x1 C:\Users\syngr\senior-design\Occupancy\ArduinoSketch2\ArduinoCore\Debug\libArduinoCore.a(Wire.o)
                0x00800629                _ZN7TwoWire14rxBufferLengthE
 .bss._ZN7TwoWire13rxBufferIndexE
                0x0080062a        0x1 C:\Users\syngr\senior-design\Occupancy\ArduinoSketch2\ArduinoCore\Debug\libArduinoCore.a(Wire.o)
                0x0080062a                _ZN7TwoWire13rxBufferIndexE
 .bss._ZN7TwoWire8rxBufferE
                0x0080062b       0x20 C:\Users\syngr\senior-design\Occupancy\ArduinoSketch2\ArduinoCore\Debug\libArduinoCore.a(Wire.o)
                0x0080062b                _ZN7TwoWire8rxBufferE
 .bss.twi_error
                0x0080064b        0x1 C:\Users\syngr\senior-design\Occupancy\ArduinoSketch2\ArduinoCore\Debug\libArduinoCore.a(twi.o)
 .bss.twi_rxBufferIndex
                0x0080064c        0x1 C:\Users\syngr\senior-design\Occupancy\ArduinoSketch2\ArduinoCore\Debug\libArduinoCore.a(twi.o)
 .bss.twi_rxBuffer
                0x0080064d       0x20 C:\Users\syngr\senior-design\Occupancy\ArduinoSketch2\ArduinoCore\Debug\libArduinoCore.a(twi.o)
 .bss.twi_txBufferLength
                0x0080066d        0x1 C:\Users\syngr\senior-design\Occupancy\ArduinoSketch2\ArduinoCore\Debug\libArduinoCore.a(twi.o)
 .bss.twi_txBufferIndex
                0x0080066e        0x1 C:\Users\syngr\senior-design\Occupancy\ArduinoSketch2\ArduinoCore\Debug\libArduinoCore.a(twi.o)
 .bss.twi_txBuffer
                0x0080066f       0x20 C:\Users\syngr\senior-design\Occupancy\ArduinoSketch2\ArduinoCore\Debug\libArduinoCore.a(twi.o)
 .bss.twi_masterBufferLength
                0x0080068f        0x1 C:\Users\syngr\senior-design\Occupancy\ArduinoSketch2\ArduinoCore\Debug\libArduinoCore.a(twi.o)
 .bss.twi_masterBufferIndex
                0x00800690        0x1 C:\Users\syngr\senior-design\Occupancy\ArduinoSketch2\ArduinoCore\Debug\libArduinoCore.a(twi.o)
 .bss.twi_masterBuffer
                0x00800691       0x20 C:\Users\syngr\senior-design\Occupancy\ArduinoSketch2\ArduinoCore\Debug\libArduinoCore.a(twi.o)
 .bss.twi_onSlaveReceive
                0x008006b1        0x2 C:\Users\syngr\senior-design\Occupancy\ArduinoSketch2\ArduinoCore\Debug\libArduinoCore.a(twi.o)
 .bss.twi_onSlaveTransmit
                0x008006b3        0x2 C:\Users\syngr\senior-design\Occupancy\ArduinoSketch2\ArduinoCore\Debug\libArduinoCore.a(twi.o)
 .bss.twi_inRepStart
                0x008006b5        0x1 C:\Users\syngr\senior-design\Occupancy\ArduinoSketch2\ArduinoCore\Debug\libArduinoCore.a(twi.o)
 .bss.twi_sendStop
                0x008006b6        0x1 C:\Users\syngr\senior-design\Occupancy\ArduinoSketch2\ArduinoCore\Debug\libArduinoCore.a(twi.o)
 .bss.twi_slarw
                0x008006b7        0x1 C:\Users\syngr\senior-design\Occupancy\ArduinoSketch2\ArduinoCore\Debug\libArduinoCore.a(twi.o)
 .bss.twi_state
                0x008006b8        0x1 C:\Users\syngr\senior-design\Occupancy\ArduinoSketch2\ArduinoCore\Debug\libArduinoCore.a(twi.o)
 *(COMMON)
 COMMON         0x008006b9        0x4 c:/program files (x86)/atmel/studio/7.0/toolchain/avr8/avr8-gnu-toolchain/bin/../lib/gcc/avr/5.4.0/../../../../avr/lib/avr6\libc.a(malloc.o)
                0x008006b9                __brkval
                0x008006bb                __flp
                0x008006bd                PROVIDE (__bss_end, .)
                0x00002c50                __data_load_start = LOADADDR (.data)
                0x00002dea                __data_load_end = (__data_load_start + SIZEOF (.data))

.noinit         0x008006bd        0x0
                [!provide]                PROVIDE (__noinit_start, .)
 *(.noinit*)
                [!provide]                PROVIDE (__noinit_end, .)
                0x008006bd                _end = .
                0x008006bd                PROVIDE (__heap_start, .)

.eeprom         0x00810000        0x0
 *(.eeprom*)
                0x00810000                __eeprom_end = .

.fuse
 *(.fuse)
 *(.lfuse)
 *(.hfuse)
 *(.efuse)

.lock
 *(.lock*)

.signature
 *(.signature*)

.user_signatures
 *(.user_signatures*)

.stab
 *(.stab)

.stabstr
 *(.stabstr)

.stab.excl
 *(.stab.excl)

.stab.exclstr
 *(.stab.exclstr)

.stab.index
 *(.stab.index)

.stab.indexstr
 *(.stab.indexstr)

.comment        0x00000000       0x30
 *(.comment)
 .comment       0x00000000       0x30 Camera.o
                                 0x31 (size before relaxing)
 .comment       0x00000030       0x31 Sketch.o
 .comment       0x00000030       0x31 C:\Users\syngr\senior-design\Occupancy\ArduinoSketch2\ArduinoCore\Debug\libArduinoCore.a(HardwareSerial.o)
 .comment       0x00000030       0x31 C:\Users\syngr\senior-design\Occupancy\ArduinoSketch2\ArduinoCore\Debug\libArduinoCore.a(HardwareSerial0.o)
 .comment       0x00000030       0x31 C:\Users\syngr\senior-design\Occupancy\ArduinoSketch2\ArduinoCore\Debug\libArduinoCore.a(HardwareSerial1.o)
 .comment       0x00000030       0x31 C:\Users\syngr\senior-design\Occupancy\ArduinoSketch2\ArduinoCore\Debug\libArduinoCore.a(main.o)
 .comment       0x00000030       0x31 C:\Users\syngr\senior-design\Occupancy\ArduinoSketch2\ArduinoCore\Debug\libArduinoCore.a(Print.o)
 .comment       0x00000030       0x31 C:\Users\syngr\senior-design\Occupancy\ArduinoSketch2\ArduinoCore\Debug\libArduinoCore.a(wiring.o)
 .comment       0x00000030       0x31 C:\Users\syngr\senior-design\Occupancy\ArduinoSketch2\ArduinoCore\Debug\libArduinoCore.a(wiring_digital.o)
 .comment       0x00000030       0x31 C:\Users\syngr\senior-design\Occupancy\ArduinoSketch2\ArduinoCore\Debug\libArduinoCore.a(WString.o)
 .comment       0x00000030       0x31 C:\Users\syngr\senior-design\Occupancy\ArduinoSketch2\ArduinoCore\Debug\libArduinoCore.a(Adafruit_AMG88xx.o)
 .comment       0x00000030       0x31 C:\Users\syngr\senior-design\Occupancy\ArduinoSketch2\ArduinoCore\Debug\libArduinoCore.a(hcsr04.o)
 .comment       0x00000030       0x31 C:\Users\syngr\senior-design\Occupancy\ArduinoSketch2\ArduinoCore\Debug\libArduinoCore.a(Wire.o)
 .comment       0x00000030       0x31 C:\Users\syngr\senior-design\Occupancy\ArduinoSketch2\ArduinoCore\Debug\libArduinoCore.a(hooks.o)
 .comment       0x00000030       0x31 C:\Users\syngr\senior-design\Occupancy\ArduinoSketch2\ArduinoCore\Debug\libArduinoCore.a(twi.o)
 .comment       0x00000030       0x31 c:/program files (x86)/atmel/studio/7.0/toolchain/avr8/avr8-gnu-toolchain/bin/../lib/gcc/avr/5.4.0/../../../../avr/lib/avr6\libc.a(malloc.o)
 .comment       0x00000030       0x31 c:/program files (x86)/atmel/studio/7.0/toolchain/avr8/avr8-gnu-toolchain/bin/../lib/gcc/avr/5.4.0/../../../../avr/lib/avr6\libc.a(realloc.o)

.note.gnu.avr.deviceinfo
                0x00000000       0x40
 .note.gnu.avr.deviceinfo
                0x00000000       0x40 C:/Program Files (x86)/Atmel/Studio/7.0/Packs/atmel/ATmega_DFP/1.3.300/gcc/dev/atmega2560/avr6/crtatmega2560.o

.note.gnu.build-id
 *(.note.gnu.build-id)

.debug
 *(.debug)

.line
 *(.line)

.debug_srcinfo
 *(.debug_srcinfo)

.debug_sfnames
 *(.debug_sfnames)

.debug_aranges  0x00000000      0x860
 *(.debug_aranges)
 .debug_aranges
                0x00000000       0x28 Camera.o
 .debug_aranges
                0x00000028       0x50 Sketch.o
 .debug_aranges
                0x00000078       0x68 C:\Users\syngr\senior-design\Occupancy\ArduinoSketch2\ArduinoCore\Debug\libArduinoCore.a(HardwareSerial.o)
 .debug_aranges
                0x000000e0       0x48 C:\Users\syngr\senior-design\Occupancy\ArduinoSketch2\ArduinoCore\Debug\libArduinoCore.a(HardwareSerial0.o)
 .debug_aranges
                0x00000128       0x48 C:\Users\syngr\senior-design\Occupancy\ArduinoSketch2\ArduinoCore\Debug\libArduinoCore.a(HardwareSerial1.o)
 .debug_aranges
                0x00000170       0x30 C:\Users\syngr\senior-design\Occupancy\ArduinoSketch2\ArduinoCore\Debug\libArduinoCore.a(main.o)
 .debug_aranges
                0x000001a0      0x100 C:\Users\syngr\senior-design\Occupancy\ArduinoSketch2\ArduinoCore\Debug\libArduinoCore.a(Print.o)
 .debug_aranges
                0x000002a0       0x48 C:\Users\syngr\senior-design\Occupancy\ArduinoSketch2\ArduinoCore\Debug\libArduinoCore.a(wiring.o)
 .debug_aranges
                0x000002e8       0x38 C:\Users\syngr\senior-design\Occupancy\ArduinoSketch2\ArduinoCore\Debug\libArduinoCore.a(wiring_digital.o)
 .debug_aranges
                0x00000320      0x2b8 C:\Users\syngr\senior-design\Occupancy\ArduinoSketch2\ArduinoCore\Debug\libArduinoCore.a(WString.o)
 .debug_aranges
                0x000005d8       0xa8 C:\Users\syngr\senior-design\Occupancy\ArduinoSketch2\ArduinoCore\Debug\libArduinoCore.a(Adafruit_AMG88xx.o)
 .debug_aranges
                0x00000680       0x48 C:\Users\syngr\senior-design\Occupancy\ArduinoSketch2\ArduinoCore\Debug\libArduinoCore.a(hcsr04.o)
 .debug_aranges
                0x000006c8       0xf8 C:\Users\syngr\senior-design\Occupancy\ArduinoSketch2\ArduinoCore\Debug\libArduinoCore.a(Wire.o)
 .debug_aranges
                0x000007c0       0x20 C:\Users\syngr\senior-design\Occupancy\ArduinoSketch2\ArduinoCore\Debug\libArduinoCore.a(hooks.o)
 .debug_aranges
                0x000007e0       0x80 C:\Users\syngr\senior-design\Occupancy\ArduinoSketch2\ArduinoCore\Debug\libArduinoCore.a(twi.o)

.debug_pubnames
 *(.debug_pubnames)

.debug_info     0x00000000    0x16f53
 *(.debug_info .gnu.linkonce.wi.*)
 .debug_info    0x00000000      0xbbc C:/Program Files (x86)/Atmel/Studio/7.0/Packs/atmel/ATmega_DFP/1.3.300/gcc/dev/atmega2560/avr6/crtatmega2560.o
 .debug_info    0x00000bbc      0xd68 Camera.o
 .debug_info    0x00001924     0x2823 Sketch.o
 .debug_info    0x00004147     0x205e C:\Users\syngr\senior-design\Occupancy\ArduinoSketch2\ArduinoCore\Debug\libArduinoCore.a(HardwareSerial.o)
 .debug_info    0x000061a5     0x1b74 C:\Users\syngr\senior-design\Occupancy\ArduinoSketch2\ArduinoCore\Debug\libArduinoCore.a(HardwareSerial0.o)
 .debug_info    0x00007d19     0x1b74 C:\Users\syngr\senior-design\Occupancy\ArduinoSketch2\ArduinoCore\Debug\libArduinoCore.a(HardwareSerial1.o)
 .debug_info    0x0000988d      0x295 C:\Users\syngr\senior-design\Occupancy\ArduinoSketch2\ArduinoCore\Debug\libArduinoCore.a(main.o)
 .debug_info    0x00009b22     0x295d C:\Users\syngr\senior-design\Occupancy\ArduinoSketch2\ArduinoCore\Debug\libArduinoCore.a(Print.o)
 .debug_info    0x0000c47f      0x329 C:\Users\syngr\senior-design\Occupancy\ArduinoSketch2\ArduinoCore\Debug\libArduinoCore.a(wiring.o)
 .debug_info    0x0000c7a8      0x63a C:\Users\syngr\senior-design\Occupancy\ArduinoSketch2\ArduinoCore\Debug\libArduinoCore.a(wiring_digital.o)
 .debug_info    0x0000cde2     0x4338 C:\Users\syngr\senior-design\Occupancy\ArduinoSketch2\ArduinoCore\Debug\libArduinoCore.a(WString.o)
 .debug_info    0x0001111a     0x1826 C:\Users\syngr\senior-design\Occupancy\ArduinoSketch2\ArduinoCore\Debug\libArduinoCore.a(Adafruit_AMG88xx.o)
 .debug_info    0x00012940     0x17c3 C:\Users\syngr\senior-design\Occupancy\ArduinoSketch2\ArduinoCore\Debug\libArduinoCore.a(hcsr04.o)
 .debug_info    0x00014103     0x27b0 C:\Users\syngr\senior-design\Occupancy\ArduinoSketch2\ArduinoCore\Debug\libArduinoCore.a(Wire.o)
 .debug_info    0x000168b3       0x3e C:\Users\syngr\senior-design\Occupancy\ArduinoSketch2\ArduinoCore\Debug\libArduinoCore.a(hooks.o)
 .debug_info    0x000168f1      0x662 C:\Users\syngr\senior-design\Occupancy\ArduinoSketch2\ArduinoCore\Debug\libArduinoCore.a(twi.o)

.debug_abbrev   0x00000000     0x3bd3
 *(.debug_abbrev)
 .debug_abbrev  0x00000000      0xb1a C:/Program Files (x86)/Atmel/Studio/7.0/Packs/atmel/ATmega_DFP/1.3.300/gcc/dev/atmega2560/avr6/crtatmega2560.o
 .debug_abbrev  0x00000b1a      0x2c1 Camera.o
 .debug_abbrev  0x00000ddb      0x4cb Sketch.o
 .debug_abbrev  0x000012a6      0x4b7 C:\Users\syngr\senior-design\Occupancy\ArduinoSketch2\ArduinoCore\Debug\libArduinoCore.a(HardwareSerial.o)
 .debug_abbrev  0x0000175d      0x3ce C:\Users\syngr\senior-design\Occupancy\ArduinoSketch2\ArduinoCore\Debug\libArduinoCore.a(HardwareSerial0.o)
 .debug_abbrev  0x00001b2b      0x3ce C:\Users\syngr\senior-design\Occupancy\ArduinoSketch2\ArduinoCore\Debug\libArduinoCore.a(HardwareSerial1.o)
 .debug_abbrev  0x00001ef9      0x12d C:\Users\syngr\senior-design\Occupancy\ArduinoSketch2\ArduinoCore\Debug\libArduinoCore.a(main.o)
 .debug_abbrev  0x00002026      0x47a C:\Users\syngr\senior-design\Occupancy\ArduinoSketch2\ArduinoCore\Debug\libArduinoCore.a(Print.o)
 .debug_abbrev  0x000024a0      0x146 C:\Users\syngr\senior-design\Occupancy\ArduinoSketch2\ArduinoCore\Debug\libArduinoCore.a(wiring.o)
 .debug_abbrev  0x000025e6      0x15a C:\Users\syngr\senior-design\Occupancy\ArduinoSketch2\ArduinoCore\Debug\libArduinoCore.a(wiring_digital.o)
 .debug_abbrev  0x00002740      0x4c2 C:\Users\syngr\senior-design\Occupancy\ArduinoSketch2\ArduinoCore\Debug\libArduinoCore.a(WString.o)
 .debug_abbrev  0x00002c02      0x49a C:\Users\syngr\senior-design\Occupancy\ArduinoSketch2\ArduinoCore\Debug\libArduinoCore.a(Adafruit_AMG88xx.o)
 .debug_abbrev  0x0000309c      0x32c C:\Users\syngr\senior-design\Occupancy\ArduinoSketch2\ArduinoCore\Debug\libArduinoCore.a(hcsr04.o)
 .debug_abbrev  0x000033c8      0x581 C:\Users\syngr\senior-design\Occupancy\ArduinoSketch2\ArduinoCore\Debug\libArduinoCore.a(Wire.o)
 .debug_abbrev  0x00003949       0x2a C:\Users\syngr\senior-design\Occupancy\ArduinoSketch2\ArduinoCore\Debug\libArduinoCore.a(hooks.o)
 .debug_abbrev  0x00003973      0x260 C:\Users\syngr\senior-design\Occupancy\ArduinoSketch2\ArduinoCore\Debug\libArduinoCore.a(twi.o)

.debug_line     0x00000000     0x4889
 *(.debug_line .debug_line.* .debug_line_end)
 .debug_line    0x00000000      0x1f9 C:/Program Files (x86)/Atmel/Studio/7.0/Packs/atmel/ATmega_DFP/1.3.300/gcc/dev/atmega2560/avr6/crtatmega2560.o
 .debug_line    0x000001f9      0x2ac Camera.o
 .debug_line    0x000004a5      0x4fe Sketch.o
 .debug_line    0x000009a3      0x527 C:\Users\syngr\senior-design\Occupancy\ArduinoSketch2\ArduinoCore\Debug\libArduinoCore.a(HardwareSerial.o)
 .debug_line    0x00000eca      0x288 C:\Users\syngr\senior-design\Occupancy\ArduinoSketch2\ArduinoCore\Debug\libArduinoCore.a(HardwareSerial0.o)
 .debug_line    0x00001152      0x288 C:\Users\syngr\senior-design\Occupancy\ArduinoSketch2\ArduinoCore\Debug\libArduinoCore.a(HardwareSerial1.o)
 .debug_line    0x000013da      0x161 C:\Users\syngr\senior-design\Occupancy\ArduinoSketch2\ArduinoCore\Debug\libArduinoCore.a(main.o)
 .debug_line    0x0000153b      0x681 C:\Users\syngr\senior-design\Occupancy\ArduinoSketch2\ArduinoCore\Debug\libArduinoCore.a(Print.o)
 .debug_line    0x00001bbc      0x2cb C:\Users\syngr\senior-design\Occupancy\ArduinoSketch2\ArduinoCore\Debug\libArduinoCore.a(wiring.o)
 .debug_line    0x00001e87      0x284 C:\Users\syngr\senior-design\Occupancy\ArduinoSketch2\ArduinoCore\Debug\libArduinoCore.a(wiring_digital.o)
 .debug_line    0x0000210b     0x1360 C:\Users\syngr\senior-design\Occupancy\ArduinoSketch2\ArduinoCore\Debug\libArduinoCore.a(WString.o)
 .debug_line    0x0000346b      0x5c5 C:\Users\syngr\senior-design\Occupancy\ArduinoSketch2\ArduinoCore\Debug\libArduinoCore.a(Adafruit_AMG88xx.o)
 .debug_line    0x00003a30      0x33b C:\Users\syngr\senior-design\Occupancy\ArduinoSketch2\ArduinoCore\Debug\libArduinoCore.a(hcsr04.o)
 .debug_line    0x00003d6b      0x5ec C:\Users\syngr\senior-design\Occupancy\ArduinoSketch2\ArduinoCore\Debug\libArduinoCore.a(Wire.o)
 .debug_line    0x00004357       0x41 C:\Users\syngr\senior-design\Occupancy\ArduinoSketch2\ArduinoCore\Debug\libArduinoCore.a(hooks.o)
 .debug_line    0x00004398      0x4f1 C:\Users\syngr\senior-design\Occupancy\ArduinoSketch2\ArduinoCore\Debug\libArduinoCore.a(twi.o)

.debug_frame    0x00000000     0x1b6c
 *(.debug_frame)
 .debug_frame   0x00000000       0x54 Camera.o
 .debug_frame   0x00000054       0xf8 Sketch.o
 .debug_frame   0x0000014c      0x110 C:\Users\syngr\senior-design\Occupancy\ArduinoSketch2\ArduinoCore\Debug\libArduinoCore.a(HardwareSerial.o)
 .debug_frame   0x0000025c       0xe0 C:\Users\syngr\senior-design\Occupancy\ArduinoSketch2\ArduinoCore\Debug\libArduinoCore.a(HardwareSerial0.o)
 .debug_frame   0x0000033c       0xe0 C:\Users\syngr\senior-design\Occupancy\ArduinoSketch2\ArduinoCore\Debug\libArduinoCore.a(HardwareSerial1.o)
 .debug_frame   0x0000041c       0x54 C:\Users\syngr\senior-design\Occupancy\ArduinoSketch2\ArduinoCore\Debug\libArduinoCore.a(main.o)
 .debug_frame   0x00000470      0x3ac C:\Users\syngr\senior-design\Occupancy\ArduinoSketch2\ArduinoCore\Debug\libArduinoCore.a(Print.o)
 .debug_frame   0x0000081c       0xc4 C:\Users\syngr\senior-design\Occupancy\ArduinoSketch2\ArduinoCore\Debug\libArduinoCore.a(wiring.o)
 .debug_frame   0x000008e0       0x7c C:\Users\syngr\senior-design\Occupancy\ArduinoSketch2\ArduinoCore\Debug\libArduinoCore.a(wiring_digital.o)
 .debug_frame   0x0000095c      0xa60 C:\Users\syngr\senior-design\Occupancy\ArduinoSketch2\ArduinoCore\Debug\libArduinoCore.a(WString.o)
 .debug_frame   0x000013bc      0x2b0 C:\Users\syngr\senior-design\Occupancy\ArduinoSketch2\ArduinoCore\Debug\libArduinoCore.a(Adafruit_AMG88xx.o)
 .debug_frame   0x0000166c      0x128 C:\Users\syngr\senior-design\Occupancy\ArduinoSketch2\ArduinoCore\Debug\libArduinoCore.a(hcsr04.o)
 .debug_frame   0x00001794      0x280 C:\Users\syngr\senior-design\Occupancy\ArduinoSketch2\ArduinoCore\Debug\libArduinoCore.a(Wire.o)
 .debug_frame   0x00001a14       0x24 C:\Users\syngr\senior-design\Occupancy\ArduinoSketch2\ArduinoCore\Debug\libArduinoCore.a(hooks.o)
 .debug_frame   0x00001a38      0x134 C:\Users\syngr\senior-design\Occupancy\ArduinoSketch2\ArduinoCore\Debug\libArduinoCore.a(twi.o)

.debug_str      0x00000000     0x38cf
 *(.debug_str)
 .debug_str     0x00000000      0x3e6 C:/Program Files (x86)/Atmel/Studio/7.0/Packs/atmel/ATmega_DFP/1.3.300/gcc/dev/atmega2560/avr6/crtatmega2560.o
 .debug_str     0x000003e6      0x9ea Camera.o
                                0xa9e (size before relaxing)
 .debug_str     0x00000dd0      0xe68 Sketch.o
                               0x192e (size before relaxing)
 .debug_str     0x00001c38      0x83e C:\Users\syngr\senior-design\Occupancy\ArduinoSketch2\ArduinoCore\Debug\libArduinoCore.a(HardwareSerial.o)
                               0x16ed (size before relaxing)
 .debug_str     0x00002476       0x86 C:\Users\syngr\senior-design\Occupancy\ArduinoSketch2\ArduinoCore\Debug\libArduinoCore.a(HardwareSerial0.o)
                               0x1408 (size before relaxing)
 .debug_str     0x000024fc       0x47 C:\Users\syngr\senior-design\Occupancy\ArduinoSketch2\ArduinoCore\Debug\libArduinoCore.a(HardwareSerial1.o)
                               0x1409 (size before relaxing)
 .debug_str     0x00002543       0x37 C:\Users\syngr\senior-design\Occupancy\ArduinoSketch2\ArduinoCore\Debug\libArduinoCore.a(main.o)
                                0x2b4 (size before relaxing)
 .debug_str     0x0000257a      0x35c C:\Users\syngr\senior-design\Occupancy\ArduinoSketch2\ArduinoCore\Debug\libArduinoCore.a(Print.o)
                               0x1242 (size before relaxing)
 .debug_str     0x000028d6      0x164 C:\Users\syngr\senior-design\Occupancy\ArduinoSketch2\ArduinoCore\Debug\libArduinoCore.a(wiring.o)
                                0x24a (size before relaxing)
 .debug_str     0x00002a3a       0xbb C:\Users\syngr\senior-design\Occupancy\ArduinoSketch2\ArduinoCore\Debug\libArduinoCore.a(wiring_digital.o)
                                0x2af (size before relaxing)
 .debug_str     0x00002af5      0x3ed C:\Users\syngr\senior-design\Occupancy\ArduinoSketch2\ArduinoCore\Debug\libArduinoCore.a(WString.o)
                               0x1195 (size before relaxing)
 .debug_str     0x00002ee2      0x31d C:\Users\syngr\senior-design\Occupancy\ArduinoSketch2\ArduinoCore\Debug\libArduinoCore.a(Adafruit_AMG88xx.o)
                                0xcf9 (size before relaxing)
 .debug_str     0x000031ff       0x86 C:\Users\syngr\senior-design\Occupancy\ArduinoSketch2\ArduinoCore\Debug\libArduinoCore.a(hcsr04.o)
                                0xfef (size before relaxing)
 .debug_str     0x00003285      0x4dd C:\Users\syngr\senior-design\Occupancy\ArduinoSketch2\ArduinoCore\Debug\libArduinoCore.a(Wire.o)
                               0x18c1 (size before relaxing)
 .debug_str     0x00003762       0x1c C:\Users\syngr\senior-design\Occupancy\ArduinoSketch2\ArduinoCore\Debug\libArduinoCore.a(hooks.o)
                                0x13f (size before relaxing)
 .debug_str     0x0000377e      0x151 C:\Users\syngr\senior-design\Occupancy\ArduinoSketch2\ArduinoCore\Debug\libArduinoCore.a(twi.o)
                                0x3ca (size before relaxing)

.debug_loc      0x00000000     0x9740
 *(.debug_loc)
 .debug_loc     0x00000000      0x13a Camera.o
 .debug_loc     0x0000013a      0x252 Sketch.o
 .debug_loc     0x0000038c      0x4dc C:\Users\syngr\senior-design\Occupancy\ArduinoSketch2\ArduinoCore\Debug\libArduinoCore.a(HardwareSerial.o)
 .debug_loc     0x00000868      0x1b0 C:\Users\syngr\senior-design\Occupancy\ArduinoSketch2\ArduinoCore\Debug\libArduinoCore.a(HardwareSerial0.o)
 .debug_loc     0x00000a18      0x1b0 C:\Users\syngr\senior-design\Occupancy\ArduinoSketch2\ArduinoCore\Debug\libArduinoCore.a(HardwareSerial1.o)
 .debug_loc     0x00000bc8     0x1c87 C:\Users\syngr\senior-design\Occupancy\ArduinoSketch2\ArduinoCore\Debug\libArduinoCore.a(Print.o)
 .debug_loc     0x0000284f      0x28d C:\Users\syngr\senior-design\Occupancy\ArduinoSketch2\ArduinoCore\Debug\libArduinoCore.a(wiring.o)
 .debug_loc     0x00002adc      0x56b C:\Users\syngr\senior-design\Occupancy\ArduinoSketch2\ArduinoCore\Debug\libArduinoCore.a(wiring_digital.o)
 .debug_loc     0x00003047     0x423d C:\Users\syngr\senior-design\Occupancy\ArduinoSketch2\ArduinoCore\Debug\libArduinoCore.a(WString.o)
 .debug_loc     0x00007284     0x1023 C:\Users\syngr\senior-design\Occupancy\ArduinoSketch2\ArduinoCore\Debug\libArduinoCore.a(Adafruit_AMG88xx.o)
 .debug_loc     0x000082a7      0x4cd C:\Users\syngr\senior-design\Occupancy\ArduinoSketch2\ArduinoCore\Debug\libArduinoCore.a(hcsr04.o)
 .debug_loc     0x00008774      0xbe6 C:\Users\syngr\senior-design\Occupancy\ArduinoSketch2\ArduinoCore\Debug\libArduinoCore.a(Wire.o)
 .debug_loc     0x0000935a      0x3e6 C:\Users\syngr\senior-design\Occupancy\ArduinoSketch2\ArduinoCore\Debug\libArduinoCore.a(twi.o)

.debug_macinfo
 *(.debug_macinfo)

.debug_weaknames
 *(.debug_weaknames)

.debug_funcnames
 *(.debug_funcnames)

.debug_typenames
 *(.debug_typenames)

.debug_varnames
 *(.debug_varnames)

.debug_pubtypes
 *(.debug_pubtypes)

.debug_ranges   0x00000000      0x7f0
 *(.debug_ranges)
 .debug_ranges  0x00000000       0x18 Camera.o
 .debug_ranges  0x00000018       0x40 Sketch.o
 .debug_ranges  0x00000058       0x58 C:\Users\syngr\senior-design\Occupancy\ArduinoSketch2\ArduinoCore\Debug\libArduinoCore.a(HardwareSerial.o)
 .debug_ranges  0x000000b0       0x38 C:\Users\syngr\senior-design\Occupancy\ArduinoSketch2\ArduinoCore\Debug\libArduinoCore.a(HardwareSerial0.o)
 .debug_ranges  0x000000e8       0x38 C:\Users\syngr\senior-design\Occupancy\ArduinoSketch2\ArduinoCore\Debug\libArduinoCore.a(HardwareSerial1.o)
 .debug_ranges  0x00000120       0x20 C:\Users\syngr\senior-design\Occupancy\ArduinoSketch2\ArduinoCore\Debug\libArduinoCore.a(main.o)
 .debug_ranges  0x00000140      0x120 C:\Users\syngr\senior-design\Occupancy\ArduinoSketch2\ArduinoCore\Debug\libArduinoCore.a(Print.o)
 .debug_ranges  0x00000260       0x38 C:\Users\syngr\senior-design\Occupancy\ArduinoSketch2\ArduinoCore\Debug\libArduinoCore.a(wiring.o)
 .debug_ranges  0x00000298       0x28 C:\Users\syngr\senior-design\Occupancy\ArduinoSketch2\ArduinoCore\Debug\libArduinoCore.a(wiring_digital.o)
 .debug_ranges  0x000002c0      0x2f8 C:\Users\syngr\senior-design\Occupancy\ArduinoSketch2\ArduinoCore\Debug\libArduinoCore.a(WString.o)
 .debug_ranges  0x000005b8       0x98 C:\Users\syngr\senior-design\Occupancy\ArduinoSketch2\ArduinoCore\Debug\libArduinoCore.a(Adafruit_AMG88xx.o)
 .debug_ranges  0x00000650       0x38 C:\Users\syngr\senior-design\Occupancy\ArduinoSketch2\ArduinoCore\Debug\libArduinoCore.a(hcsr04.o)
 .debug_ranges  0x00000688       0xe8 C:\Users\syngr\senior-design\Occupancy\ArduinoSketch2\ArduinoCore\Debug\libArduinoCore.a(Wire.o)
 .debug_ranges  0x00000770       0x10 C:\Users\syngr\senior-design\Occupancy\ArduinoSketch2\ArduinoCore\Debug\libArduinoCore.a(hooks.o)
 .debug_ranges  0x00000780       0x70 C:\Users\syngr\senior-design\Occupancy\ArduinoSketch2\ArduinoCore\Debug\libArduinoCore.a(twi.o)

.debug_macro
 *(.debug_macro)
OUTPUT(SDP_test_sketch.elf elf32-avr)
LOAD linker stubs
