Archive member included to satisfy reference by file (symbol)

c:/program files (x86)/atmel/studio/7.0/toolchain/avr8/avr8-gnu-toolchain/bin/../lib/gcc/avr/5.4.0/../../../../avr/lib/avr6\libm.a(addsf3.o)
                              SparkFun_HIH4030.o (__subsf3)
c:/program files (x86)/atmel/studio/7.0/toolchain/avr8/avr8-gnu-toolchain/bin/../lib/gcc/avr/5.4.0/../../../../avr/lib/avr6\libm.a(addsf3x.o)
                              c:/program files (x86)/atmel/studio/7.0/toolchain/avr8/avr8-gnu-toolchain/bin/../lib/gcc/avr/5.4.0/../../../../avr/lib/avr6\libm.a(addsf3.o) (__addsf3x)
c:/program files (x86)/atmel/studio/7.0/toolchain/avr8/avr8-gnu-toolchain/bin/../lib/gcc/avr/5.4.0/../../../../avr/lib/avr6\libm.a(cmpsf2.o)
                              MAIN.o (__ltsf2)
c:/program files (x86)/atmel/studio/7.0/toolchain/avr8/avr8-gnu-toolchain/bin/../lib/gcc/avr/5.4.0/../../../../avr/lib/avr6\libm.a(divsf3.o)
                              Accelerometer.o (__divsf3)
c:/program files (x86)/atmel/studio/7.0/toolchain/avr8/avr8-gnu-toolchain/bin/../lib/gcc/avr/5.4.0/../../../../avr/lib/avr6\libm.a(divsf3x.o)
                              c:/program files (x86)/atmel/studio/7.0/toolchain/avr8/avr8-gnu-toolchain/bin/../lib/gcc/avr/5.4.0/../../../../avr/lib/avr6\libm.a(divsf3.o) (__divsf3x)
c:/program files (x86)/atmel/studio/7.0/toolchain/avr8/avr8-gnu-toolchain/bin/../lib/gcc/avr/5.4.0/../../../../avr/lib/avr6\libm.a(fixsfsi.o)
                              GPS.o (__fixsfsi)
c:/program files (x86)/atmel/studio/7.0/toolchain/avr8/avr8-gnu-toolchain/bin/../lib/gcc/avr/5.4.0/../../../../avr/lib/avr6\libm.a(fixunssfsi.o)
                              c:/program files (x86)/atmel/studio/7.0/toolchain/avr8/avr8-gnu-toolchain/bin/../lib/gcc/avr/5.4.0/../../../../avr/lib/avr6\libm.a(fixsfsi.o) (__fixunssfsi)
c:/program files (x86)/atmel/studio/7.0/toolchain/avr8/avr8-gnu-toolchain/bin/../lib/gcc/avr/5.4.0/../../../../avr/lib/avr6\libm.a(floatsisf.o)
                              Accelerometer.o (__floatsisf)
c:/program files (x86)/atmel/studio/7.0/toolchain/avr8/avr8-gnu-toolchain/bin/../lib/gcc/avr/5.4.0/../../../../avr/lib/avr6\libm.a(fp_cmp.o)
                              c:/program files (x86)/atmel/studio/7.0/toolchain/avr8/avr8-gnu-toolchain/bin/../lib/gcc/avr/5.4.0/../../../../avr/lib/avr6\libm.a(cmpsf2.o) (__fp_cmp)
c:/program files (x86)/atmel/studio/7.0/toolchain/avr8/avr8-gnu-toolchain/bin/../lib/gcc/avr/5.4.0/../../../../avr/lib/avr6\libm.a(fp_inf.o)
                              c:/program files (x86)/atmel/studio/7.0/toolchain/avr8/avr8-gnu-toolchain/bin/../lib/gcc/avr/5.4.0/../../../../avr/lib/avr6\libm.a(addsf3x.o) (__fp_inf)
c:/program files (x86)/atmel/studio/7.0/toolchain/avr8/avr8-gnu-toolchain/bin/../lib/gcc/avr/5.4.0/../../../../avr/lib/avr6\libm.a(fp_nan.o)
                              c:/program files (x86)/atmel/studio/7.0/toolchain/avr8/avr8-gnu-toolchain/bin/../lib/gcc/avr/5.4.0/../../../../avr/lib/avr6\libm.a(addsf3x.o) (__fp_nan)
c:/program files (x86)/atmel/studio/7.0/toolchain/avr8/avr8-gnu-toolchain/bin/../lib/gcc/avr/5.4.0/../../../../avr/lib/avr6\libm.a(fp_pscA.o)
                              c:/program files (x86)/atmel/studio/7.0/toolchain/avr8/avr8-gnu-toolchain/bin/../lib/gcc/avr/5.4.0/../../../../avr/lib/avr6\libm.a(addsf3x.o) (__fp_pscA)
c:/program files (x86)/atmel/studio/7.0/toolchain/avr8/avr8-gnu-toolchain/bin/../lib/gcc/avr/5.4.0/../../../../avr/lib/avr6\libm.a(fp_pscB.o)
                              c:/program files (x86)/atmel/studio/7.0/toolchain/avr8/avr8-gnu-toolchain/bin/../lib/gcc/avr/5.4.0/../../../../avr/lib/avr6\libm.a(addsf3x.o) (__fp_pscB)
c:/program files (x86)/atmel/studio/7.0/toolchain/avr8/avr8-gnu-toolchain/bin/../lib/gcc/avr/5.4.0/../../../../avr/lib/avr6\libm.a(fp_round.o)
                              c:/program files (x86)/atmel/studio/7.0/toolchain/avr8/avr8-gnu-toolchain/bin/../lib/gcc/avr/5.4.0/../../../../avr/lib/avr6\libm.a(addsf3.o) (__fp_round)
c:/program files (x86)/atmel/studio/7.0/toolchain/avr8/avr8-gnu-toolchain/bin/../lib/gcc/avr/5.4.0/../../../../avr/lib/avr6\libm.a(fp_split3.o)
                              c:/program files (x86)/atmel/studio/7.0/toolchain/avr8/avr8-gnu-toolchain/bin/../lib/gcc/avr/5.4.0/../../../../avr/lib/avr6\libm.a(addsf3x.o) (__fp_split3)
c:/program files (x86)/atmel/studio/7.0/toolchain/avr8/avr8-gnu-toolchain/bin/../lib/gcc/avr/5.4.0/../../../../avr/lib/avr6\libm.a(fp_zero.o)
                              c:/program files (x86)/atmel/studio/7.0/toolchain/avr8/avr8-gnu-toolchain/bin/../lib/gcc/avr/5.4.0/../../../../avr/lib/avr6\libm.a(addsf3x.o) (__fp_zero)
c:/program files (x86)/atmel/studio/7.0/toolchain/avr8/avr8-gnu-toolchain/bin/../lib/gcc/avr/5.4.0/../../../../avr/lib/avr6\libm.a(gesf2.o)
                              MAIN.o (__gesf2)
c:/program files (x86)/atmel/studio/7.0/toolchain/avr8/avr8-gnu-toolchain/bin/../lib/gcc/avr/5.4.0/../../../../avr/lib/avr6\libm.a(mulsf3.o)
[...]
Memory Configuration

Name             Origin             Length             Attributes
text             0x00000000         0x00100000         xr
data             0x00800200         0x0000fe00         rw !x
eeprom           0x00810000         0x00010000         rw !x
fuse             0x00820000         0x00000003         rw !x
lock             0x00830000         0x00000400         rw !x
signature        0x00840000         0x00000400         rw !x
user_signatures  0x00850000         0x00000400         rw !x
*default*        0x00000000         0xffffffff

Linker script and memory map

Address of section .data set to 0x800200
LOAD C:/Program Files (x86)/Atmel/Studio/7.0/Packs/atmel/ATmega_DFP/1.3.300/gcc/dev/atmega2560/avr6/crtatmega2560.o
LOAD Accelerometer.o
LOAD Fona.o
LOAD GPS.o
LOAD MAIN.o
LOAD IR_cam.o
LOAD SparkFun_HIH4030.o
LOAD Temp_Humidity.o
LOAD TMP36.o
START GROUP
LOAD c:/program files (x86)/atmel/studio/7.0/toolchain/avr8/avr8-gnu-toolchain/bin/../lib/gcc/avr/5.4.0/../../../../avr/lib/avr6\libm.a
LOAD D:\senior-design\Occupancy_algorithm_working\Occupancy_algorithm\ArduinoCore\Debug\libArduinoCore.a
END GROUP
LOAD c:/program files (x86)/atmel/studio/7.0/toolchain/avr8/avr8-gnu-toolchain/bin/../lib/gcc/avr/5.4.0/avr6\libgcc.a
LOAD c:/program files (x86)/atmel/studio/7.0/toolchain/avr8/avr8-gnu-toolchain/bin/../lib/gcc/avr/5.4.0/../../../../avr/lib/avr6\libm.a
START GROUP
LOAD c:/program files (x86)/atmel/studio/7.0/toolchain/avr8/avr8-gnu-toolchain/bin/../lib/gcc/avr/5.4.0/avr6\libgcc.a
LOAD c:/program files (x86)/atmel/studio/7.0/toolchain/avr8/avr8-gnu-toolchain/bin/../lib/gcc/avr/5.4.0/../../../../avr/lib/avr6\libm.a
LOAD c:/program files (x86)/atmel/studio/7.0/toolchain/avr8/avr8-gnu-toolchain/bin/../lib/gcc/avr/5.4.0/../../../../avr/lib/avr6\libc.a
LOAD C:/Program Files (x86)/Atmel/Studio/7.0/Packs/atmel/ATmega_DFP/1.3.300/gcc/dev/atmega2560/avr6\libatmega2560.a
END GROUP
                0x00000000                __TEXT_REGION_ORIGIN__ = DEFINED (__TEXT_REGION_ORIGIN__)?__TEXT_REGION_ORIGIN__:0x0
                0x00800200                __DATA_REGION_ORIGIN__ = DEFINED (__DATA_REGION_ORIGIN__)?__DATA_REGION_ORIGIN__:0x800200
                0x00100000                __TEXT_REGION_LENGTH__ = DEFINED (__TEXT_REGION_LENGTH__)?__TEXT_REGION_LENGTH__:0x100000
                0x0000fe00                __DATA_REGION_LENGTH__ = DEFINED (__DATA_REGION_LENGTH__)?__DATA_REGION_LENGTH__:0xfe00
                0x00010000                __EEPROM_REGION_LENGTH__ = DEFINED (__EEPROM_REGION_LENGTH__)?__EEPROM_REGION_LENGTH__:0x10000
                [0x00000003]                __FUSE_REGION_LENGTH__ = DEFINED (__FUSE_REGION_LENGTH__)?__FUSE_REGION_LENGTH__:0x400
                0x00000400                __LOCK_REGION_LENGTH__ = DEFINED (__LOCK_REGION_LENGTH__)?__LOCK_REGION_LENGTH__:0x400
                0x00000400                __SIGNATURE_REGION_LENGTH__ = DEFINED (__SIGNATURE_REGION_LENGTH__)?__SIGNATURE_REGION_LENGTH__:0x400
                0x00000400                __USER_SIGNATURE_REGION_LENGTH__ = DEFINED (__USER_SIGNATURE_REGION_LENGTH__)?__USER_SIGNATURE_REGION_LENGTH__:0x400

.hash
 *(.hash)

.dynsym
 *(.dynsym)

.dynstr
 *(.dynstr)

.gnu.version
 *(.gnu.version)

.gnu.version_d
 *(.gnu.version_d)

.gnu.version_r
 *(.gnu.version_r)

.rel.init
 *(.rel.init)

.rela.init
 *(.rela.init)

.rel.text
 *(.rel.text)
 *(.rel.text.*)
 *(.rel.gnu.linkonce.t*)

.rela.text
 *(.rela.text)
 *(.rela.text.*)
 *(.rela.gnu.linkonce.t*)

.rel.fini
 *(.rel.fini)

.rela.fini
 *(.rela.fini)

.rel.rodata
 *(.rel.rodata)
 *(.rel.rodata.*)
 *(.rel.gnu.linkonce.r*)

.rela.rodata
 *(.rela.rodata)
 *(.rela.rodata.*)
 *(.rela.gnu.linkonce.r*)

.rel.data
 *(.rel.data)
 *(.rel.data.*)
 *(.rel.gnu.linkonce.d*)

.rela.data
 *(.rela.data)
 *(.rela.data.*)
 *(.rela.gnu.linkonce.d*)

.rel.ctors
 *(.rel.ctors)

.rela.ctors
 *(.rela.ctors)

.rel.dtors
 *(.rel.dtors)

.rela.dtors
 *(.rela.dtors)

.rel.got
 *(.rel.got)

.rela.got
 *(.rela.got)

.rel.bss
 *(.rel.bss)

.rela.bss
 *(.rela.bss)

.rel.plt
 *(.rel.plt)

.rela.plt
 *(.rela.plt)

.text           0x00000000     0x9126
 *(.vectors)
 .vectors       0x00000000       0xe4 C:/Program Files (x86)/Atmel/Studio/7.0/Packs/atmel/ATmega_DFP/1.3.300/gcc/dev/atmega2560/avr6/crtatmega2560.o
                0x00000000                __vector_default
                0x00000000                __vectors
 *(.vectors)
 *(.progmem.gcc*)
 .progmem.gcc_sw_table.loop
                0x000000e4       0x14 MAIN.o
 .progmem.gcc_sw_table.turnOffPWM
                0x000000f8       0x24 D:\senior-design\Occupancy_algorithm_working\Occupancy_algorithm\ArduinoCore\Debug\libArduinoCore.a(wiring_digital.o)
                0x0000011c                . = ALIGN (0x2)
                0x0000011c                __trampolines_start = .
 *(.trampolines)
 .trampolines   0x0000011c        0x0 linker stubs
 *(.trampolines*)
                0x0000011c                __trampolines_end = .
 *libprintf_flt.a:*(.progmem.data)
 *libc.a:*(.progmem.data)
 .progmem.data  0x0000011c        0xc c:/program files (x86)/atmel/studio/7.0/toolchain/avr8/avr8-gnu-toolchain/bin/../lib/gcc/avr/5.4.0/../../../../avr/lib/avr6\libc.a(vfscanf_std.o)
 .progmem.data  0x00000128       0x3b c:/program files (x86)/atmel/studio/7.0/toolchain/avr8/avr8-gnu-toolchain/bin/../lib/gcc/avr/5.4.0/../../../../avr/lib/avr6\libc.a(strtod.o)
 *(.progmem*)
 .progmem.data._ZZ13Fona_Send_smsvE3__c
                0x00000163        0xc Fona.o
 .progmem.data._ZZ5setupE3__c
                0x0000016f        0xb MAIN.o
 .progmem.data.digital_pin_to_timer_PGM
                0x0000017a       0x46 D:\senior-design\Occupancy_algorithm_working\Occupancy_algorithm\ArduinoCore\Debug\libArduinoCore.a(wiring_digital.o)
                0x0000017a                digital_pin_to_timer_PGM
 .progmem.data.digital_pin_to_bit_mask_PGM
                0x000001c0       0x46 D:\senior-design\Occupancy_algorithm_working\Occupancy_algorithm\ArduinoCore\Debug\libArduinoCore.a(wiring_digital.o)
                0x000001c0                digital_pin_to_bit_mask_PGM
 .progmem.data.digital_pin_to_port_PGM
                0x00000206       0x46 D:\senior-design\Occupancy_algorithm_working\Occupancy_algorithm\ArduinoCore\Debug\libArduinoCore.a(wiring_digital.o)
                0x00000206                digital_pin_to_port_PGM
 .progmem.data.port_to_input_PGM
                0x0000024c       0x1a D:\senior-design\Occupancy_algorithm_working\Occupancy_algorithm\ArduinoCore\Debug\libArduinoCore.a(wiring_digital.o)
                0x0000024c                port_to_input_PGM
 .progmem.data.port_to_output_PGM
                0x00000266       0x1a D:\senior-design\Occupancy_algorithm_working\Occupancy_algorithm\ArduinoCore\Debug\libArduinoCore.a(wiring_digital.o)
                0x00000266                port_to_output_PGM
 .progmem.data.port_to_mode_PGM
                0x00000280       0x1a D:\senior-design\Occupancy_algorithm_working\Occupancy_algorithm\ArduinoCore\Debug\libArduinoCore.a(wiring_digital.o)
                0x00000280                port_to_mode_PGM
 .progmem.data._ZZN13Adafruit_FONA8getReplyEPK19__FlashStringHelperjE3__c_0
                0x0000029a        0x7 D:\senior-design\Occupancy_algorithm_working\Occupancy_algorithm\ArduinoCore\Debug\libArduinoCore.a(Adafruit_FONA.o)
 .progmem.data._ZZN13Adafruit_FONA8getReplyEPK19__FlashStringHelperjE3__c
                0x000002a1        0x7 D:\senior-design\Occupancy_algorithm_working\Occupancy_algorithm\ArduinoCore\Debug\libArduinoCore.a(Adafruit_FONA.o)
 .progmem.data._ZZN13Adafruit_FONA8getReplyEPcjE3__c_0
                0x000002a8        0x7 D:\senior-design\Occupancy_algorithm_working\Occupancy_algorithm\ArduinoCore\Debug\libArduinoCore.a(Adafruit_FONA.o)
 .progmem.data._ZZN13Adafruit_FONA8getReplyEPcjE3__c
                0x000002af        0x7 D:\senior-design\Occupancy_algorithm_working\Occupancy_algorithm\ArduinoCore\Debug\libArduinoCore.a(Adafruit_FONA.o)
 .progmem.data._ZZN13Adafruit_FONA9deleteSMSEhE3__c
                0x000002b6        0xa D:\senior-design\Occupancy_algorithm_working\Occupancy_algorithm\ArduinoCore\Debug\libArduinoCore.a(Adafruit_FONA.o)
 .progmem.data._ZZN13Adafruit_FONA7sendSMSEPcS0_E3__c_1
                0x000002c0        0x3 D:\senior-design\Occupancy_algorithm_working\Occupancy_algorithm\ArduinoCore\Debug\libArduinoCore.a(Adafruit_FONA.o)
 .progmem.data._ZZN13Adafruit_FONA7sendSMSEPcS0_E3__c_0
                0x000002c3        0x3 D:\senior-design\Occupancy_algorithm_working\Occupancy_algorithm\ArduinoCore\Debug\libArduinoCore.a(Adafruit_FONA.o)
 .progmem.data._ZZN13Adafruit_FONA7sendSMSEPcS0_E3__c
                0x000002c6        0xa D:\senior-design\Occupancy_algorithm_working\Occupancy_algorithm\ArduinoCore\Debug\libArduinoCore.a(Adafruit_FONA.o)
 .progmem.data._ZZN13Adafruit_FONA12getSMSSenderEhPciE3__c_3
                0x000002d0        0x7 D:\senior-design\Occupancy_algorithm_working\Occupancy_algorithm\ArduinoCore\Debug\libArduinoCore.a(Adafruit_FONA.o)
 .progmem.data._ZZN13Adafruit_FONA12getSMSSenderEhPciE3__c_2
                0x000002d7        0x9 D:\senior-design\Occupancy_algorithm_working\Occupancy_algorithm\ArduinoCore\Debug\libArduinoCore.a(Adafruit_FONA.o)
 .progmem.data._ZZN13Adafruit_FONA12getSMSSenderEhPciE3__c_1
                0x000002e0        0x9 D:\senior-design\Occupancy_algorithm_working\Occupancy_algorithm\ArduinoCore\Debug\libArduinoCore.a(Adafruit_FONA.o)
 .progmem.data._ZZN13Adafruit_FONA12getSMSSenderEhPciE3__c_0
                0x000002e9        0xa D:\senior-design\Occupancy_algorithm_working\Occupancy_algorithm\ArduinoCore\Debug\libArduinoCore.a(Adafruit_FONA.o)
 .progmem.data._ZZN13Adafruit_FONA12getSMSSenderEhPciE3__c
                0x000002f3        0xa D:\senior-design\Occupancy_algorithm_working\Occupancy_algorithm\ArduinoCore\Debug\libArduinoCore.a(Adafruit_FONA.o)
 .progmem.data._ZZN13Adafruit_FONA7readSMSEhPcjPjE3__c_3
                0x000002fd        0x7 D:\senior-design\Occupancy_algorithm_working\Occupancy_algorithm\ArduinoCore\Debug\libArduinoCore.a(Adafruit_FONA.o)
 .progmem.data._ZZN13Adafruit_FONA7readSMSEhPcjPjE3__c_2
                0x00000304        0x9 D:\senior-design\Occupancy_algorithm_working\Occupancy_algorithm\ArduinoCore\Debug\libArduinoCore.a(Adafruit_FONA.o)
 .progmem.data._ZZN13Adafruit_FONA7readSMSEhPcjPjE3__c_1
                0x0000030d        0x9 D:\senior-design\Occupancy_algorithm_working\Occupancy_algorithm\ArduinoCore\Debug\libArduinoCore.a(Adafruit_FONA.o)
 .progmem.data._ZZN13Adafruit_FONA7readSMSEhPcjPjE3__c_0
                0x00000316        0xa D:\senior-design\Occupancy_algorithm_working\Occupancy_algorithm\ArduinoCore\Debug\libArduinoCore.a(Adafruit_FONA.o)
 .progmem.data._ZZN13Adafruit_FONA7readSMSEhPcjPjE3__c
                0x00000320        0xa D:\senior-design\Occupancy_algorithm_working\Occupancy_algorithm\ArduinoCore\Debug\libArduinoCore.a(Adafruit_FONA.o)
 .progmem.data._ZZN13Adafruit_FONA5beginER6StreamE3__c_20
                0x0000032a       0x17 D:\senior-design\Occupancy_algorithm_working\Occupancy_algorithm\ArduinoCore\Debug\libArduinoCore.a(Adafruit_FONA.o)
 .progmem.data._ZZN13Adafruit_FONA5beginER6StreamE3__c_19
                0x00000341        0x8 D:\senior-design\Occupancy_algorithm_working\Occupancy_algorithm\ArduinoCore\Debug\libArduinoCore.a(Adafruit_FONA.o)
 .progmem.data._ZZN13Adafruit_FONA5beginER6StreamE3__c_18
                0x00000349        0x7 D:\senior-design\Occupancy_algorithm_working\Occupancy_algorithm\ArduinoCore\Debug\libArduinoCore.a(Adafruit_FONA.o)
 .progmem.data._ZZN13Adafruit_FONA5beginER6StreamE3__c_17
                0x00000350        0x7 D:\senior-design\Occupancy_algorithm_working\Occupancy_algorithm\ArduinoCore\Debug\libArduinoCore.a(Adafruit_FONA.o)
 .progmem.data._ZZN13Adafruit_FONA5beginER6StreamE3__c_16
                0x00000357       0x10 D:\senior-design\Occupancy_algorithm_working\Occupancy_algorithm\ArduinoCore\Debug\libArduinoCore.a(Adafruit_FONA.o)
 .progmem.data._ZZN13Adafruit_FONA5beginER6StreamE3__c_15
                0x00000367       0x10 D:\senior-design\Occupancy_algorithm_working\Occupancy_algorithm\ArduinoCore\Debug\libArduinoCore.a(Adafruit_FONA.o)
 .progmem.data._ZZN13Adafruit_FONA5beginER6StreamE3__c_14
                0x00000377        0xb D:\senior-design\Occupancy_algorithm_working\Occupancy_algorithm\ArduinoCore\Debug\libArduinoCore.a(Adafruit_FONA.o)
 .progmem.data._ZZN13Adafruit_FONA5beginER6StreamE3__c_13
                0x00000382        0xb D:\senior-design\Occupancy_algorithm_working\Occupancy_algorithm\ArduinoCore\Debug\libArduinoCore.a(Adafruit_FONA.o)
 .progmem.data._ZZN13Adafruit_FONA5beginER6StreamE3__c_12
                0x0000038d        0xb D:\senior-design\Occupancy_algorithm_working\Occupancy_algorithm\ArduinoCore\Debug\libArduinoCore.a(Adafruit_FONA.o)
 .progmem.data._ZZN13Adafruit_FONA5beginER6StreamE3__c_11
                0x00000398        0x7 D:\senior-design\Occupancy_algorithm_working\Occupancy_algorithm\ArduinoCore\Debug\libArduinoCore.a(Adafruit_FONA.o)
 .progmem.data._ZZN13Adafruit_FONA5beginER6StreamE3__c_10
                0x0000039f        0x7 D:\senior-design\Occupancy_algorithm_working\Occupancy_algorithm\ArduinoCore\Debug\libArduinoCore.a(Adafruit_FONA.o)
 .progmem.data._ZZN13Adafruit_FONA5beginER6StreamE3__c_9
                0x000003a6        0xa D:\senior-design\Occupancy_algorithm_working\Occupancy_algorithm\ArduinoCore\Debug\libArduinoCore.a(Adafruit_FONA.o)
 .progmem.data._ZZN13Adafruit_FONA5beginER6StreamE3__c_8
                0x000003b0        0x5 D:\senior-design\Occupancy_algorithm_working\Occupancy_algorithm\ArduinoCore\Debug\libArduinoCore.a(Adafruit_FONA.o)
 .progmem.data._ZZN13Adafruit_FONA5beginER6StreamE3__c_7
                0x000003b5        0x5 D:\senior-design\Occupancy_algorithm_working\Occupancy_algorithm\ArduinoCore\Debug\libArduinoCore.a(Adafruit_FONA.o)
 .progmem.data._ZZN13Adafruit_FONA5beginER6StreamE3__c_6
                0x000003ba        0x3 D:\senior-design\Occupancy_algorithm_working\Occupancy_algorithm\ArduinoCore\Debug\libArduinoCore.a(Adafruit_FONA.o)
 .progmem.data._ZZN13Adafruit_FONA5beginER6StreamE3__c_5
                0x000003bd        0x3 D:\senior-design\Occupancy_algorithm_working\Occupancy_algorithm\ArduinoCore\Debug\libArduinoCore.a(Adafruit_FONA.o)
 .progmem.data._ZZN13Adafruit_FONA5beginER6StreamE3__c_4
                0x000003c0        0x3 D:\senior-design\Occupancy_algorithm_working\Occupancy_algorithm\ArduinoCore\Debug\libArduinoCore.a(Adafruit_FONA.o)
 .progmem.data._ZZN13Adafruit_FONA5beginER6StreamE3__c_3
                0x000003c3       0x32 D:\senior-design\Occupancy_algorithm_working\Occupancy_algorithm\ArduinoCore\Debug\libArduinoCore.a(Adafruit_FONA.o)
 .progmem.data._ZZN13Adafruit_FONA5beginER6StreamE3__c_1
                0x000003f5        0x3 D:\senior-design\Occupancy_algorithm_working\Occupancy_algorithm\ArduinoCore\Debug\libArduinoCore.a(Adafruit_FONA.o)
 .progmem.data._ZZN13Adafruit_FONA5beginER6StreamE3__c_2
                0x000003f8        0x3 D:\senior-design\Occupancy_algorithm_working\Occupancy_algorithm\ArduinoCore\Debug\libArduinoCore.a(Adafruit_FONA.o)
 .progmem.data._ZZN13Adafruit_FONA5beginER6StreamE3__c_0
                0x000003fb        0x3 D:\senior-design\Occupancy_algorithm_working\Occupancy_algorithm\ArduinoCore\Debug\libArduinoCore.a(Adafruit_FONA.o)
 .progmem.data._ZZN13Adafruit_FONA5beginER6StreamE3__c
                0x000003fe       0x21 D:\senior-design\Occupancy_algorithm_working\Occupancy_algorithm\ArduinoCore\Debug\libArduinoCore.a(Adafruit_FONA.o)
 .progmem.data._ZZN13Adafruit_FONAC4EaE3__c_1
                0x0000041f        0x3 D:\senior-design\Occupancy_algorithm_working\Occupancy_algorithm\ArduinoCore\Debug\libArduinoCore.a(Adafruit_FONA.o)
 .progmem.data._ZZN13Adafruit_FONAC4EaE3__c_0
                0x00000422        0x5 D:\senior-design\Occupancy_algorithm_working\Occupancy_algorithm\ArduinoCore\Debug\libArduinoCore.a(Adafruit_FONA.o)
 .progmem.data._ZZN13Adafruit_FONAC4EaE3__c
                0x00000427        0x8 D:\senior-design\Occupancy_algorithm_working\Occupancy_algorithm\ArduinoCore\Debug\libArduinoCore.a(Adafruit_FONA.o)
 .progmem.data._ZL4font
                0x0000042f      0x500 D:\senior-design\Occupancy_algorithm_working\Occupancy_algorithm\ArduinoCore\Debug\libArduinoCore.a(Adafruit_GFX.o)
                0x00000930                . = ALIGN (0x2)
 *fill*         0x0000092f        0x1 
 *(.jumptables)
 *(.jumptables*)
 *(.lowtext)
 *(.lowtext*)
                0x00000930                __ctors_start = .
 *(.ctors)
 .ctors         0x00000930        0x2 Fona.o
 .ctors         0x00000932        0x2 GPS.o
 .ctors         0x00000934        0x2 MAIN.o
 .ctors         0x00000936        0x2 IR_cam.o
 .ctors         0x00000938        0x2 Temp_Humidity.o
 .ctors         0x0000093a        0x2 D:\senior-design\Occupancy_algorithm_working\Occupancy_algorithm\ArduinoCore\Debug\libArduinoCore.a(HardwareSerial0.o)
 .ctors         0x0000093c        0x2 D:\senior-design\Occupancy_algorithm_working\Occupancy_algorithm\ArduinoCore\Debug\libArduinoCore.a(HardwareSerial1.o)
 .ctors         0x0000093e        0x2 D:\senior-design\Occupancy_algorithm_working\Occupancy_algorithm\ArduinoCore\Debug\libArduinoCore.a(HardwareSerial2.o)
 .ctors         0x00000940        0x2 D:\senior-design\Occupancy_algorithm_working\Occupancy_algorithm\ArduinoCore\Debug\libArduinoCore.a(HardwareSerial3.o)
 .ctors         0x00000942        0x2 D:\senior-design\Occupancy_algorithm_working\Occupancy_algorithm\ArduinoCore\Debug\libArduinoCore.a(Wire.o)
                0x00000944                __ctors_end = .
                0x00000944                __dtors_start = .
 *(.dtors)
                0x00000944                __dtors_end = .
 SORT(*)(.ctors)
 SORT(*)(.dtors)
 *(.init0)
 .init0         0x00000944        0x0 C:/Program Files (x86)/Atmel/Studio/7.0/Packs/atmel/ATmega_DFP/1.3.300/gcc/dev/atmega2560/avr6/crtatmega2560.o
                0x00000944                __init
 *(.init0)
 *(.init1)
 *(.init1)
 *(.init2)
 .init2         0x00000944       0x10 C:/Program Files (x86)/Atmel/Studio/7.0/Packs/atmel/ATmega_DFP/1.3.300/gcc/dev/atmega2560/avr6/crtatmega2560.o
 *(.init2)
 *(.init3)
 *(.init3)
 *(.init4)
 .init4         0x00000954       0x1a c:/program files (x86)/atmel/studio/7.0/toolchain/avr8/avr8-gnu-toolchain/bin/../lib/gcc/avr/5.4.0/avr6\libgcc.a(_copy_data.o)
                0x00000954                __do_copy_data
 .init4         0x0000096e       0x10 c:/program files (x86)/atmel/studio/7.0/toolchain/avr8/avr8-gnu-toolchain/bin/../lib/gcc/avr/5.4.0/avr6\libgcc.a(_clear_bss.o)
                0x0000096e                __do_clear_bss
 *(.init4)
 *(.init5)
 *(.init5)
 *(.init6)
 .init6         0x0000097e       0x20 c:/program files (x86)/atmel/studio/7.0/toolchain/avr8/avr8-gnu-toolchain/bin/../lib/gcc/avr/5.4.0/avr6\libgcc.a(_ctors.o)
                0x0000097e                __do_global_ctors
 *(.init6)
 *(.init7)
 *(.init7)
 *(.init8)
 *(.init8)
 *(.init9)
 .init9         0x0000099e        0x8 C:/Program Files (x86)/Atmel/Studio/7.0/Packs/atmel/ATmega_DFP/1.3.300/gcc/dev/atmega2560/avr6/crtatmega2560.o
 *(.init9)
 *(.text)
 .text          0x000009a6        0x2 C:/Program Files (x86)/Atmel/Studio/7.0/Packs/atmel/ATmega_DFP/1.3.300/gcc/dev/atmega2560/avr6/crtatmega2560.o
                0x000009a6                __vector_38
                0x000009a6                __vector_22
                0x000009a6                __vector_28
                0x000009a6                __vector_32
                0x000009a6                __vector_34
                0x000009a6                __vector_24
                0x000009a6                __vector_12
                0x000009a6                __vector_46
                0x000009a6                __bad_interrupt
                0x000009a6                __vector_31
                0x000009a6                __vector_35
                0x000009a6                __vector_30
                0x000009a6                __vector_45
                0x000009a6                __vector_13
                0x000009a6                __vector_17
                0x000009a6                __vector_19
                0x000009a6                __vector_56
                0x000009a6                __vector_49
                0x000009a6                __vector_41
                0x000009a6                __vector_43
                0x000009a6                __vector_27
                0x000009a6                __vector_33
                0x000009a6                __vector_47
                0x000009a6                __vector_44
                0x000009a6                __vector_21
                0x000009a6                __vector_15
                0x000009a6                __vector_29
                0x000009a6                __vector_40
                0x000009a6                __vector_48
                0x000009a6                __vector_14
                0x000009a6                __vector_53
                0x000009a6                __vector_50
                0x000009a6                __vector_16
                0x000009a6                __vector_18
                0x000009a6                __vector_20
                0x000009a6                __vector_42
                0x000009a8                . = ALIGN (0x2)
 *(.text.*)
 .text._ZN7TwoWire5writeEi
                0x000009a8        0xe Accelerometer.o
                0x000009a8                _ZN7TwoWire5writeEi
 .text._Z8setupMPUv
                0x000009b6       0x78 Accelerometer.o
                0x000009b6                _Z8setupMPUv
 .text._Z16processAccelDatav
                0x00000a2e       0x86 Accelerometer.o
                0x00000a2e                _Z16processAccelDatav
 .text._Z15processGyroDatav
                0x00000ab4       0x86 Accelerometer.o
                0x00000ab4                _Z15processGyroDatav
 .text._Z20recordAccelRegistersv
                0x00000b3a       0xdc Accelerometer.o
                0x00000b3a                _Z20recordAccelRegistersv
 .text._Z19recordGyroRegistersv
                0x00000c16       0xdc Accelerometer.o
                0x00000c16                _Z19recordGyroRegistersv
 .text._Z12Get_MPU_Datav
                0x00000cf2       0x22 Accelerometer.o
                0x00000cf2                _Z12Get_MPU_Datav
 .text._ZN5Print17availableForWriteEv
                0x00000d14        0x6 Fona.o
                0x00000d14                _ZN5Print17availableForWriteEv
 .text._Z10Fona_setupv
                0x00000d1a       0x36 Fona.o
                0x00000d1a                _Z10Fona_setupv
 .text._Z16Fona_SMS_recievev
                0x00000d50       0xe0 Fona.o
                0x00000d50                _Z16Fona_SMS_recievev
 .text._Z13Fona_Send_smsv
                0x00000e30       0x54 Fona.o
                0x00000e30                _Z13Fona_Send_smsv
 .text.startup._GLOBAL__sub_I_fonaSerial
                0x00000e84       0x1c Fona.o
 .text._Z8GPS_readv
                0x00000ea0       0x9a GPS.o
                0x00000ea0                _Z8GPS_readv
 .text.startup._GLOBAL__sub_I_GPS
                0x00000f3a        0xc GPS.o
 .text._Z15Occupant_detectv
                0x00000f46      0x210 MAIN.o
                0x00000f46                _Z15Occupant_detectv
 .text.setup    0x00001156       0xdc MAIN.o
                0x00001156                setup
 .text._Z16Ping_calibrationv
                0x00001232       0x62 MAIN.o
                0x00001232                _Z16Ping_calibrationv
 .text.startup._GLOBAL__sub_I_hcsr04
                0x00001294       0x22 MAIN.o
 .text.loop     0x000012b6      0xa16 MAIN.o
                0x000012b6                loop
 .text._Z13Thermal_setupv
                0x00001ccc       0x36 IR_cam.o
                0x00001ccc                _Z13Thermal_setupv
 .text._Z12Thermal_readv
                0x00001d02      0x204 IR_cam.o
                0x00001d02                _Z12Thermal_readv
 .text.startup._GLOBAL__sub_I_displayPixelWidth
                0x00001f06        0xe IR_cam.o
 .text._ZN7HIH4030C2Ehf
                0x00001f14       0x14 SparkFun_HIH4030.o
                0x00001f14                _ZN7HIH4030C1Ehf
                0x00001f14                _ZN7HIH4030C2Ehf
 .text._Z15Get_temperaturev
                0x00001f28        0x6 Temp_Humidity.o
                0x00001f28                _Z15Get_temperaturev
 .text._Z20Get_Felt_Temperaturev
                0x00001f2e        0x2 Temp_Humidity.o
                0x00001f2e                _Z20Get_Felt_Temperaturev
 .text.startup._GLOBAL__sub_I_myTMP36
                0x00001f30       0x20 Temp_Humidity.o
 .text._ZN5TMP36C2Ehf
                0x00001f50       0x38 TMP36.o
                0x00001f50                _ZN5TMP36C1Ehf
                0x00001f50                _ZN5TMP36C2Ehf
 .text._ZN5TMP369getValuesEv
                0x00001f88       0x76 TMP36.o
                0x00001f88                _ZN5TMP369getValuesEv
 .text._ZN5TMP368getTempFEv
                0x00001ffe       0x16 TMP36.o
                0x00001ffe                _ZN5TMP368getTempFEv
 .text.avr-libc.fplib
                0x00002014        0xa c:/program files (x86)/atmel/studio/7.0/toolchain/avr8/avr8-gnu-toolchain/bin/../lib/gcc/avr/5.4.0/../../../../avr/lib/avr6\libm.a(addsf3.o)
                0x00002014                __subsf3
                0x00002016                __addsf3
 .text.avr-libc.fplib
                0x0000201e       0xc0 c:/program files (x86)/atmel/studio/7.0/toolchain/avr8/avr8-gnu-toolchain/bin/../lib/gcc/avr/5.4.0/../../../../avr/lib/avr6\libm.a(addsf3x.o)
                0x00002038                __addsf3x
 .text.avr-libc.fplib
                0x000020de        0x8 c:/program files (x86)/atmel/studio/7.0/toolchain/avr8/avr8-gnu-toolchain/bin/../lib/gcc/avr/5.4.0/../../../../avr/lib/avr6\libm.a(cmpsf2.o)
                0x000020de                __nesf2
                0x000020de                __eqsf2
                0x000020de                __cmpsf2
                0x000020de                __ltsf2
                0x000020de                __lesf2
 .text.avr-libc.fplib
                0x000020e6        0x4 c:/program files (x86)/atmel/studio/7.0/toolchain/avr8/avr8-gnu-toolchain/bin/../lib/gcc/avr/5.4.0/../../../../avr/lib/avr6\libm.a(divsf3.o)
                0x000020e6                __divsf3
 .text.avr-libc.fplib
                0x000020ea       0xcc c:/program files (x86)/atmel/studio/7.0/toolchain/avr8/avr8-gnu-toolchain/bin/../lib/gcc/avr/5.4.0/../../../../avr/lib/avr6\libm.a(divsf3x.o)
                0x00002100                __divsf3x
                0x00002104                __divsf3_pse
 .text.avr-libc.fplib
                0x000021b6        0xa c:/program files (x86)/atmel/studio/7.0/toolchain/avr8/avr8-gnu-toolchain/bin/../lib/gcc/avr/5.4.0/../../../../avr/lib/avr6\libm.a(fixsfsi.o)
                0x000021b6                __fixsfsi
 .text.avr-libc.fplib
                0x000021c0       0x58 c:/program files (x86)/atmel/studio/7.0/toolchain/avr8/avr8-gnu-toolchain/bin/../lib/gcc/avr/5.4.0/../../../../avr/lib/avr6\libm.a(fixunssfsi.o)
                0x000021c0                __fixunssfsi
 .text.avr-libc.fplib
                0x00002218       0x7a c:/program files (x86)/atmel/studio/7.0/toolchain/avr8/avr8-gnu-toolchain/bin/../lib/gcc/avr/5.4.0/../../../../avr/lib/avr6\libm.a(floatsisf.o)
                0x00002218                __floatunsisf
                0x0000221c                __floatsisf
 .text.avr-libc.fplib
                0x00002292       0x48 c:/program files (x86)/atmel/studio/7.0/toolchain/avr8/avr8-gnu-toolchain/bin/../lib/gcc/avr/5.4.0/../../../../avr/lib/avr6\libm.a(fp_cmp.o)
                0x00002292                __fp_cmp
 .text.avr-libc.fplib
                0x000022da        0xc c:/program files (x86)/atmel/studio/7.0/toolchain/avr8/avr8-gnu-toolchain/bin/../lib/gcc/avr/5.4.0/../../../../avr/lib/avr6\libm.a(fp_inf.o)
                0x000022da                __fp_inf
 .text.avr-libc.fplib
                0x000022e6        0x6 c:/program files (x86)/atmel/studio/7.0/toolchain/avr8/avr8-gnu-toolchain/bin/../lib/gcc/avr/5.4.0/../../../../avr/lib/avr6\libm.a(fp_nan.o)
                0x000022e6                __fp_nan
 .text.avr-libc.fplib
                0x000022ec        0xe c:/program files (x86)/atmel/studio/7.0/toolchain/avr8/avr8-gnu-toolchain/bin/../lib/gcc/avr/5.4.0/../../../../avr/lib/avr6\libm.a(fp_pscA.o)
                0x000022ec                __fp_pscA
 .text.avr-libc.fplib
                0x000022fa        0xe c:/program files (x86)/atmel/studio/7.0/toolchain/avr8/avr8-gnu-toolchain/bin/../lib/gcc/avr/5.4.0/../../../../avr/lib/avr6\libm.a(fp_pscB.o)
                0x000022fa                __fp_pscB
 .text.avr-libc.fplib
                0x00002308       0x22 c:/program files (x86)/atmel/studio/7.0/toolchain/avr8/avr8-gnu-toolchain/bin/../lib/gcc/avr/5.4.0/../../../../avr/lib/avr6\libm.a(fp_round.o)
                0x00002308                __fp_round
 .text.avr-libc.fplib
                0x0000232a       0x44 c:/program files (x86)/atmel/studio/7.0/toolchain/avr8/avr8-gnu-toolchain/bin/../lib/gcc/avr/5.4.0/../../../../avr/lib/avr6\libm.a(fp_split3.o)
                0x0000232a                __fp_split3
                0x0000233a                __fp_splitA
 .text.avr-libc.fplib
                0x0000236e        0xe c:/program files (x86)/atmel/studio/7.0/toolchain/avr8/avr8-gnu-toolchain/bin/../lib/gcc/avr/5.4.0/../../../../avr/lib/avr6\libm.a(fp_zero.o)
                0x0000236e                __fp_zero
                0x00002370                __fp_szero
 .text.avr-libc.fplib
                0x0000237c        0x8 c:/program files (x86)/atmel/studio/7.0/toolchain/avr8/avr8-gnu-toolchain/bin/../lib/gcc/avr/5.4.0/../../../../avr/lib/avr6\libm.a(gesf2.o)
                0x0000237c                __gesf2
                0x0000237c                __gtsf2
 .text.avr-libc.fplib
                0x00002384        0x4 c:/program files (x86)/atmel/studio/7.0/toolchain/avr8/avr8-gnu-toolchain/bin/../lib/gcc/avr/5.4.0/../../../../avr/lib/avr6\libm.a(mulsf3.o)
                0x00002384                __mulsf3
 .text.avr-libc.fplib
                0x00002388       0xc2 c:/program files (x86)/atmel/studio/7.0/toolchain/avr8/avr8-gnu-toolchain/bin/../lib/gcc/avr/5.4.0/../../../../avr/lib/avr6\libm.a(mulsf3x.o)
                0x0000239c                __mulsf3x
                0x000023a0                __mulsf3_pse
 .text._ZN14HardwareSerial9availableEv
                0x0000244a       0x18 D:\senior-design\Occupancy_algorithm_working\Occupancy_algorithm\ArduinoCore\Debug\libArduinoCore.a(HardwareSerial.o)
                0x0000244a                _ZN14HardwareSerial9availableEv
 .text._ZN14HardwareSerial4peekEv
                0x00002462       0x1c D:\senior-design\Occupancy_algorithm_working\Occupancy_algorithm\ArduinoCore\Debug\libArduinoCore.a(HardwareSerial.o)
                0x00002462                _ZN14HardwareSerial4peekEv
 .text._ZN14HardwareSerial4readEv
                0x0000247e       0x28 D:\senior-design\Occupancy_algorithm_working\Occupancy_algorithm\ArduinoCore\Debug\libArduinoCore.a(HardwareSerial.o)
                0x0000247e                _ZN14HardwareSerial4readEv
 .text._ZN14HardwareSerial17availableForWriteEv
                0x000024a6       0x1e D:\senior-design\Occupancy_algorithm_working\Occupancy_algorithm\ArduinoCore\Debug\libArduinoCore.a(HardwareSerial.o)
                0x000024a6                _ZN14HardwareSerial17availableForWriteEv
 .text._Z14serialEventRunv
                0x000024c4       0x72 D:\senior-design\Occupancy_algorithm_working\Occupancy_algorithm\ArduinoCore\Debug\libArduinoCore.a(HardwareSerial.o)
                0x000024c4                _Z14serialEventRunv
 .text._ZN14HardwareSerial17_tx_udr_empty_irqEv
                0x00002536       0x44 D:\senior-design\Occupancy_algorithm_working\Occupancy_algorithm\ArduinoCore\Debug\libArduinoCore.a(HardwareSerial.o)
                0x00002536                _ZN14HardwareSerial17_tx_udr_empty_irqEv
 .text._ZN14HardwareSerial5writeEh
                0x0000257a       0x98 D:\senior-design\Occupancy_algorithm_working\Occupancy_algorithm\ArduinoCore\Debug\libArduinoCore.a(HardwareSerial.o)
                0x0000257a                _ZN14HardwareSerial5writeEh
 .text._ZN14HardwareSerial5flushEv
                0x00002612       0x42 D:\senior-design\Occupancy_algorithm_working\Occupancy_algorithm\ArduinoCore\Debug\libArduinoCore.a(HardwareSerial.o)
                0x00002612                _ZN14HardwareSerial5flushEv
 .text._ZN14HardwareSerial5beginEmh
                0x00002654       0xca D:\senior-design\Occupancy_algorithm_working\Occupancy_algorithm\ArduinoCore\Debug\libArduinoCore.a(HardwareSerial.o)
                0x00002654                _ZN14HardwareSerial5beginEmh
 .text._ZN5Print5flushEv
                0x0000271e        0x2 D:\senior-design\Occupancy_algorithm_working\Occupancy_algorithm\ArduinoCore\Debug\libArduinoCore.a(HardwareSerial0.o)
                0x0000271e                _ZN5Print5flushEv
 .text.__vector_25
                0x00002720       0x6c D:\senior-design\Occupancy_algorithm_working\Occupancy_algorithm\ArduinoCore\Debug\libArduinoCore.a(HardwareSerial0.o)
                0x00002720                __vector_25
 .text.__vector_26
                0x0000278c       0x52 D:\senior-design\Occupancy_algorithm_working\Occupancy_algorithm\ArduinoCore\Debug\libArduinoCore.a(HardwareSerial0.o)
                0x0000278c                __vector_26
 .text._Z17Serial0_availablev
                0x000027de       0x12 D:\senior-design\Occupancy_algorithm_working\Occupancy_algorithm\ArduinoCore\Debug\libArduinoCore.a(HardwareSerial0.o)
                0x000027de                _Z17Serial0_availablev
 .text.startup._GLOBAL__sub_I___vector_25
                0x000027f0       0x5a D:\senior-design\Occupancy_algorithm_working\Occupancy_algorithm\ArduinoCore\Debug\libArduinoCore.a(HardwareSerial0.o)
 .text.__vector_36
                0x0000284a       0x6c D:\senior-design\Occupancy_algorithm_working\Occupancy_algorithm\ArduinoCore\Debug\libArduinoCore.a(HardwareSerial1.o)
                0x0000284a                __vector_36
 .text.__vector_37
                0x000028b6       0x52 D:\senior-design\Occupancy_algorithm_working\Occupancy_algorithm\ArduinoCore\Debug\libArduinoCore.a(HardwareSerial1.o)
                0x000028b6                __vector_37
 .text._Z17Serial1_availablev
                0x00002908       0x12 D:\senior-design\Occupancy_algorithm_working\Occupancy_algorithm\ArduinoCore\Debug\libArduinoCore.a(HardwareSerial1.o)
                0x00002908                _Z17Serial1_availablev
 .text.startup._GLOBAL__sub_I___vector_36
                0x0000291a       0x5a D:\senior-design\Occupancy_algorithm_working\Occupancy_algorithm\ArduinoCore\Debug\libArduinoCore.a(HardwareSerial1.o)
 .text.__vector_51
                0x00002974       0x6c D:\senior-design\Occupancy_algorithm_working\Occupancy_algorithm\ArduinoCore\Debug\libArduinoCore.a(HardwareSerial2.o)
                0x00002974                __vector_51
 .text.__vector_52
                0x000029e0       0x52 D:\senior-design\Occupancy_algorithm_working\Occupancy_algorithm\ArduinoCore\Debug\libArduinoCore.a(HardwareSerial2.o)
                0x000029e0                __vector_52
 .text._Z17Serial2_availablev
                0x00002a32       0x12 D:\senior-design\Occupancy_algorithm_working\Occupancy_algorithm\ArduinoCore\Debug\libArduinoCore.a(HardwareSerial2.o)
                0x00002a32                _Z17Serial2_availablev
 .text.startup._GLOBAL__sub_I___vector_51
                0x00002a44       0x5a D:\senior-design\Occupancy_algorithm_working\Occupancy_algorithm\ArduinoCore\Debug\libArduinoCore.a(HardwareSerial2.o)
 .text.__vector_54
                0x00002a9e       0x6c D:\senior-design\Occupancy_algorithm_working\Occupancy_algorithm\ArduinoCore\Debug\libArduinoCore.a(HardwareSerial3.o)
                0x00002a9e                __vector_54
 .text.__vector_55
                0x00002b0a       0x52 D:\senior-design\Occupancy_algorithm_working\Occupancy_algorithm\ArduinoCore\Debug\libArduinoCore.a(HardwareSerial3.o)
                0x00002b0a                __vector_55
 .text._Z17Serial3_availablev
                0x00002b5c       0x12 D:\senior-design\Occupancy_algorithm_working\Occupancy_algorithm\ArduinoCore\Debug\libArduinoCore.a(HardwareSerial3.o)
                0x00002b5c                _Z17Serial3_availablev
 .text.startup._GLOBAL__sub_I___vector_54
                0x00002b6e       0x5a D:\senior-design\Occupancy_algorithm_working\Occupancy_algorithm\ArduinoCore\Debug\libArduinoCore.a(HardwareSerial3.o)
 .text.initVariant
                0x00002bc8        0x2 D:\senior-design\Occupancy_algorithm_working\Occupancy_algorithm\ArduinoCore\Debug\libArduinoCore.a(main.o)
                0x00002bc8                initVariant
 .text.startup.main
                0x00002bca       0x18 D:\senior-design\Occupancy_algorithm_working\Occupancy_algorithm\ArduinoCore\Debug\libArduinoCore.a(main.o)
                0x00002bca                main
 .text._ZN5Print5writeEPKhj
                0x00002be2       0x54 D:\senior-design\Occupancy_algorithm_working\Occupancy_algorithm\ArduinoCore\Debug\libArduinoCore.a(Print.o)
                0x00002be2                _ZN5Print5writeEPKhj
 .text._ZN5Print5writeEPKc
                0x00002c36       0x2a D:\senior-design\Occupancy_algorithm_working\Occupancy_algorithm\ArduinoCore\Debug\libArduinoCore.a(Print.o)
                0x00002c36                _ZN5Print5writeEPKc
 .text._ZN5Print5printEPK19__FlashStringHelper
                0x00002c60       0x48 D:\senior-design\Occupancy_algorithm_working\Occupancy_algorithm\ArduinoCore\Debug\libArduinoCore.a(Print.o)
                0x00002c60                _ZN5Print5printEPK19__FlashStringHelper
 .text._ZN5Print5printERK6String
                0x00002ca8       0x1c D:\senior-design\Occupancy_algorithm_working\Occupancy_algorithm\ArduinoCore\Debug\libArduinoCore.a(Print.o)
                0x00002ca8                _ZN5Print5printERK6String
 .text._ZN5Print5printEPKc
                0x00002cc4        0x2 D:\senior-design\Occupancy_algorithm_working\Occupancy_algorithm\ArduinoCore\Debug\libArduinoCore.a(Print.o)
                0x00002cc4                _ZN5Print5printEPKc
 .text._ZN5Print5printEc
                0x00002cc6        0xe D:\senior-design\Occupancy_algorithm_working\Occupancy_algorithm\ArduinoCore\Debug\libArduinoCore.a(Print.o)
                0x00002cc6                _ZN5Print5printEc
 .text._ZN5Print7printlnEv
                0x00002cd4        0x6 D:\senior-design\Occupancy_algorithm_working\Occupancy_algorithm\ArduinoCore\Debug\libArduinoCore.a(Print.o)
                0x00002cd4                _ZN5Print7printlnEv
 .text._ZN5Print7printlnEPK19__FlashStringHelper
                0x00002cda       0x20 D:\senior-design\Occupancy_algorithm_working\Occupancy_algorithm\ArduinoCore\Debug\libArduinoCore.a(Print.o)
                0x00002cda                _ZN5Print7printlnEPK19__FlashStringHelper
 .text._ZN5Print7printlnERK6String
                0x00002cfa       0x20 D:\senior-design\Occupancy_algorithm_working\Occupancy_algorithm\ArduinoCore\Debug\libArduinoCore.a(Print.o)
                0x00002cfa                _ZN5Print7printlnERK6String
 .text._ZN5Print7printlnEPKc
                0x00002d1a       0x20 D:\senior-design\Occupancy_algorithm_working\Occupancy_algorithm\ArduinoCore\Debug\libArduinoCore.a(Print.o)
                0x00002d1a                _ZN5Print7printlnEPKc
 .text._ZN5Print7printlnEc
                0x00002d3a       0x20 D:\senior-design\Occupancy_algorithm_working\Occupancy_algorithm\ArduinoCore\Debug\libArduinoCore.a(Print.o)
                0x00002d3a                _ZN5Print7printlnEc
 .text._ZN5Print11printNumberEmh
                0x00002d5a       0x90 D:\senior-design\Occupancy_algorithm_working\Occupancy_algorithm\ArduinoCore\Debug\libArduinoCore.a(Print.o)
                0x00002d5a                _ZN5Print11printNumberEmh
 .text._ZN5Print5printEmi
                0x00002dea       0x18 D:\senior-design\Occupancy_algorithm_working\Occupancy_algorithm\ArduinoCore\Debug\libArduinoCore.a(Print.o)
                0x00002dea                _ZN5Print5printEmi
 .text._ZN5Print5printEhi
                0x00002e02        0xc D:\senior-design\Occupancy_algorithm_working\Occupancy_algorithm\ArduinoCore\Debug\libArduinoCore.a(Print.o)
                0x00002e02                _ZN5Print5printEhi
 .text._ZN5Print7printlnEhi
                0x00002e0e       0x20 D:\senior-design\Occupancy_algorithm_working\Occupancy_algorithm\ArduinoCore\Debug\libArduinoCore.a(Print.o)
                0x00002e0e                _ZN5Print7printlnEhi
 .text._ZN5Print5printEji
                0x00002e2e        0xa D:\senior-design\Occupancy_algorithm_working\Occupancy_algorithm\ArduinoCore\Debug\libArduinoCore.a(Print.o)
                0x00002e2e                _ZN5Print5printEji
 .text._ZN5Print5printEli
                0x00002e38       0x8a D:\senior-design\Occupancy_algorithm_working\Occupancy_algorithm\ArduinoCore\Debug\libArduinoCore.a(Print.o)
                0x00002e38                _ZN5Print5printEli
 .text._ZN5Print5printEii
                0x00002ec2        0xc D:\senior-design\Occupancy_algorithm_working\Occupancy_algorithm\ArduinoCore\Debug\libArduinoCore.a(Print.o)
                0x00002ec2                _ZN5Print5printEii
 .text._ZN5Print7printlnEii
                0x00002ece       0x20 D:\senior-design\Occupancy_algorithm_working\Occupancy_algorithm\ArduinoCore\Debug\libArduinoCore.a(Print.o)
                0x00002ece                _ZN5Print7printlnEii
 .text._ZN5Print10printFloatEdh
                0x00002eee      0x194 D:\senior-design\Occupancy_algorithm_working\Occupancy_algorithm\ArduinoCore\Debug\libArduinoCore.a(Print.o)
                0x00002eee                _ZN5Print10printFloatEdh
 .text._ZN5Print5printEdi
                0x00003082        0x2 D:\senior-design\Occupancy_algorithm_working\Occupancy_algorithm\ArduinoCore\Debug\libArduinoCore.a(Print.o)
                0x00003082                _ZN5Print5printEdi
 .text._ZN5Print7printlnEdi
                0x00003084       0x20 D:\senior-design\Occupancy_algorithm_working\Occupancy_algorithm\ArduinoCore\Debug\libArduinoCore.a(Print.o)
                0x00003084                _ZN5Print7printlnEdi
 .text._ZN6Stream9timedReadEv
                0x000030a4       0x5c D:\senior-design\Occupancy_algorithm_working\Occupancy_algorithm\ArduinoCore\Debug\libArduinoCore.a(Stream.o)
                0x000030a4                _ZN6Stream9timedReadEv
 .text._ZN6Stream10readStringEv
                0x00003100       0x2e D:\senior-design\Occupancy_algorithm_working\Occupancy_algorithm\ArduinoCore\Debug\libArduinoCore.a(Stream.o)
                0x00003100                _ZN6Stream10readStringEv
 .text.__vector_23
                0x0000312e       0x94 D:\senior-design\Occupancy_algorithm_working\Occupancy_algorithm\ArduinoCore\Debug\libArduinoCore.a(wiring.o)
                0x0000312e                __vector_23
 .text.millis   0x000031c2       0x18 D:\senior-design\Occupancy_algorithm_working\Occupancy_algorithm\ArduinoCore\Debug\libArduinoCore.a(wiring.o)
                0x000031c2                millis
 .text.micros   0x000031da       0x4a D:\senior-design\Occupancy_algorithm_working\Occupancy_algorithm\ArduinoCore\Debug\libArduinoCore.a(wiring.o)
                0x000031da                micros
 .text.delay    0x00003224       0x74 D:\senior-design\Occupancy_algorithm_working\Occupancy_algorithm\ArduinoCore\Debug\libArduinoCore.a(wiring.o)
                0x00003224                delay
 .text.delayMicroseconds
                0x00003298       0x16 D:\senior-design\Occupancy_algorithm_working\Occupancy_algorithm\ArduinoCore\Debug\libArduinoCore.a(wiring.o)
                0x00003298                delayMicroseconds
 .text.init     0x000032ae       0xc4 D:\senior-design\Occupancy_algorithm_working\Occupancy_algorithm\ArduinoCore\Debug\libArduinoCore.a(wiring.o)
                0x000032ae                init
 .text.analogRead
                0x00003372       0x4a D:\senior-design\Occupancy_algorithm_working\Occupancy_algorithm\ArduinoCore\Debug\libArduinoCore.a(wiring_analog.o)
                0x00003372                analogRead
 .text.turnOffPWM
                0x000033bc       0xac D:\senior-design\Occupancy_algorithm_working\Occupancy_algorithm\ArduinoCore\Debug\libArduinoCore.a(wiring_digital.o)
 .text.pinMode  0x00003468       0x78 D:\senior-design\Occupancy_algorithm_working\Occupancy_algorithm\ArduinoCore\Debug\libArduinoCore.a(wiring_digital.o)
                0x00003468                pinMode
 .text.digitalWrite
                0x000034e0       0x5c D:\senior-design\Occupancy_algorithm_working\Occupancy_algorithm\ArduinoCore\Debug\libArduinoCore.a(wiring_digital.o)
                0x000034e0                digitalWrite
 .text.digitalRead
                0x0000353c       0x50 D:\senior-design\Occupancy_algorithm_working\Occupancy_algorithm\ArduinoCore\Debug\libArduinoCore.a(wiring_digital.o)
                0x0000353c                digitalRead
 .text._ZN6StringD2Ev
                0x0000358c       0x10 D:\senior-design\Occupancy_algorithm_working\Occupancy_algorithm\ArduinoCore\Debug\libArduinoCore.a(WString.o)
                0x0000358c                _ZN6StringD2Ev
                0x0000358c                _ZN6StringD1Ev
 .text._ZN6String10invalidateEv
                0x0000359c       0x24 D:\senior-design\Occupancy_algorithm_working\Occupancy_algorithm\ArduinoCore\Debug\libArduinoCore.a(WString.o)
                0x0000359c                _ZN6String10invalidateEv
 .text._ZN6String12changeBufferEj
                0x000035c0       0x34 D:\senior-design\Occupancy_algorithm_working\Occupancy_algorithm\ArduinoCore\Debug\libArduinoCore.a(WString.o)
                0x000035c0                _ZN6String12changeBufferEj
 .text._ZN6String7reserveEj
                0x000035f4       0x36 D:\senior-design\Occupancy_algorithm_working\Occupancy_algorithm\ArduinoCore\Debug\libArduinoCore.a(WString.o)
                0x000035f4                _ZN6String7reserveEj
 .text._ZN6String4copyEPKcj
                0x0000362a       0x3e D:\senior-design\Occupancy_algorithm_working\Occupancy_algorithm\ArduinoCore\Debug\libArduinoCore.a(WString.o)
                0x0000362a                _ZN6String4copyEPKcj
 .text._ZN6StringC2EPKc
                0x00003668       0x28 D:\senior-design\Occupancy_algorithm_working\Occupancy_algorithm\ArduinoCore\Debug\libArduinoCore.a(WString.o)
                0x00003668                _ZN6StringC2EPKc
                0x00003668                _ZN6StringC1EPKc
 .text._ZN6String6concatEPKcj
                0x00003690       0x5a D:\senior-design\Occupancy_algorithm_working\Occupancy_algorithm\ArduinoCore\Debug\libArduinoCore.a(WString.o)
                0x00003690                _ZN6String6concatEPKcj
 .text._ZN6String6concatEc
                0x000036ea       0x26 D:\senior-design\Occupancy_algorithm_working\Occupancy_algorithm\ArduinoCore\Debug\libArduinoCore.a(WString.o)
                0x000036ea                _ZN6String6concatEc
 .text._ZNK6String5toIntEv
                0x00003710       0x16 D:\senior-design\Occupancy_algorithm_working\Occupancy_algorithm\ArduinoCore\Debug\libArduinoCore.a(WString.o)
                0x00003710                _ZNK6String5toIntEv
 .text._ZN16Adafruit_AMG88xx5writeEhPhh
                0x00003726       0x58 D:\senior-design\Occupancy_algorithm_working\Occupancy_algorithm\ArduinoCore\Debug\libArduinoCore.a(Adafruit_AMG88xx.o)
                0x00003726                _ZN16Adafruit_AMG88xx5writeEhPhh
 .text._ZN16Adafruit_AMG88xx6write8Ehh
                0x0000377e       0x1e D:\senior-design\Occupancy_algorithm_working\Occupancy_algorithm\ArduinoCore\Debug\libArduinoCore.a(Adafruit_AMG88xx.o)
                0x0000377e                _ZN16Adafruit_AMG88xx6write8Ehh
 .text._ZN16Adafruit_AMG88xx16disableInterruptEv
                0x0000379c       0x18 D:\senior-design\Occupancy_algorithm_working\Occupancy_algorithm\ArduinoCore\Debug\libArduinoCore.a(Adafruit_AMG88xx.o)
                0x0000379c                _ZN16Adafruit_AMG88xx16disableInterruptEv
 .text._ZN16Adafruit_AMG88xx5beginEh
                0x000037b4       0x4a D:\senior-design\Occupancy_algorithm_working\Occupancy_algorithm\ArduinoCore\Debug\libArduinoCore.a(Adafruit_AMG88xx.o)
                0x000037b4                _ZN16Adafruit_AMG88xx5beginEh
 .text._ZN16Adafruit_AMG88xx4readEhPhh
                0x000037fe       0xb0 D:\senior-design\Occupancy_algorithm_working\Occupancy_algorithm\ArduinoCore\Debug\libArduinoCore.a(Adafruit_AMG88xx.o)
                0x000037fe                _ZN16Adafruit_AMG88xx4readEhPhh
 .text._ZN16Adafruit_AMG88xx10readPixelsEPfh
                0x000038ae       0xd8 D:\senior-design\Occupancy_algorithm_working\Occupancy_algorithm\ArduinoCore\Debug\libArduinoCore.a(Adafruit_AMG88xx.o)
                0x000038ae                _ZN16Adafruit_AMG88xx10readPixelsEPfh
 .text._ZN11SPISettingsC2Emhh
                0x00003986       0x4a D:\senior-design\Occupancy_algorithm_working\Occupancy_algorithm\ArduinoCore\Debug\libArduinoCore.a(Adafruit_GPS.o)
                0x00003986                _ZN11SPISettingsC1Emhh
                0x00003986                _ZN11SPISettingsC2Emhh
 .text._ZN8SPIClass16beginTransactionE11SPISettings
                0x000039d0       0x34 D:\senior-design\Occupancy_algorithm_working\Occupancy_algorithm\ArduinoCore\Debug\libArduinoCore.a(Adafruit_GPS.o)
                0x000039d0                _ZN8SPIClass16beginTransactionE11SPISettings
 .text._ZN8SPIClass14endTransactionEv
                0x00003a04       0x22 D:\senior-design\Occupancy_algorithm_working\Occupancy_algorithm\ArduinoCore\Debug\libArduinoCore.a(Adafruit_GPS.o)
                0x00003a04                _ZN8SPIClass14endTransactionEv
 .text._ZN12Adafruit_GPS5writeEh
                0x00003a26       0xf4 D:\senior-design\Occupancy_algorithm_working\Occupancy_algorithm\ArduinoCore\Debug\libArduinoCore.a(Adafruit_GPS.o)
                0x00003a26                _ZN12Adafruit_GPS5writeEh
 .text._ZN12Adafruit_GPS11tokenOnListEPcPPKc
                0x00003b1a       0x74 D:\senior-design\Occupancy_algorithm_working\Occupancy_algorithm\ArduinoCore\Debug\libArduinoCore.a(Adafruit_GPS.o)
                0x00003b1a                _ZN12Adafruit_GPS11tokenOnListEPcPPKc
 .text._ZN12Adafruit_GPS9parseTimeEPc
                0x00003b8e       0x9e D:\senior-design\Occupancy_algorithm_working\Occupancy_algorithm\ArduinoCore\Debug\libArduinoCore.a(Adafruit_GPS.o)
                0x00003b8e                _ZN12Adafruit_GPS9parseTimeEPc
 .text._ZN12Adafruit_GPS8parseLatEPc
                0x00003c2c      0x1ac D:\senior-design\Occupancy_algorithm_working\Occupancy_algorithm\ArduinoCore\Debug\libArduinoCore.a(Adafruit_GPS.o)
                0x00003c2c                _ZN12Adafruit_GPS8parseLatEPc
 .text._ZN12Adafruit_GPS11parseLatDirEPc
                0x00003dd8       0x68 D:\senior-design\Occupancy_algorithm_working\Occupancy_algorithm\ArduinoCore\Debug\libArduinoCore.a(Adafruit_GPS.o)
                0x00003dd8                _ZN12Adafruit_GPS11parseLatDirEPc
 .text._ZN12Adafruit_GPS8parseLonEPc
                0x00003e40      0x1b0 D:\senior-design\Occupancy_algorithm_working\Occupancy_algorithm\ArduinoCore\Debug\libArduinoCore.a(Adafruit_GPS.o)
                0x00003e40                _ZN12Adafruit_GPS8parseLonEPc
 .text._ZN12Adafruit_GPS11parseLonDirEPc
                0x00003ff0       0x5e D:\senior-design\Occupancy_algorithm_working\Occupancy_algorithm\ArduinoCore\Debug\libArduinoCore.a(Adafruit_GPS.o)
                0x00003ff0                _ZN12Adafruit_GPS11parseLonDirEPc
 .text._ZN12Adafruit_GPS8parseFixEPc
                0x0000404e       0x42 D:\senior-design\Occupancy_algorithm_working\Occupancy_algorithm\ArduinoCore\Debug\libArduinoCore.a(Adafruit_GPS.o)
                0x0000404e                _ZN12Adafruit_GPS8parseFixEPc
 .text._ZN12Adafruit_GPS4readEv
                0x00004090      0x328 D:\senior-design\Occupancy_algorithm_working\Occupancy_algorithm\ArduinoCore\Debug\libArduinoCore.a(Adafruit_GPS.o)
                0x00004090                _ZN12Adafruit_GPS4readEv
 .text._ZN12Adafruit_GPS11common_initEv
                0x000043b8       0xf4 D:\senior-design\Occupancy_algorithm_working\Occupancy_algorithm\ArduinoCore\Debug\libArduinoCore.a(Adafruit_GPS.o)
                0x000043b8                _ZN12Adafruit_GPS11common_initEv
 .text._ZN12Adafruit_GPSC2EP14HardwareSerial
                0x000044ac      0x10a D:\senior-design\Occupancy_algorithm_working\Occupancy_algorithm\ArduinoCore\Debug\libArduinoCore.a(Adafruit_GPS.o)
                0x000044ac                _ZN12Adafruit_GPSC1EP14HardwareSerial
                0x000044ac                _ZN12Adafruit_GPSC2EP14HardwareSerial
 .text._ZN12Adafruit_GPS15newNMEAreceivedEv
                0x000045b6        0xa D:\senior-design\Occupancy_algorithm_working\Occupancy_algorithm\ArduinoCore\Debug\libArduinoCore.a(Adafruit_GPS.o)
                0x000045b6                _ZN12Adafruit_GPS15newNMEAreceivedEv
 .text._ZN12Adafruit_GPS8lastNMEAEv
                0x000045c0       0x10 D:\senior-design\Occupancy_algorithm_working\Occupancy_algorithm\ArduinoCore\Debug\libArduinoCore.a(Adafruit_GPS.o)
                0x000045c0                _ZN12Adafruit_GPS8lastNMEAEv
 .text._ZN12Adafruit_GPS8parseHexEc
                0x000045d0       0x1e D:\senior-design\Occupancy_algorithm_working\Occupancy_algorithm\ArduinoCore\Debug\libArduinoCore.a(Adafruit_GPS.o)
                0x000045d0                _ZN12Adafruit_GPS8parseHexEc
 .text._ZN12Adafruit_GPS5checkEPc
                0x000045ee      0x120 D:\senior-design\Occupancy_algorithm_working\Occupancy_algorithm\ArduinoCore\Debug\libArduinoCore.a(Adafruit_GPS.o)
                0x000045ee                _ZN12Adafruit_GPS5checkEPc
 .text._ZN12Adafruit_GPS5parseEPc
                0x0000470e      0x4ba D:\senior-design\Occupancy_algorithm_working\Occupancy_algorithm\ArduinoCore\Debug\libArduinoCore.a(Adafruit_GPS.o)
                0x0000470e                _ZN12Adafruit_GPS5parseEPc
 .text._ZN15Adafruit_ST773511setRotationEh
                0x00004bc8      0x132 D:\senior-design\Occupancy_algorithm_working\Occupancy_algorithm\ArduinoCore\Debug\libArduinoCore.a(Adafruit_ST7735.o)
                0x00004bc8                _ZN15Adafruit_ST773511setRotationEh
 .text._ZN15Adafruit_ST7735C2Eaaa
                0x00004cfa       0x2c D:\senior-design\Occupancy_algorithm_working\Occupancy_algorithm\ArduinoCore\Debug\libArduinoCore.a(Adafruit_ST7735.o)
                0x00004cfa                _ZN15Adafruit_ST7735C1Eaaa
                0x00004cfa                _ZN15Adafruit_ST7735C2Eaaa
 .text._ZN15Adafruit_ST77xx5beginEm
                0x00004d26       0x32 D:\senior-design\Occupancy_algorithm_working\Occupancy_algorithm\ArduinoCore\Debug\libArduinoCore.a(Adafruit_ST77xx.o)
                0x00004d26                _ZN15Adafruit_ST77xx5beginEm
 .text._ZN15Adafruit_ST77xx13setAddrWindowEjjjj
                0x00004d58       0xb2 D:\senior-design\Occupancy_algorithm_working\Occupancy_algorithm\ArduinoCore\Debug\libArduinoCore.a(Adafruit_ST77xx.o)
                0x00004d58                _ZN15Adafruit_ST77xx13setAddrWindowEjjjj
 .text._ZN15Adafruit_ST77xx11setRotationEh
                0x00004e0a       0x78 D:\senior-design\Occupancy_algorithm_working\Occupancy_algorithm\ArduinoCore\Debug\libArduinoCore.a(Adafruit_ST77xx.o)
                0x00004e0a                _ZN15Adafruit_ST77xx11setRotationEh
 .text._ZN15Adafruit_ST77xxC2Ejjaaa
                0x00004e82       0x32 D:\senior-design\Occupancy_algorithm_working\Occupancy_algorithm\ArduinoCore\Debug\libArduinoCore.a(Adafruit_ST77xx.o)
                0x00004e82                _ZN15Adafruit_ST77xxC2Ejjaaa
                0x00004e82                _ZN15Adafruit_ST77xxC1Ejjaaa
 .text._ZN6HCSR04C2Eiiii
                0x00004eb4       0x62 D:\senior-design\Occupancy_algorithm_working\Occupancy_algorithm\ArduinoCore\Debug\libArduinoCore.a(hcsr04.o)
                0x00004eb4                _ZN6HCSR04C1Eiiii
                0x00004eb4                _ZN6HCSR04C2Eiiii
 .text._ZN6HCSR0418echoInMicrosecondsEv
                0x00004f16       0x6a D:\senior-design\Occupancy_algorithm_working\Occupancy_algorithm\ArduinoCore\Debug\libArduinoCore.a(hcsr04.o)
                0x00004f16                _ZN6HCSR0418echoInMicrosecondsEv
 .text._ZN6HCSR0421distanceInMillimetersEv
                0x00004f80       0x62 D:\senior-design\Occupancy_algorithm_working\Occupancy_algorithm\ArduinoCore\Debug\libArduinoCore.a(hcsr04.o)
                0x00004f80                _ZN6HCSR0421distanceInMillimetersEv
 .text.__vector_9
                0x00004fe2       0xf8 D:\senior-design\Occupancy_algorithm_working\Occupancy_algorithm\ArduinoCore\Debug\libArduinoCore.a(SoftwareSerial.o)
                0x00004fe2                __vector_9
                0x00004fe2                __vector_10
                0x00004fe2                __vector_11
 .text._ZN8SPIClass5beginEv
                0x000050da       0x6c D:\senior-design\Occupancy_algorithm_working\Occupancy_algorithm\ArduinoCore\Debug\libArduinoCore.a(SPI.o)
                0x000050da                _ZN8SPIClass5beginEv
 .text._ZN7TwoWire9availableEv
                0x00005146       0x10 D:\senior-design\Occupancy_algorithm_working\Occupancy_algorithm\ArduinoCore\Debug\libArduinoCore.a(Wire.o)
                0x00005146                _ZN7TwoWire9availableEv
 .text._ZN7TwoWire4readEv
                0x00005156       0x28 D:\senior-design\Occupancy_algorithm_working\Occupancy_algorithm\ArduinoCore\Debug\libArduinoCore.a(Wire.o)
                0x00005156                _ZN7TwoWire4readEv
 .text._ZN7TwoWire4peekEv
                0x0000517e       0x1e D:\senior-design\Occupancy_algorithm_working\Occupancy_algorithm\ArduinoCore\Debug\libArduinoCore.a(Wire.o)
                0x0000517e                _ZN7TwoWire4peekEv
 .text._ZN7TwoWire5flushEv
                0x0000519c        0x2 D:\senior-design\Occupancy_algorithm_working\Occupancy_algorithm\ArduinoCore\Debug\libArduinoCore.a(Wire.o)
                0x0000519c                _ZN7TwoWire5flushEv
 .text._ZN7TwoWire16onReceiveServiceEPhi
                0x0000519e       0x54 D:\senior-design\Occupancy_algorithm_working\Occupancy_algorithm\ArduinoCore\Debug\libArduinoCore.a(Wire.o)
                0x0000519e                _ZN7TwoWire16onReceiveServiceEPhi
 .text._ZN7TwoWire16onRequestServiceEv
                0x000051f2       0x18 D:\senior-design\Occupancy_algorithm_working\Occupancy_algorithm\ArduinoCore\Debug\libArduinoCore.a(Wire.o)
                0x000051f2                _ZN7TwoWire16onRequestServiceEv
 .text._ZN7TwoWire5writeEPKhj
                0x0000520a       0x5a D:\senior-design\Occupancy_algorithm_working\Occupancy_algorithm\ArduinoCore\Debug\libArduinoCore.a(Wire.o)
                0x0000520a                _ZN7TwoWire5writeEPKhj
 .text._ZN7TwoWire5writeEh
                0x00005264       0x5e D:\senior-design\Occupancy_algorithm_working\Occupancy_algorithm\ArduinoCore\Debug\libArduinoCore.a(Wire.o)
                0x00005264                _ZN7TwoWire5writeEh
 .text._ZN7TwoWireC2Ev
                0x000052c2       0x20 D:\senior-design\Occupancy_algorithm_working\Occupancy_algorithm\ArduinoCore\Debug\libArduinoCore.a(Wire.o)
                0x000052c2                _ZN7TwoWireC1Ev
                0x000052c2                _ZN7TwoWireC2Ev
 .text._ZN7TwoWire5beginEv
                0x000052e2       0x24 D:\senior-design\Occupancy_algorithm_working\Occupancy_algorithm\ArduinoCore\Debug\libArduinoCore.a(Wire.o)
                0x000052e2                _ZN7TwoWire5beginEv
 .text._ZN7TwoWire17beginTransmissionEh
                0x00005306       0x14 D:\senior-design\Occupancy_algorithm_working\Occupancy_algorithm\ArduinoCore\Debug\libArduinoCore.a(Wire.o)
                0x00005306                _ZN7TwoWire17beginTransmissionEh
 .text._ZN7TwoWire17beginTransmissionEi
                0x0000531a        0x2 D:\senior-design\Occupancy_algorithm_working\Occupancy_algorithm\ArduinoCore\Debug\libArduinoCore.a(Wire.o)
                0x0000531a                _ZN7TwoWire17beginTransmissionEi
 .text._ZN7TwoWire15endTransmissionEh
                0x0000531c       0x26 D:\senior-design\Occupancy_algorithm_working\Occupancy_algorithm\ArduinoCore\Debug\libArduinoCore.a(Wire.o)
                0x0000531c                _ZN7TwoWire15endTransmissionEh
 .text._ZN7TwoWire11requestFromEhhmhh
                0x00005342       0xa4 D:\senior-design\Occupancy_algorithm_working\Occupancy_algorithm\ArduinoCore\Debug\libArduinoCore.a(Wire.o)
                0x00005342                _ZN7TwoWire11requestFromEhhmhh
 .text._ZN7TwoWire11requestFromEhhh
                0x000053e6       0x1e D:\senior-design\Occupancy_algorithm_working\Occupancy_algorithm\ArduinoCore\Debug\libArduinoCore.a(Wire.o)
                0x000053e6                _ZN7TwoWire11requestFromEhhh
 .text._ZN7TwoWire11requestFromEhh
                0x00005404        0x4 D:\senior-design\Occupancy_algorithm_working\Occupancy_algorithm\ArduinoCore\Debug\libArduinoCore.a(Wire.o)
                0x00005404                _ZN7TwoWire11requestFromEhh
 .text._ZN7TwoWire11requestFromEii
                0x00005408        0x4 D:\senior-design\Occupancy_algorithm_working\Occupancy_algorithm\ArduinoCore\Debug\libArduinoCore.a(Wire.o)
                0x00005408                _ZN7TwoWire11requestFromEii
 .text._ZN7TwoWire11requestFromEiii
                0x0000540c        0x2 D:\senior-design\Occupancy_algorithm_working\Occupancy_algorithm\ArduinoCore\Debug\libArduinoCore.a(Wire.o)
                0x0000540c                _ZN7TwoWire11requestFromEiii
 .text._ZN7TwoWire15endTransmissionEv
                0x0000540e        0x4 D:\senior-design\Occupancy_algorithm_working\Occupancy_algorithm\ArduinoCore\Debug\libArduinoCore.a(Wire.o)
                0x0000540e                _ZN7TwoWire15endTransmissionEv
 .text.startup._GLOBAL__sub_I__ZN7TwoWire8rxBufferE
                0x00005412        0x6 D:\senior-design\Occupancy_algorithm_working\Occupancy_algorithm\ArduinoCore\Debug\libArduinoCore.a(Wire.o)
 .text._ZN13Adafruit_FONA9availableEv
                0x00005418       0x18 D:\senior-design\Occupancy_algorithm_working\Occupancy_algorithm\ArduinoCore\Debug\libArduinoCore.a(Adafruit_FONA.o)
                0x00005418                _ZN13Adafruit_FONA9availableEv
 .text._ZN13Adafruit_FONA5writeEh
                0x00005430       0x18 D:\senior-design\Occupancy_algorithm_working\Occupancy_algorithm\ArduinoCore\Debug\libArduinoCore.a(Adafruit_FONA.o)
                0x00005430                _ZN13Adafruit_FONA5writeEh
 .text._ZN13Adafruit_FONA4readEv
                0x00005448       0x18 D:\senior-design\Occupancy_algorithm_working\Occupancy_algorithm\ArduinoCore\Debug\libArduinoCore.a(Adafruit_FONA.o)
                0x00005448                _ZN13Adafruit_FONA4readEv
 .text._ZN13Adafruit_FONA4peekEv
                0x00005460       0x18 D:\senior-design\Occupancy_algorithm_working\Occupancy_algorithm\ArduinoCore\Debug\libArduinoCore.a(Adafruit_FONA.o)
                0x00005460                _ZN13Adafruit_FONA4peekEv
 .text._ZN13Adafruit_FONA5flushEv
                0x00005478       0x18 D:\senior-design\Occupancy_algorithm_working\Occupancy_algorithm\ArduinoCore\Debug\libArduinoCore.a(Adafruit_FONA.o)
                0x00005478                _ZN13Adafruit_FONA5flushEv
 .text._ZN13Adafruit_FONAC2Ea
                0x00005490       0x64 D:\senior-design\Occupancy_algorithm_working\Occupancy_algorithm\ArduinoCore\Debug\libArduinoCore.a(Adafruit_FONA.o)
                0x00005490                _ZN13Adafruit_FONAC1Ea
                0x00005490                _ZN13Adafruit_FONAC2Ea
 .text._ZN13Adafruit_FONA10flushInputEv
                0x000054f4       0x58 D:\senior-design\Occupancy_algorithm_working\Occupancy_algorithm\ArduinoCore\Debug\libArduinoCore.a(Adafruit_FONA.o)
                0x000054f4                _ZN13Adafruit_FONA10flushInputEv
 .text._ZN13Adafruit_FONA7readRawEj
                0x0000554c       0x98 D:\senior-design\Occupancy_algorithm_working\Occupancy_algorithm\ArduinoCore\Debug\libArduinoCore.a(Adafruit_FONA.o)
                0x0000554c                _ZN13Adafruit_FONA7readRawEj
 .text._ZN13Adafruit_FONA8readlineEjb
                0x000055e4       0xac D:\senior-design\Occupancy_algorithm_working\Occupancy_algorithm\ArduinoCore\Debug\libArduinoCore.a(Adafruit_FONA.o)
                0x000055e4                _ZN13Adafruit_FONA8readlineEjb
 .text._ZN13Adafruit_FONA8getReplyEPcj
                0x00005690       0x6e D:\senior-design\Occupancy_algorithm_working\Occupancy_algorithm\ArduinoCore\Debug\libArduinoCore.a(Adafruit_FONA.o)
                0x00005690                _ZN13Adafruit_FONA8getReplyEPcj
 .text._ZN13Adafruit_FONA8getReplyEPK19__FlashStringHelperj
                0x000056fe       0x6e D:\senior-design\Occupancy_algorithm_working\Occupancy_algorithm\ArduinoCore\Debug\libArduinoCore.a(Adafruit_FONA.o)
                0x000056fe                _ZN13Adafruit_FONA8getReplyEPK19__FlashStringHelperj
 .text._ZN13Adafruit_FONA14sendCheckReplyEPK19__FlashStringHelperS2_j
                0x0000576c       0x32 D:\senior-design\Occupancy_algorithm_working\Occupancy_algorithm\ArduinoCore\Debug\libArduinoCore.a(Adafruit_FONA.o)
                0x0000576c                _ZN13Adafruit_FONA14sendCheckReplyEPK19__FlashStringHelperS2_j
 .text._ZN13Adafruit_FONA5beginER6Stream
                0x0000579e      0x2fe D:\senior-design\Occupancy_algorithm_working\Occupancy_algorithm\ArduinoCore\Debug\libArduinoCore.a(Adafruit_FONA.o)
                0x0000579e                _ZN13Adafruit_FONA5beginER6Stream
 .text._ZN13Adafruit_FONA14sendCheckReplyEPcPK19__FlashStringHelperj
                0x00005a9c       0x32 D:\senior-design\Occupancy_algorithm_working\Occupancy_algorithm\ArduinoCore\Debug\libArduinoCore.a(Adafruit_FONA.o)
                0x00005a9c                _ZN13Adafruit_FONA14sendCheckReplyEPcPK19__FlashStringHelperj
 .text._ZN13Adafruit_FONA7sendSMSEPcS0_
                0x00005ace      0x170 D:\senior-design\Occupancy_algorithm_working\Occupancy_algorithm\ArduinoCore\Debug\libArduinoCore.a(Adafruit_FONA.o)
                0x00005ace                _ZN13Adafruit_FONA7sendSMSEPcS0_
 .text._ZN13Adafruit_FONA9deleteSMSEh
                0x00005c3e       0xa2 D:\senior-design\Occupancy_algorithm_working\Occupancy_algorithm\ArduinoCore\Debug\libArduinoCore.a(Adafruit_FONA.o)
                0x00005c3e                _ZN13Adafruit_FONA9deleteSMSEh
 .text._ZN13Adafruit_FONA10parseReplyEPK19__FlashStringHelperPjch
                0x00005ce0       0x6a D:\senior-design\Occupancy_algorithm_working\Occupancy_algorithm\ArduinoCore\Debug\libArduinoCore.a(Adafruit_FONA.o)
                0x00005ce0                _ZN13Adafruit_FONA10parseReplyEPK19__FlashStringHelperPjch
 .text._ZN13Adafruit_FONA7readSMSEhPcjPj
                0x00005d4a      0x14e D:\senior-design\Occupancy_algorithm_working\Occupancy_algorithm\ArduinoCore\Debug\libArduinoCore.a(Adafruit_FONA.o)
                0x00005d4a                _ZN13Adafruit_FONA7readSMSEhPcjPj
 .text._ZN13Adafruit_FONA16parseReplyQuotedEPK19__FlashStringHelperPcich
                0x00005e98       0xb8 D:\senior-design\Occupancy_algorithm_working\Occupancy_algorithm\ArduinoCore\Debug\libArduinoCore.a(Adafruit_FONA.o)
                0x00005e98                _ZN13Adafruit_FONA16parseReplyQuotedEPK19__FlashStringHelperPcich
 .text._ZN13Adafruit_FONA12getSMSSenderEhPci
                0x00005f50       0xd6 D:\senior-design\Occupancy_algorithm_working\Occupancy_algorithm\ArduinoCore\Debug\libArduinoCore.a(Adafruit_FONA.o)
                0x00005f50                _ZN13Adafruit_FONA12getSMSSenderEhPci
 .text.__cxa_pure_virtual
                0x00006026        0x4 D:\senior-design\Occupancy_algorithm_working\Occupancy_algorithm\ArduinoCore\Debug\libArduinoCore.a(abi.o)
                0x00006026                __cxa_pure_virtual
 .text.__empty  0x0000602a        0x2 D:\senior-design\Occupancy_algorithm_working\Occupancy_algorithm\ArduinoCore\Debug\libArduinoCore.a(hooks.o)
                0x0000602a                yield
 .text.nothing  0x0000602c        0x2 D:\senior-design\Occupancy_algorithm_working\Occupancy_algorithm\ArduinoCore\Debug\libArduinoCore.a(WInterrupts.o)
 .text.__vector_1
                0x0000602e       0x56 D:\senior-design\Occupancy_algorithm_working\Occupancy_algorithm\ArduinoCore\Debug\libArduinoCore.a(WInterrupts.o)
                0x0000602e                __vector_1
 .text.__vector_2
                0x00006084       0x56 D:\senior-design\Occupancy_algorithm_working\Occupancy_algorithm\ArduinoCore\Debug\libArduinoCore.a(WInterrupts.o)
                0x00006084                __vector_2
 .text.__vector_3
                0x000060da       0x56 D:\senior-design\Occupancy_algorithm_working\Occupancy_algorithm\ArduinoCore\Debug\libArduinoCore.a(WInterrupts.o)
                0x000060da                __vector_3
 .text.__vector_4
                0x00006130       0x56 D:\senior-design\Occupancy_algorithm_working\Occupancy_algorithm\ArduinoCore\Debug\libArduinoCore.a(WInterrupts.o)
                0x00006130                __vector_4
 .text.__vector_5
                0x00006186       0x56 D:\senior-design\Occupancy_algorithm_working\Occupancy_algorithm\ArduinoCore\Debug\libArduinoCore.a(WInterrupts.o)
                0x00006186                __vector_5
 .text.__vector_6
                0x000061dc       0x56 D:\senior-design\Occupancy_algorithm_working\Occupancy_algorithm\ArduinoCore\Debug\libArduinoCore.a(WInterrupts.o)
                0x000061dc                __vector_6
 .text.__vector_7
                0x00006232       0x56 D:\senior-design\Occupancy_algorithm_working\Occupancy_algorithm\ArduinoCore\Debug\libArduinoCore.a(WInterrupts.o)
                0x00006232                __vector_7
 .text.__vector_8
                0x00006288       0x56 D:\senior-design\Occupancy_algorithm_working\Occupancy_algorithm\ArduinoCore\Debug\libArduinoCore.a(WInterrupts.o)
                0x00006288                __vector_8
 .text._ZN12Adafruit_GFX9writeLineEiiiij
                0x000062de      0x162 D:\senior-design\Occupancy_algorithm_working\Occupancy_algorithm\ArduinoCore\Debug\libArduinoCore.a(Adafruit_GFX.o)
                0x000062de                _ZN12Adafruit_GFX9writeLineEiiiij
 .text._ZN12Adafruit_GFX10writePixelEiij
                0x00006440        0xe D:\senior-design\Occupancy_algorithm_working\Occupancy_algorithm\ArduinoCore\Debug\libArduinoCore.a(Adafruit_GFX.o)
                0x00006440                _ZN12Adafruit_GFX10writePixelEiij
 .text._ZN12Adafruit_GFX14writeFastVLineEiiij
                0x0000644e       0x18 D:\senior-design\Occupancy_algorithm_working\Occupancy_algorithm\ArduinoCore\Debug\libArduinoCore.a(Adafruit_GFX.o)
                0x0000644e                _ZN12Adafruit_GFX14writeFastVLineEiiij
 .text._ZN12Adafruit_GFX14writeFastHLineEiiij
                0x00006466       0x18 D:\senior-design\Occupancy_algorithm_working\Occupancy_algorithm\ArduinoCore\Debug\libArduinoCore.a(Adafruit_GFX.o)
                0x00006466                _ZN12Adafruit_GFX14writeFastHLineEiiij
 .text._ZN12Adafruit_GFX13writeFillRectEiiiij
                0x0000647e       0x20 D:\senior-design\Occupancy_algorithm_working\Occupancy_algorithm\ArduinoCore\Debug\libArduinoCore.a(Adafruit_GFX.o)
                0x0000647e                _ZN12Adafruit_GFX13writeFillRectEiiiij
 .text._ZN12Adafruit_GFX8endWriteEv
                0x0000649e        0x2 D:\senior-design\Occupancy_algorithm_working\Occupancy_algorithm\ArduinoCore\Debug\libArduinoCore.a(Adafruit_GFX.o)
                0x0000649e                _ZN12Adafruit_GFX10startWriteEv
                0x0000649e                _ZN12Adafruit_GFX8endWriteEv
 .text._ZN12Adafruit_GFX13drawFastVLineEiiij
                0x000064a0       0x72 D:\senior-design\Occupancy_algorithm_working\Occupancy_algorithm\ArduinoCore\Debug\libArduinoCore.a(Adafruit_GFX.o)
                0x000064a0                _ZN12Adafruit_GFX13drawFastVLineEiiij
 .text._ZN12Adafruit_GFX13drawFastHLineEiiij
                0x00006512       0x72 D:\senior-design\Occupancy_algorithm_working\Occupancy_algorithm\ArduinoCore\Debug\libArduinoCore.a(Adafruit_GFX.o)
                0x00006512                _ZN12Adafruit_GFX13drawFastHLineEiiij
 .text._ZN12Adafruit_GFX8fillRectEiiiij
                0x00006584       0x8a D:\senior-design\Occupancy_algorithm_working\Occupancy_algorithm\ArduinoCore\Debug\libArduinoCore.a(Adafruit_GFX.o)
                0x00006584                _ZN12Adafruit_GFX8fillRectEiiiij
 .text._ZN12Adafruit_GFX10fillScreenEj
                0x0000660e       0x3a D:\senior-design\Occupancy_algorithm_working\Occupancy_algorithm\ArduinoCore\Debug\libArduinoCore.a(Adafruit_GFX.o)
                0x0000660e                _ZN12Adafruit_GFX10fillScreenEj
 .text._ZN12Adafruit_GFX8drawLineEiiiij
                0x00006648       0xda D:\senior-design\Occupancy_algorithm_working\Occupancy_algorithm\ArduinoCore\Debug\libArduinoCore.a(Adafruit_GFX.o)
                0x00006648                _ZN12Adafruit_GFX8drawLineEiiiij
 .text._ZN12Adafruit_GFX8drawRectEiiiij
                0x00006722       0xbe D:\senior-design\Occupancy_algorithm_working\Occupancy_algorithm\ArduinoCore\Debug\libArduinoCore.a(Adafruit_GFX.o)
                0x00006722                _ZN12Adafruit_GFX8drawRectEiiiij
 .text._ZN12Adafruit_GFX13invertDisplayEb
                0x000067e0        0x2 D:\senior-design\Occupancy_algorithm_working\Occupancy_algorithm\ArduinoCore\Debug\libArduinoCore.a(Adafruit_GFX.o)
                0x000067e0                _ZN12Adafruit_GFX13invertDisplayEb
 .text._ZN12Adafruit_GFX11setRotationEh
                0x000067e2       0x2a D:\senior-design\Occupancy_algorithm_working\Occupancy_algorithm\ArduinoCore\Debug\libArduinoCore.a(Adafruit_GFX.o)
                0x000067e2                _ZN12Adafruit_GFX11setRotationEh
 .text._ZN12Adafruit_GFXC2Eii
                0x0000680c       0x44 D:\senior-design\Occupancy_algorithm_working\Occupancy_algorithm\ArduinoCore\Debug\libArduinoCore.a(Adafruit_GFX.o)
                0x0000680c                _ZN12Adafruit_GFXC2Eii
                0x0000680c                _ZN12Adafruit_GFXC1Eii
 .text._ZN12Adafruit_GFX8drawCharEiihjjhh
                0x00006850      0x46a D:\senior-design\Occupancy_algorithm_working\Occupancy_algorithm\ArduinoCore\Debug\libArduinoCore.a(Adafruit_GFX.o)
                0x00006850                _ZN12Adafruit_GFX8drawCharEiihjjhh
 .text._ZN12Adafruit_GFX5writeEh
                0x00006cba      0x1ac D:\senior-design\Occupancy_algorithm_working\Occupancy_algorithm\ArduinoCore\Debug\libArduinoCore.a(Adafruit_GFX.o)
                0x00006cba                _ZN12Adafruit_GFX5writeEh
 .text._ZN15Adafruit_SPITFT11SPI_CS_HIGHEv
                0x00006e66       0x16 D:\senior-design\Occupancy_algorithm_working\Occupancy_algorithm\ArduinoCore\Debug\libArduinoCore.a(Adafruit_SPITFT.o)
                0x00006e66                _ZN15Adafruit_SPITFT11SPI_CS_HIGHEv
 .text._ZN15Adafruit_SPITFT8endWriteEv
                0x00006e7c       0x24 D:\senior-design\Occupancy_algorithm_working\Occupancy_algorithm\ArduinoCore\Debug\libArduinoCore.a(Adafruit_SPITFT.o)
                0x00006e7c                _ZN15Adafruit_SPITFT8endWriteEv
 .text._ZN15Adafruit_SPITFT10SPI_CS_LOWEv
                0x00006ea0       0x16 D:\senior-design\Occupancy_algorithm_working\Occupancy_algorithm\ArduinoCore\Debug\libArduinoCore.a(Adafruit_SPITFT.o)
                0x00006ea0                _ZN15Adafruit_SPITFT10SPI_CS_LOWEv
 .text._ZN15Adafruit_SPITFT11SPI_DC_HIGHEv
                0x00006eb6       0x16 D:\senior-design\Occupancy_algorithm_working\Occupancy_algorithm\ArduinoCore\Debug\libArduinoCore.a(Adafruit_SPITFT.o)
                0x00006eb6                _ZN15Adafruit_SPITFT11SPI_DC_HIGHEv
 .text._ZN15Adafruit_SPITFT10SPI_DC_LOWEv
                0x00006ecc       0x16 D:\senior-design\Occupancy_algorithm_working\Occupancy_algorithm\ArduinoCore\Debug\libArduinoCore.a(Adafruit_SPITFT.o)
                0x00006ecc                _ZN15Adafruit_SPITFT10SPI_DC_LOWEv
 .text._ZN15Adafruit_SPITFTC2EjjP8SPIClassaaa
                0x00006ee2       0xbe D:\senior-design\Occupancy_algorithm_working\Occupancy_algorithm\ArduinoCore\Debug\libArduinoCore.a(Adafruit_SPITFT.o)
                0x00006ee2                _ZN15Adafruit_SPITFTC2EjjP8SPIClassaaa
                0x00006ee2                _ZN15Adafruit_SPITFTC1EjjP8SPIClassaaa
 .text._ZN15Adafruit_SPITFTC2Ejjaaa
                0x00006fa0       0x1a D:\senior-design\Occupancy_algorithm_working\Occupancy_algorithm\ArduinoCore\Debug\libArduinoCore.a(Adafruit_SPITFT.o)
                0x00006fa0                _ZN15Adafruit_SPITFTC1Ejjaaa
                0x00006fa0                _ZN15Adafruit_SPITFTC2Ejjaaa
 .text._ZN15Adafruit_SPITFT7initSPIEmh
                0x00006fba      0x1b4 D:\senior-design\Occupancy_algorithm_working\Occupancy_algorithm\ArduinoCore\Debug\libArduinoCore.a(Adafruit_SPITFT.o)
                0x00006fba                _ZN15Adafruit_SPITFT7initSPIEmh
 .text._ZN15Adafruit_SPITFT21SPI_BEGIN_TRANSACTIONEv
                0x0000716e       0x40 D:\senior-design\Occupancy_algorithm_working\Occupancy_algorithm\ArduinoCore\Debug\libArduinoCore.a(Adafruit_SPITFT.o)
                0x0000716e                _ZN15Adafruit_SPITFT21SPI_BEGIN_TRANSACTIONEv
 .text._ZN15Adafruit_SPITFT10startWriteEv
                0x000071ae       0x1c D:\senior-design\Occupancy_algorithm_working\Occupancy_algorithm\ArduinoCore\Debug\libArduinoCore.a(Adafruit_SPITFT.o)
                0x000071ae                _ZN15Adafruit_SPITFT10startWriteEv
 .text._ZN15Adafruit_SPITFT13SPI_MOSI_HIGHEv
                0x000071ca       0x16 D:\senior-design\Occupancy_algorithm_working\Occupancy_algorithm\ArduinoCore\Debug\libArduinoCore.a(Adafruit_SPITFT.o)
                0x000071ca                _ZN15Adafruit_SPITFT13SPI_MOSI_HIGHEv
 .text._ZN15Adafruit_SPITFT12SPI_MOSI_LOWEv
                0x000071e0       0x16 D:\senior-design\Occupancy_algorithm_working\Occupancy_algorithm\ArduinoCore\Debug\libArduinoCore.a(Adafruit_SPITFT.o)
                0x000071e0                _ZN15Adafruit_SPITFT12SPI_MOSI_LOWEv
 .text._ZN15Adafruit_SPITFT12SPI_SCK_HIGHEv
                0x000071f6       0x16 D:\senior-design\Occupancy_algorithm_working\Occupancy_algorithm\ArduinoCore\Debug\libArduinoCore.a(Adafruit_SPITFT.o)
                0x000071f6                _ZN15Adafruit_SPITFT12SPI_SCK_HIGHEv
 .text._ZN15Adafruit_SPITFT11SPI_SCK_LOWEv
                0x0000720c       0x16 D:\senior-design\Occupancy_algorithm_working\Occupancy_algorithm\ArduinoCore\Debug\libArduinoCore.a(Adafruit_SPITFT.o)
                0x0000720c                _ZN15Adafruit_SPITFT11SPI_SCK_LOWEv
 .text._ZN15Adafruit_SPITFT13TFT_WR_STROBEEv
                0x00007222       0x1c D:\senior-design\Occupancy_algorithm_working\Occupancy_algorithm\ArduinoCore\Debug\libArduinoCore.a(Adafruit_SPITFT.o)
                0x00007222                _ZN15Adafruit_SPITFT13TFT_WR_STROBEEv
 .text._ZN15Adafruit_SPITFT8spiWriteEh
                0x0000723e       0x5a D:\senior-design\Occupancy_algorithm_working\Occupancy_algorithm\ArduinoCore\Debug\libArduinoCore.a(Adafruit_SPITFT.o)
                0x0000723e                _ZN15Adafruit_SPITFT8spiWriteEh
 .text._ZN15Adafruit_SPITFT12writeCommandEh
                0x00007298       0x1c D:\senior-design\Occupancy_algorithm_working\Occupancy_algorithm\ArduinoCore\Debug\libArduinoCore.a(Adafruit_SPITFT.o)
                0x00007298                _ZN15Adafruit_SPITFT12writeCommandEh
 .text._ZN15Adafruit_SPITFT13invertDisplayEb
                0x000072b4       0x38 D:\senior-design\Occupancy_algorithm_working\Occupancy_algorithm\ArduinoCore\Debug\libArduinoCore.a(Adafruit_SPITFT.o)
                0x000072b4                _ZN15Adafruit_SPITFT13invertDisplayEb
 .text._ZN15Adafruit_SPITFT11SPI_WRITE16Ej
                0x000072ec       0x78 D:\senior-design\Occupancy_algorithm_working\Occupancy_algorithm\ArduinoCore\Debug\libArduinoCore.a(Adafruit_SPITFT.o)
                0x000072ec                _ZN15Adafruit_SPITFT11SPI_WRITE16Ej
 .text._ZN15Adafruit_SPITFT11sendCommandEhPhh
                0x00007364       0xaa D:\senior-design\Occupancy_algorithm_working\Occupancy_algorithm\ArduinoCore\Debug\libArduinoCore.a(Adafruit_SPITFT.o)
                0x00007364                _ZN15Adafruit_SPITFT11sendCommandEhPhh
 .text._ZN15Adafruit_SPITFT9drawPixelEiij
                0x0000740e       0x9e D:\senior-design\Occupancy_algorithm_working\Occupancy_algorithm\ArduinoCore\Debug\libArduinoCore.a(Adafruit_SPITFT.o)
                0x0000740e                _ZN15Adafruit_SPITFT9drawPixelEiij
 .text._ZN15Adafruit_SPITFT10writePixelEiij
                0x000074ac       0x62 D:\senior-design\Occupancy_algorithm_working\Occupancy_algorithm\ArduinoCore\Debug\libArduinoCore.a(Adafruit_SPITFT.o)
                0x000074ac                _ZN15Adafruit_SPITFT10writePixelEiij
 .text._ZN15Adafruit_SPITFT11SPI_WRITE32Em
                0x0000750e       0xd6 D:\senior-design\Occupancy_algorithm_working\Occupancy_algorithm\ArduinoCore\Debug\libArduinoCore.a(Adafruit_SPITFT.o)
                0x0000750e                _ZN15Adafruit_SPITFT11SPI_WRITE32Em
 .text._ZN15Adafruit_SPITFT10writeColorEjm
                0x000075e4      0x10c D:\senior-design\Occupancy_algorithm_working\Occupancy_algorithm\ArduinoCore\Debug\libArduinoCore.a(Adafruit_SPITFT.o)
                0x000075e4                _ZN15Adafruit_SPITFT10writeColorEjm
 .text._ZN15Adafruit_SPITFT23writeFillRectPreclippedEiiiij
                0x000076f0       0x48 D:\senior-design\Occupancy_algorithm_working\Occupancy_algorithm\ArduinoCore\Debug\libArduinoCore.a(Adafruit_SPITFT.o)
                0x000076f0                _ZN15Adafruit_SPITFT23writeFillRectPreclippedEiiiij
 .text._ZN15Adafruit_SPITFT14writeFastVLineEiiij
                0x00007738       0x84 D:\senior-design\Occupancy_algorithm_working\Occupancy_algorithm\ArduinoCore\Debug\libArduinoCore.a(Adafruit_SPITFT.o)
                0x00007738                _ZN15Adafruit_SPITFT14writeFastVLineEiiij
 .text._ZN15Adafruit_SPITFT14writeFastHLineEiiij
                0x000077bc       0x82 D:\senior-design\Occupancy_algorithm_working\Occupancy_algorithm\ArduinoCore\Debug\libArduinoCore.a(Adafruit_SPITFT.o)
                0x000077bc                _ZN15Adafruit_SPITFT14writeFastHLineEiiij
 .text._ZN15Adafruit_SPITFT13drawFastVLineEiiij
                0x0000783e       0xe2 D:\senior-design\Occupancy_algorithm_working\Occupancy_algorithm\ArduinoCore\Debug\libArduinoCore.a(Adafruit_SPITFT.o)
                0x0000783e                _ZN15Adafruit_SPITFT13drawFastVLineEiiij
 .text._ZN15Adafruit_SPITFT13drawFastHLineEiiij
                0x00007920       0xe2 D:\senior-design\Occupancy_algorithm_working\Occupancy_algorithm\ArduinoCore\Debug\libArduinoCore.a(Adafruit_SPITFT.o)
                0x00007920                _ZN15Adafruit_SPITFT13drawFastHLineEiiij
 .text._ZN15Adafruit_SPITFT8fillRectEiiiij
                0x00007a02      0x116 D:\senior-design\Occupancy_algorithm_working\Occupancy_algorithm\ArduinoCore\Debug\libArduinoCore.a(Adafruit_SPITFT.o)
                0x00007a02                _ZN15Adafruit_SPITFT8fillRectEiiiij
 .text._ZN15Adafruit_SPITFT13writeFillRectEiiiij
                0x00007b18       0xd4 D:\senior-design\Occupancy_algorithm_working\Occupancy_algorithm\ArduinoCore\Debug\libArduinoCore.a(Adafruit_SPITFT.o)
                0x00007b18                _ZN15Adafruit_SPITFT13writeFillRectEiiiij
 .text.twi_init
                0x00007bec       0x3c D:\senior-design\Occupancy_algorithm_working\Occupancy_algorithm\ArduinoCore\Debug\libArduinoCore.a(twi.o)
                0x00007bec                twi_init
 .text.twi_readFrom
                0x00007c28       0x90 D:\senior-design\Occupancy_algorithm_working\Occupancy_algorithm\ArduinoCore\Debug\libArduinoCore.a(twi.o)
                0x00007c28                twi_readFrom
 .text.twi_writeTo
                0x00007cb8       0xac D:\senior-design\Occupancy_algorithm_working\Occupancy_algorithm\ArduinoCore\Debug\libArduinoCore.a(twi.o)
                0x00007cb8                twi_writeTo
 .text.twi_transmit
                0x00007d64       0x50 D:\senior-design\Occupancy_algorithm_working\Occupancy_algorithm\ArduinoCore\Debug\libArduinoCore.a(twi.o)
                0x00007d64                twi_transmit
 .text.twi_attachSlaveRxEvent
                0x00007db4        0xa D:\senior-design\Occupancy_algorithm_working\Occupancy_algorithm\ArduinoCore\Debug\libArduinoCore.a(twi.o)
                0x00007db4                twi_attachSlaveRxEvent
 .text.twi_attachSlaveTxEvent
                0x00007dbe        0xa D:\senior-design\Occupancy_algorithm_working\Occupancy_algorithm\ArduinoCore\Debug\libArduinoCore.a(twi.o)
                0x00007dbe                twi_attachSlaveTxEvent
 .text.twi_stop
                0x00007dc8       0x14 D:\senior-design\Occupancy_algorithm_working\Occupancy_algorithm\ArduinoCore\Debug\libArduinoCore.a(twi.o)
                0x00007dc8                twi_stop
 .text.twi_releaseBus
                0x00007ddc        0xc D:\senior-design\Occupancy_algorithm_working\Occupancy_algorithm\ArduinoCore\Debug\libArduinoCore.a(twi.o)
                0x00007ddc                twi_releaseBus
 .text.__vector_39
                0x00007de8      0x25c D:\senior-design\Occupancy_algorithm_working\Occupancy_algorithm\ArduinoCore\Debug\libArduinoCore.a(twi.o)
                0x00007de8                __vector_39
 .text.avr-libc.fplib
                0x00008044        0xa c:/program files (x86)/atmel/studio/7.0/toolchain/avr8/avr8-gnu-toolchain/bin/../lib/gcc/avr/5.4.0/../../../../avr/lib/avr6\libm.a(unordsf2.o)
                0x00008044                __unordsf2
 .text.libgcc.mul
                0x0000804e       0x1e c:/program files (x86)/atmel/studio/7.0/toolchain/avr8/avr8-gnu-toolchain/bin/../lib/gcc/avr/5.4.0/avr6\libgcc.a(_mulsi3.o)
                0x0000804e                __mulsi3
 .text.libgcc.div
                0x0000806c       0x18 c:/program files (x86)/atmel/studio/7.0/toolchain/avr8/avr8-gnu-toolchain/bin/../lib/gcc/avr/5.4.0/avr6\libgcc.a(_udivmodqi4.o)
                0x0000806c                __udivmodqi4
 .text.libgcc.div
                0x00008084       0x26 c:/program files (x86)/atmel/studio/7.0/toolchain/avr8/avr8-gnu-toolchain/bin/../lib/gcc/avr/5.4.0/avr6\libgcc.a(_divmodhi4.o)
                0x00008084                _div
                0x00008084                __divmodhi4
 .text.libgcc.div
                0x000080aa       0x44 c:/program files (x86)/atmel/studio/7.0/toolchain/avr8/avr8-gnu-toolchain/bin/../lib/gcc/avr/5.4.0/avr6\libgcc.a(_udivmodsi4.o)
                0x000080aa                __udivmodsi4
 .text.libgcc.div
                0x000080ee       0x28 c:/program files (x86)/atmel/studio/7.0/toolchain/avr8/avr8-gnu-toolchain/bin/../lib/gcc/avr/5.4.0/avr6\libgcc.a(_divmodsi4.o)
                0x000080ee                __divmodsi4
 .text.libgcc.div
                0x00008116       0x10 c:/program files (x86)/atmel/studio/7.0/toolchain/avr8/avr8-gnu-toolchain/bin/../lib/gcc/avr/5.4.0/avr6\libgcc.a(_negsi2.o)
                0x00008116                __negsi2
 .text.libgcc   0x00008126       0x10 c:/program files (x86)/atmel/studio/7.0/toolchain/avr8/avr8-gnu-toolchain/bin/../lib/gcc/avr/5.4.0/avr6\libgcc.a(_tablejump2.o)
                0x00008126                __tablejump2__
 .text.libgcc.mul
                0x00008136        0xc c:/program files (x86)/atmel/studio/7.0/toolchain/avr8/avr8-gnu-toolchain/bin/../lib/gcc/avr/5.4.0/avr6\libgcc.a(_mulhisi3.o)
                0x00008136                __mulhisi3
 .text.libgcc.mul
                0x00008142       0x1e c:/program files (x86)/atmel/studio/7.0/toolchain/avr8/avr8-gnu-toolchain/bin/../lib/gcc/avr/5.4.0/avr6\libgcc.a(_umulhisi3.o)
                0x00008142                __umulhisi3
 .text.libgcc.mul
                0x00008160        0xc c:/program files (x86)/atmel/studio/7.0/toolchain/avr8/avr8-gnu-toolchain/bin/../lib/gcc/avr/5.4.0/avr6\libgcc.a(_usmulhisi3.o)
                0x00008160                __usmulhisi3
                0x00008162                __usmulhisi3_tail
 .text.libgcc.mul
                0x0000816c       0x14 c:/program files (x86)/atmel/studio/7.0/toolchain/avr8/avr8-gnu-toolchain/bin/../lib/gcc/avr/5.4.0/avr6\libgcc.a(_muluhisi3.o)
                0x0000816c                __muluhisi3
 .text.libgcc.div
                0x00008180       0x28 c:/program files (x86)/atmel/studio/7.0/toolchain/avr8/avr8-gnu-toolchain/bin/../lib/gcc/avr/5.4.0/avr6\libgcc.a(_udivmodhi4.o)
                0x00008180                __udivmodhi4
 .text.avr-libc
                0x000081a8      0x242 c:/program files (x86)/atmel/studio/7.0/toolchain/avr8/avr8-gnu-toolchain/bin/../lib/gcc/avr/5.4.0/../../../../avr/lib/avr6\libc.a(malloc.o)
                0x000081a8                malloc
                0x000082d8                free
 .text.avr-libc
                0x000083ea      0x1c0 c:/program files (x86)/atmel/studio/7.0/toolchain/avr8/avr8-gnu-toolchain/bin/../lib/gcc/avr/5.4.0/../../../../avr/lib/avr6\libc.a(realloc.o)
                0x000083ea                realloc
 .text.avr-libc
                0x000085aa        0x8 c:/program files (x86)/atmel/studio/7.0/toolchain/avr8/avr8-gnu-toolchain/bin/../lib/gcc/avr/5.4.0/../../../../avr/lib/avr6\libc.a(abort.o)
                0x000085aa                abort
 .text.avr-libc
                0x000085b2        0x6 c:/program files (x86)/atmel/studio/7.0/toolchain/avr8/avr8-gnu-toolchain/bin/../lib/gcc/avr/5.4.0/../../../../avr/lib/avr6\libc.a(atof.o)
                0x000085b2                atof
 .text.avr-libc
                0x000085b8       0x3a c:/program files (x86)/atmel/studio/7.0/toolchain/avr8/avr8-gnu-toolchain/bin/../lib/gcc/avr/5.4.0/../../../../avr/lib/avr6\libc.a(atoi.o)
                0x000085b8                atoi
 .text.avr-libc
                0x000085f2       0x4c c:/program files (x86)/atmel/studio/7.0/toolchain/avr8/avr8-gnu-toolchain/bin/../lib/gcc/avr/5.4.0/../../../../avr/lib/avr6\libc.a(atol.o)
                0x000085f2                atol
 .text.avr-libc
                0x0000863e       0x10 c:/program files (x86)/atmel/studio/7.0/toolchain/avr8/avr8-gnu-toolchain/bin/../lib/gcc/avr/5.4.0/../../../../avr/lib/avr6\libc.a(isprint.o)
                0x0000863e                isgraph
                0x00008642                isprint
 .text.avr-libc
                0x0000864e       0x10 c:/program files (x86)/atmel/studio/7.0/toolchain/avr8/avr8-gnu-toolchain/bin/../lib/gcc/avr/5.4.0/../../../../avr/lib/avr6\libc.a(isspace.o)
                0x0000864e                isspace
 .text.avr-libc
                0x0000865e       0x12 c:/program files (x86)/atmel/studio/7.0/toolchain/avr8/avr8-gnu-toolchain/bin/../lib/gcc/avr/5.4.0/../../../../avr/lib/avr6\libc.a(strcmp_P.o)
                0x0000865e                strcmp_P
 .text.avr-libc
                0x00008670       0x12 c:/program files (x86)/atmel/studio/7.0/toolchain/avr8/avr8-gnu-toolchain/bin/../lib/gcc/avr/5.4.0/../../../../avr/lib/avr6\libc.a(strlen_P.o)
                0x00008670                __strlen_P
 .text.avr-libc
                0x00008682       0x34 c:/program files (x86)/atmel/studio/7.0/toolchain/avr8/avr8-gnu-toolchain/bin/../lib/gcc/avr/5.4.0/../../../../avr/lib/avr6\libc.a(strstr_P.o)
                0x00008682                strstr_P
 .text.avr-libc
                0x000086b6       0x12 c:/program files (x86)/atmel/studio/7.0/toolchain/avr8/avr8-gnu-toolchain/bin/../lib/gcc/avr/5.4.0/../../../../avr/lib/avr6\libc.a(memcpy.o)
                0x000086b6                memcpy
 .text.avr-libc
                0x000086c8       0x16 c:/program files (x86)/atmel/studio/7.0/toolchain/avr8/avr8-gnu-toolchain/bin/../lib/gcc/avr/5.4.0/../../../../avr/lib/avr6\libc.a(strchr.o)
                0x000086c8                strchr
 .text.avr-libc
                0x000086de       0x12 c:/program files (x86)/atmel/studio/7.0/toolchain/avr8/avr8-gnu-toolchain/bin/../lib/gcc/avr/5.4.0/../../../../avr/lib/avr6\libc.a(strcmp.o)
                0x000086de                strcmp
 .text.avr-libc
                0x000086f0        0xe c:/program files (x86)/atmel/studio/7.0/toolchain/avr8/avr8-gnu-toolchain/bin/../lib/gcc/avr/5.4.0/../../../../avr/lib/avr6\libc.a(strcpy.o)
                0x000086f0                strcpy
 .text.avr-libc
                0x000086fe       0x1c c:/program files (x86)/atmel/studio/7.0/toolchain/avr8/avr8-gnu-toolchain/bin/../lib/gcc/avr/5.4.0/../../../../avr/lib/avr6\libc.a(strncmp.o)
                0x000086fe                strncmp
 .text.avr-libc
                0x0000871a       0x1e c:/program files (x86)/atmel/studio/7.0/toolchain/avr8/avr8-gnu-toolchain/bin/../lib/gcc/avr/5.4.0/../../../../avr/lib/avr6\libc.a(strncpy.o)
                0x0000871a                strncpy
 .text.avr-libc
                0x00008738       0x34 c:/program files (x86)/atmel/studio/7.0/toolchain/avr8/avr8-gnu-toolchain/bin/../lib/gcc/avr/5.4.0/../../../../avr/lib/avr6\libc.a(strstr.o)
                0x00008738                strstr
 .text.avr-libc
                0x0000876c       0x2a c:/program files (x86)/atmel/studio/7.0/toolchain/avr8/avr8-gnu-toolchain/bin/../lib/gcc/avr/5.4.0/../../../../avr/lib/avr6\libc.a(mulsi10.o)
                0x0000876c                __mulsi_const_10
 .text.avr-libc
                0x00008796       0x10 c:/program files (x86)/atmel/studio/7.0/toolchain/avr8/avr8-gnu-toolchain/bin/../lib/gcc/avr/5.4.0/../../../../avr/lib/avr6\libc.a(mul10.o)
                0x00008796                __mulhi_const_10
 .text.avr-libc
                0x000087a6       0x42 c:/program files (x86)/atmel/studio/7.0/toolchain/avr8/avr8-gnu-toolchain/bin/../lib/gcc/avr/5.4.0/../../../../avr/lib/avr6\libc.a(sscanf.o)
                0x000087a6                sscanf
 .text.avr-libc
                0x000087e8      0x592 c:/program files (x86)/atmel/studio/7.0/toolchain/avr8/avr8-gnu-toolchain/bin/../lib/gcc/avr/5.4.0/../../../../avr/lib/avr6\libc.a(vfscanf_std.o)