Archive member included to satisfy reference by file (symbol)

c:/program files (x86)/atmel/studio/7.0/toolchain/avr8/avr8-gnu-toolchain/bin/../lib/gcc/avr/5.4.0/../../../../avr/lib/avr6\libm.a(addsf3.o)
                              SparkFun_HIH4030.o (__subsf3)
c:/program files (x86)/atmel/studio/7.0/toolchain/avr8/avr8-gnu-toolchain/bin/../lib/gcc/avr/5.4.0/../../../../avr/lib/avr6\libm.a(addsf3x.o)
                              c:/program files (x86)/atmel/studio/7.0/toolchain/avr8/avr8-gnu-toolchain/bin/../lib/gcc/avr/5.4.0/../../../../avr/lib/avr6\libm.a(addsf3.o) (__addsf3x)
c:/program files (x86)/atmel/studio/7.0/toolchain/avr8/avr8-gnu-toolchain/bin/../lib/gcc/avr/5.4.0/../../../../avr/lib/avr6\libm.a(cmpsf2.o)
                              MAIN.o (__ltsf2)
c:/program files (x86)/atmel/studio/7.0/toolchain/avr8/avr8-gnu-toolchain/bin/../lib/gcc/avr/5.4.0/../../../../avr/lib/avr6\libm.a(divsf3.o)
                              Accelerometer.o (__divsf3)
c:/program files (x86)/atmel/studio/7.0/toolchain/avr8/avr8-gnu-toolchain/bin/../lib/gcc/avr/5.4.0/../../../../avr/lib/avr6\libm.a(divsf3x.o)
                              c:/program files (x86)/atmel/studio/7.0/toolchain/avr8/avr8-gnu-toolchain/bin/../lib/gcc/avr/5.4.0/../../../../avr/lib/avr6\libm.a(divsf3.o) (__divsf3x)
c:/program files (x86)/atmel/studio/7.0/toolchain/avr8/avr8-gnu-toolchain/bin/../lib/gcc/avr/5.4.0/../../../../avr/lib/avr6\libm.a(fixsfsi.o)
                              GPS.o (__fixsfsi)
c:/program files (x86)/atmel/studio/7.0/toolchain/avr8/avr8-gnu-toolchain/bin/../lib/gcc/avr/5.4.0/../../../../avr/lib/avr6\libm.a(fixunssfsi.o)
                              c:/program files (x86)/atmel/studio/7.0/toolchain/avr8/avr8-gnu-toolchain/bin/../lib/gcc/avr/5.4.0/../../../../avr/lib/avr6\libm.a(fixsfsi.o) (__fixunssfsi)
c:/program files (x86)/atmel/studio/7.0/toolchain/avr8/avr8-gnu-toolchain/bin/../lib/gcc/avr/5.4.0/../../../../avr/lib/avr6\libm.a(floatsisf.o)
                              Accelerometer.o (__floatsisf)
c:/program files (x86)/atmel/studio/7.0/toolchain/avr8/avr8-gnu-toolchain/bin/../lib/gcc/avr/5.4.0/../../../../avr/lib/avr6\libm.a(fp_cmp.o)
                              c:/program files (x86)/atmel/studio/7.0/toolchain/avr8/avr8-gnu-toolchain/bin/../lib/gcc/avr/5.4.0/../../../../avr/lib/avr6\libm.a(cmpsf2.o) (__fp_cmp)
c:/program files (x86)/atmel/studio/7.0/toolchain/avr8/avr8-gnu-toolchain/bin/../lib/gcc/avr/5.4.0/../../../../avr/lib/avr6\libm.a(fp_inf.o)
                              c:/program files (x86)/atmel/studio/7.0/toolchain/avr8/avr8-gnu-toolchain/bin/../lib/gcc/avr/5.4.0/../../../../avr/lib/avr6\libm.a(addsf3x.o) (__fp_inf)
c:/program files (x86)/atmel/studio/7.0/toolchain/avr8/avr8-gnu-toolchain/bin/../lib/gcc/avr/5.4.0/../../../../avr/lib/avr6\libm.a(fp_nan.o)
                              c:/program files (x86)/atmel/studio/7.0/toolchain/avr8/avr8-gnu-toolchain/bin/../lib/gcc/avr/5.4.0/../../../../avr/lib/avr6\libm.a(addsf3x.o) (__fp_nan)
c:/program files (x86)/atmel/studio/7.0/toolchain/avr8/avr8-gnu-toolchain/bin/../lib/gcc/avr/5.4.0/../../../../avr/lib/avr6\libm.a(fp_pscA.o)
                              c:/program files (x86)/atmel/studio/7.0/toolchain/avr8/avr8-gnu-toolchain/bin/../lib/gcc/avr/5.4.0/../../../../avr/lib/avr6\libm.a(addsf3x.o) (__fp_pscA)
c:/program files (x86)/atmel/studio/7.0/toolchain/avr8/avr8-gnu-toolchain/bin/../lib/gcc/avr/5.4.0/../../../../avr/lib/avr6\libm.a(fp_pscB.o)
                              c:/program files (x86)/atmel/studio/7.0/toolchain/avr8/avr8-gnu-toolchain/bin/../lib/gcc/avr/5.4.0/../../../../avr/lib/avr6\libm.a(addsf3x.o) (__fp_pscB)
c:/program files (x86)/atmel/studio/7.0/toolchain/avr8/avr8-gnu-toolchain/bin/../lib/gcc/avr/5.4.0/../../../../avr/lib/avr6\libm.a(fp_round.o)
                              c:/program files (x86)/atmel/studio/7.0/toolchain/avr8/avr8-gnu-toolchain/bin/../lib/gcc/avr/5.4.0/../../../../avr/lib/avr6\libm.a(addsf3.o) (__fp_round)
c:/program files (x86)/atmel/studio/7.0/toolchain/avr8/avr8-gnu-toolchain/bin/../lib/gcc/avr/5.4.0/../../../../avr/lib/avr6\libm.a(fp_split3.o)
                              c:/program files (x86)/atmel/studio/7.0/toolchain/avr8/avr8-gnu-toolchain/bin/../lib/gcc/avr/5.4.0/../../../../avr/lib/avr6\libm.a(addsf3x.o) (__fp_split3)
c:/program files (x86)/atmel/studio/7.0/toolchain/avr8/avr8-gnu-toolchain/bin/../lib/gcc/avr/5.4.0/../../../../avr/lib/avr6\libm.a(fp_zero.o)
                              c:/program files (x86)/atmel/studio/7.0/toolchain/avr8/avr8-gnu-toolchain/bin/../lib/gcc/avr/5.4.0/../../../../avr/lib/avr6\libm.a(addsf3x.o) (__fp_zero)
c:/program files (x86)/atmel/studio/7.0/toolchain/avr8/avr8-gnu-toolchain/bin/../lib/gcc/avr/5.4.0/../../../../avr/lib/avr6\libm.a(gesf2.o)
                              MAIN.o (__gesf2)
c:/program files (x86)/atmel/studio/7.0/toolchain/avr8/avr8-gnu-toolchain/bin/../lib/gcc/avr/5.4.0/../../../../avr/lib/avr6\libm.a(mulsf3.o)
[...]
Memory Configuration

Name             Origin             Length             Attributes
text             0x00000000         0x00100000         xr
data             0x00800200         0x0000fe00         rw !x
eeprom           0x00810000         0x00010000         rw !x
fuse             0x00820000         0x00000003         rw !x
lock             0x00830000         0x00000400         rw !x
signature        0x00840000         0x00000400         rw !x
user_signatures  0x00850000         0x00000400         rw !x
*default*        0x00000000         0xffffffff

Linker script and memory map

Address of section .data set to 0x800200
LOAD C:/Program Files (x86)/Atmel/Studio/7.0/Packs/atmel/ATmega_DFP/1.3.300/gcc/dev/atmega2560/avr6/crtatmega2560.o
LOAD Accelerometer.o
LOAD Fona.o
LOAD GPS.o
LOAD MAIN.o
LOAD IR_cam.o
LOAD SparkFun_HIH4030.o
LOAD Temp_Humidity.o
LOAD TMP36.o
START GROUP
LOAD c:/program files (x86)/atmel/studio/7.0/toolchain/avr8/avr8-gnu-toolchain/bin/../lib/gcc/avr/5.4.0/../../../../avr/lib/avr6\libm.a
LOAD C:\Users\syngr\senior-design\Occupancy_algorithm_working\Occupancy_algorithm\ArduinoCore\Debug\libArduinoCore.a
END GROUP
LOAD c:/program files (x86)/atmel/studio/7.0/toolchain/avr8/avr8-gnu-toolchain/bin/../lib/gcc/avr/5.4.0/avr6\libgcc.a
LOAD c:/program files (x86)/atmel/studio/7.0/toolchain/avr8/avr8-gnu-toolchain/bin/../lib/gcc/avr/5.4.0/../../../../avr/lib/avr6\libm.a
START GROUP
LOAD c:/program files (x86)/atmel/studio/7.0/toolchain/avr8/avr8-gnu-toolchain/bin/../lib/gcc/avr/5.4.0/avr6\libgcc.a
LOAD c:/program files (x86)/atmel/studio/7.0/toolchain/avr8/avr8-gnu-toolchain/bin/../lib/gcc/avr/5.4.0/../../../../avr/lib/avr6\libm.a
LOAD c:/program files (x86)/atmel/studio/7.0/toolchain/avr8/avr8-gnu-toolchain/bin/../lib/gcc/avr/5.4.0/../../../../avr/lib/avr6\libc.a
LOAD C:/Program Files (x86)/Atmel/Studio/7.0/Packs/atmel/ATmega_DFP/1.3.300/gcc/dev/atmega2560/avr6\libatmega2560.a
END GROUP
                0x00000000                __TEXT_REGION_ORIGIN__ = DEFINED (__TEXT_REGION_ORIGIN__)?__TEXT_REGION_ORIGIN__:0x0
                0x00800200                __DATA_REGION_ORIGIN__ = DEFINED (__DATA_REGION_ORIGIN__)?__DATA_REGION_ORIGIN__:0x800200
                0x00100000                __TEXT_REGION_LENGTH__ = DEFINED (__TEXT_REGION_LENGTH__)?__TEXT_REGION_LENGTH__:0x100000
                0x0000fe00                __DATA_REGION_LENGTH__ = DEFINED (__DATA_REGION_LENGTH__)?__DATA_REGION_LENGTH__:0xfe00
                0x00010000                __EEPROM_REGION_LENGTH__ = DEFINED (__EEPROM_REGION_LENGTH__)?__EEPROM_REGION_LENGTH__:0x10000
                [0x00000003]                __FUSE_REGION_LENGTH__ = DEFINED (__FUSE_REGION_LENGTH__)?__FUSE_REGION_LENGTH__:0x400
                0x00000400                __LOCK_REGION_LENGTH__ = DEFINED (__LOCK_REGION_LENGTH__)?__LOCK_REGION_LENGTH__:0x400
                0x00000400                __SIGNATURE_REGION_LENGTH__ = DEFINED (__SIGNATURE_REGION_LENGTH__)?__SIGNATURE_REGION_LENGTH__:0x400
                0x00000400                __USER_SIGNATURE_REGION_LENGTH__ = DEFINED (__USER_SIGNATURE_REGION_LENGTH__)?__USER_SIGNATURE_REGION_LENGTH__:0x400

.hash
 *(.hash)

.dynsym
 *(.dynsym)

.dynstr
 *(.dynstr)

.gnu.version
 *(.gnu.version)

.gnu.version_d
 *(.gnu.version_d)

.gnu.version_r
 *(.gnu.version_r)

.rel.init
 *(.rel.init)

.rela.init
 *(.rela.init)

.rel.text
 *(.rel.text)
 *(.rel.text.*)
 *(.rel.gnu.linkonce.t*)

.rela.text
 *(.rela.text)
 *(.rela.text.*)
 *(.rela.gnu.linkonce.t*)

.rel.fini
 *(.rel.fini)

.rela.fini
 *(.rela.fini)

.rel.rodata
 *(.rel.rodata)
 *(.rel.rodata.*)
 *(.rel.gnu.linkonce.r*)

.rela.rodata
 *(.rela.rodata)
 *(.rela.rodata.*)
 *(.rela.gnu.linkonce.r*)

.rel.data
 *(.rel.data)
 *(.rel.data.*)
 *(.rel.gnu.linkonce.d*)

.rela.data
 *(.rela.data)
 *(.rela.data.*)
 *(.rela.gnu.linkonce.d*)

.rel.ctors
 *(.rel.ctors)

.rela.ctors
 *(.rela.ctors)

.rel.dtors
 *(.rel.dtors)

.rela.dtors
 *(.rela.dtors)

.rel.got
 *(.rel.got)

.rela.got
 *(.rela.got)

.rel.bss
 *(.rel.bss)

.rela.bss
 *(.rela.bss)

.rel.plt
 *(.rel.plt)

.rela.plt
 *(.rela.plt)

.text           0x00000000     0x502a
 *(.vectors)
 .vectors       0x00000000       0xe4 C:/Program Files (x86)/Atmel/Studio/7.0/Packs/atmel/ATmega_DFP/1.3.300/gcc/dev/atmega2560/avr6/crtatmega2560.o
                0x00000000                __vector_default
                0x00000000                __vectors
 *(.vectors)
 *(.progmem.gcc*)
 .progmem.gcc_sw_table.turnOffPWM
                0x000000e4       0x24 C:\Users\syngr\senior-design\Occupancy_algorithm_working\Occupancy_algorithm\ArduinoCore\Debug\libArduinoCore.a(wiring_digital.o)
                0x00000108                . = ALIGN (0x2)
                0x00000108                __trampolines_start = .
 *(.trampolines)
 .trampolines   0x00000108        0x0 linker stubs
 *(.trampolines*)
                0x00000108                __trampolines_end = .
 *libprintf_flt.a:*(.progmem.data)
 *libc.a:*(.progmem.data)
 *(.progmem*)
 .progmem.data._ZZ5setupE3__c
                0x00000108        0xd MAIN.o
 .progmem.data.digital_pin_to_timer_PGM
                0x00000115       0x46 C:\Users\syngr\senior-design\Occupancy_algorithm_working\Occupancy_algorithm\ArduinoCore\Debug\libArduinoCore.a(wiring_digital.o)
                0x00000115                digital_pin_to_timer_PGM
 .progmem.data.digital_pin_to_bit_mask_PGM
                0x0000015b       0x46 C:\Users\syngr\senior-design\Occupancy_algorithm_working\Occupancy_algorithm\ArduinoCore\Debug\libArduinoCore.a(wiring_digital.o)
                0x0000015b                digital_pin_to_bit_mask_PGM
 .progmem.data.digital_pin_to_port_PGM
                0x000001a1       0x46 C:\Users\syngr\senior-design\Occupancy_algorithm_working\Occupancy_algorithm\ArduinoCore\Debug\libArduinoCore.a(wiring_digital.o)
                0x000001a1                digital_pin_to_port_PGM
 .progmem.data.port_to_input_PGM
                0x000001e7       0x1a C:\Users\syngr\senior-design\Occupancy_algorithm_working\Occupancy_algorithm\ArduinoCore\Debug\libArduinoCore.a(wiring_digital.o)
                0x000001e7                port_to_input_PGM
 .progmem.data.port_to_output_PGM
                0x00000201       0x1a C:\Users\syngr\senior-design\Occupancy_algorithm_working\Occupancy_algorithm\ArduinoCore\Debug\libArduinoCore.a(wiring_digital.o)
                0x00000201                port_to_output_PGM
 .progmem.data.port_to_mode_PGM
                0x0000021b       0x1a C:\Users\syngr\senior-design\Occupancy_algorithm_working\Occupancy_algorithm\ArduinoCore\Debug\libArduinoCore.a(wiring_digital.o)
                0x0000021b                port_to_mode_PGM
 .progmem.data._ZZN13Adafruit_FONAC4EaE3__c_1
                0x00000235        0x3 C:\Users\syngr\senior-design\Occupancy_algorithm_working\Occupancy_algorithm\ArduinoCore\Debug\libArduinoCore.a(Adafruit_FONA.o)
 .progmem.data._ZZN13Adafruit_FONAC4EaE3__c_0
                0x00000238        0x5 C:\Users\syngr\senior-design\Occupancy_algorithm_working\Occupancy_algorithm\ArduinoCore\Debug\libArduinoCore.a(Adafruit_FONA.o)
 .progmem.data._ZZN13Adafruit_FONAC4EaE3__c
                0x0000023d        0x8 C:\Users\syngr\senior-design\Occupancy_algorithm_working\Occupancy_algorithm\ArduinoCore\Debug\libArduinoCore.a(Adafruit_FONA.o)
 .progmem.data._ZL4font
                0x00000245      0x500 C:\Users\syngr\senior-design\Occupancy_algorithm_working\Occupancy_algorithm\ArduinoCore\Debug\libArduinoCore.a(Adafruit_GFX.o)
                0x00000746                . = ALIGN (0x2)
 *fill*         0x00000745        0x1 
 *(.jumptables)
 *(.jumptables*)
 *(.lowtext)
 *(.lowtext*)
                0x00000746                __ctors_start = .
 *(.ctors)
 .ctors         0x00000746        0x2 Fona.o
 .ctors         0x00000748        0x2 GPS.o
 .ctors         0x0000074a        0x2 MAIN.o
 .ctors         0x0000074c        0x2 IR_cam.o
 .ctors         0x0000074e        0x2 Temp_Humidity.o
 .ctors         0x00000750        0x2 C:\Users\syngr\senior-design\Occupancy_algorithm_working\Occupancy_algorithm\ArduinoCore\Debug\libArduinoCore.a(HardwareSerial0.o)
 .ctors         0x00000752        0x2 C:\Users\syngr\senior-design\Occupancy_algorithm_working\Occupancy_algorithm\ArduinoCore\Debug\libArduinoCore.a(HardwareSerial1.o)
 .ctors         0x00000754        0x2 C:\Users\syngr\senior-design\Occupancy_algorithm_working\Occupancy_algorithm\ArduinoCore\Debug\libArduinoCore.a(HardwareSerial2.o)
 .ctors         0x00000756        0x2 C:\Users\syngr\senior-design\Occupancy_algorithm_working\Occupancy_algorithm\ArduinoCore\Debug\libArduinoCore.a(Wire.o)
                0x00000758                __ctors_end = .
                0x00000758                __dtors_start = .
 *(.dtors)
                0x00000758                __dtors_end = .
 SORT(*)(.ctors)
 SORT(*)(.dtors)
 *(.init0)
 .init0         0x00000758        0x0 C:/Program Files (x86)/Atmel/Studio/7.0/Packs/atmel/ATmega_DFP/1.3.300/gcc/dev/atmega2560/avr6/crtatmega2560.o
                0x00000758                __init
 *(.init0)
 *(.init1)
 *(.init1)
 *(.init2)
 .init2         0x00000758       0x10 C:/Program Files (x86)/Atmel/Studio/7.0/Packs/atmel/ATmega_DFP/1.3.300/gcc/dev/atmega2560/avr6/crtatmega2560.o
 *(.init2)
 *(.init3)
 *(.init3)
 *(.init4)
 .init4         0x00000768       0x1a c:/program files (x86)/atmel/studio/7.0/toolchain/avr8/avr8-gnu-toolchain/bin/../lib/gcc/avr/5.4.0/avr6\libgcc.a(_copy_data.o)
                0x00000768                __do_copy_data
 .init4         0x00000782       0x10 c:/program files (x86)/atmel/studio/7.0/toolchain/avr8/avr8-gnu-toolchain/bin/../lib/gcc/avr/5.4.0/avr6\libgcc.a(_clear_bss.o)
                0x00000782                __do_clear_bss
 *(.init4)
 *(.init5)
 *(.init5)
 *(.init6)
 .init6         0x00000792       0x20 c:/program files (x86)/atmel/studio/7.0/toolchain/avr8/avr8-gnu-toolchain/bin/../lib/gcc/avr/5.4.0/avr6\libgcc.a(_ctors.o)
                0x00000792                __do_global_ctors
 *(.init6)
 *(.init7)
 *(.init7)
 *(.init8)
 *(.init8)
 *(.init9)
 .init9         0x000007b2        0x8 C:/Program Files (x86)/Atmel/Studio/7.0/Packs/atmel/ATmega_DFP/1.3.300/gcc/dev/atmega2560/avr6/crtatmega2560.o
 *(.init9)
 *(.text)
 .text          0x000007ba        0x2 C:/Program Files (x86)/Atmel/Studio/7.0/Packs/atmel/ATmega_DFP/1.3.300/gcc/dev/atmega2560/avr6/crtatmega2560.o
                0x000007ba                __vector_38
                0x000007ba                __vector_22
                0x000007ba                __vector_28
                0x000007ba                __vector_32
                0x000007ba                __vector_34
                0x000007ba                __vector_24
                0x000007ba                __vector_12
                0x000007ba                __vector_55
                0x000007ba                __vector_46
                0x000007ba                __bad_interrupt
                0x000007ba                __vector_31
                0x000007ba                __vector_35
                0x000007ba                __vector_30
                0x000007ba                __vector_45
                0x000007ba                __vector_54
                0x000007ba                __vector_13
                0x000007ba                __vector_17
                0x000007ba                __vector_19
                0x000007ba                __vector_56
                0x000007ba                __vector_49
                0x000007ba                __vector_41
                0x000007ba                __vector_43
                0x000007ba                __vector_27
                0x000007ba                __vector_33
                0x000007ba                __vector_47
                0x000007ba                __vector_44
                0x000007ba                __vector_21
                0x000007ba                __vector_15
                0x000007ba                __vector_29
                0x000007ba                __vector_40
                0x000007ba                __vector_48
                0x000007ba                __vector_14
                0x000007ba                __vector_53
                0x000007ba                __vector_50
                0x000007ba                __vector_16
                0x000007ba                __vector_18
                0x000007ba                __vector_20
                0x000007ba                __vector_42
                0x000007bc                . = ALIGN (0x2)
 *(.text.*)
 .text._ZN7TwoWire5writeEi
                0x000007bc        0xe Accelerometer.o
                0x000007bc                _ZN7TwoWire5writeEi
 .text._Z16processAccelDatav
                0x000007ca       0x7a Accelerometer.o
                0x000007ca                _Z16processAccelDatav
 .text._Z15processGyroDatav
                0x00000844       0x7a Accelerometer.o
                0x00000844                _Z15processGyroDatav
 .text._Z20recordAccelRegistersv
                0x000008be       0xdc Accelerometer.o
                0x000008be                _Z20recordAccelRegistersv
 .text._Z19recordGyroRegistersv
                0x0000099a       0xdc Accelerometer.o
                0x0000099a                _Z19recordGyroRegistersv
 .text._Z12Get_MPU_Datav
                0x00000a76       0x22 Accelerometer.o
                0x00000a76                _Z12Get_MPU_Datav
 .text._ZN5Print17availableForWriteEv
                0x00000a98        0x6 Fona.o
                0x00000a98                _ZN5Print17availableForWriteEv
 .text.startup._GLOBAL__sub_I_fonaSerial
                0x00000a9e       0x1c Fona.o
 .text.startup._GLOBAL__sub_I_GPS
                0x00000aba        0xc GPS.o
 .text._Z15Occupant_detectv
                0x00000ac6       0x58 MAIN.o
                0x00000ac6                _Z15Occupant_detectv
 .text.setup    0x00000b1e       0x86 MAIN.o
                0x00000b1e                setup
 .text._Z16Ping_calibrationv
                0x00000ba4       0x32 MAIN.o
                0x00000ba4                _Z16Ping_calibrationv
 .text.loop     0x00000bd6      0x23e MAIN.o
                0x00000bd6                loop
 .text.startup._GLOBAL__sub_I_hcsr04
                0x00000e14       0x22 MAIN.o
 .text._Z13Thermal_setupv
                0x00000e36       0x30 IR_cam.o
                0x00000e36                _Z13Thermal_setupv
 .text._Z12Thermal_readv
                0x00000e66       0xe4 IR_cam.o
                0x00000e66                _Z12Thermal_readv
 .text.startup._GLOBAL__sub_I_displayPixelWidth
                0x00000f4a        0xe IR_cam.o
 .text._ZN7HIH4030C2Ehf
                0x00000f58       0x12 SparkFun_HIH4030.o
                0x00000f58                _ZN7HIH4030C1Ehf
                0x00000f58                _ZN7HIH4030C2Ehf
 .text._Z15Get_temperaturev
                0x00000f6a        0x6 Temp_Humidity.o
                0x00000f6a                _Z15Get_temperaturev
 .text._Z20Get_Felt_Temperaturev
                0x00000f70        0x2 Temp_Humidity.o
                0x00000f70                _Z20Get_Felt_Temperaturev
 .text.startup._GLOBAL__sub_I_myTMP36
                0x00000f72       0x20 Temp_Humidity.o
 .text._ZN5TMP36C2Ehf
                0x00000f92       0x36 TMP36.o
                0x00000f92                _ZN5TMP36C1Ehf
                0x00000f92                _ZN5TMP36C2Ehf
 .text._ZN5TMP369getValuesEv
                0x00000fc8       0x74 TMP36.o
                0x00000fc8                _ZN5TMP369getValuesEv
 .text._ZN5TMP368getTempFEv
                0x0000103c       0x16 TMP36.o
                0x0000103c                _ZN5TMP368getTempFEv
 .text.avr-libc.fplib
                0x00001052        0xa c:/program files (x86)/atmel/studio/7.0/toolchain/avr8/avr8-gnu-toolchain/bin/../lib/gcc/avr/5.4.0/../../../../avr/lib/avr6\libm.a(addsf3.o)
                0x00001052                __subsf3
                0x00001054                __addsf3
 .text.avr-libc.fplib
                0x0000105c       0xc0 c:/program files (x86)/atmel/studio/7.0/toolchain/avr8/avr8-gnu-toolchain/bin/../lib/gcc/avr/5.4.0/../../../../avr/lib/avr6\libm.a(addsf3x.o)
                0x00001076                __addsf3x
 .text.avr-libc.fplib
                0x0000111c        0x8 c:/program files (x86)/atmel/studio/7.0/toolchain/avr8/avr8-gnu-toolchain/bin/../lib/gcc/avr/5.4.0/../../../../avr/lib/avr6\libm.a(cmpsf2.o)
                0x0000111c                __nesf2
                0x0000111c                __eqsf2
                0x0000111c                __cmpsf2
                0x0000111c                __ltsf2
                0x0000111c                __lesf2
 .text.avr-libc.fplib
                0x00001124        0x4 c:/program files (x86)/atmel/studio/7.0/toolchain/avr8/avr8-gnu-toolchain/bin/../lib/gcc/avr/5.4.0/../../../../avr/lib/avr6\libm.a(divsf3.o)
                0x00001124                __divsf3
 .text.avr-libc.fplib
                0x00001128       0xcc c:/program files (x86)/atmel/studio/7.0/toolchain/avr8/avr8-gnu-toolchain/bin/../lib/gcc/avr/5.4.0/../../../../avr/lib/avr6\libm.a(divsf3x.o)
                0x0000113e                __divsf3x
                0x00001142                __divsf3_pse
 .text.avr-libc.fplib
                0x000011f4        0xa c:/program files (x86)/atmel/studio/7.0/toolchain/avr8/avr8-gnu-toolchain/bin/../lib/gcc/avr/5.4.0/../../../../avr/lib/avr6\libm.a(fixsfsi.o)
                0x000011f4                __fixsfsi
 .text.avr-libc.fplib
                0x000011fe       0x58 c:/program files (x86)/atmel/studio/7.0/toolchain/avr8/avr8-gnu-toolchain/bin/../lib/gcc/avr/5.4.0/../../../../avr/lib/avr6\libm.a(fixunssfsi.o)
                0x000011fe                __fixunssfsi
 .text.avr-libc.fplib
                0x00001256       0x7a c:/program files (x86)/atmel/studio/7.0/toolchain/avr8/avr8-gnu-toolchain/bin/../lib/gcc/avr/5.4.0/../../../../avr/lib/avr6\libm.a(floatsisf.o)
                0x00001256                __floatunsisf
                0x0000125a                __floatsisf
 .text.avr-libc.fplib
                0x000012d0       0x48 c:/program files (x86)/atmel/studio/7.0/toolchain/avr8/avr8-gnu-toolchain/bin/../lib/gcc/avr/5.4.0/../../../../avr/lib/avr6\libm.a(fp_cmp.o)
                0x000012d0                __fp_cmp
 .text.avr-libc.fplib
                0x00001318        0xc c:/program files (x86)/atmel/studio/7.0/toolchain/avr8/avr8-gnu-toolchain/bin/../lib/gcc/avr/5.4.0/../../../../avr/lib/avr6\libm.a(fp_inf.o)
                0x00001318                __fp_inf
 .text.avr-libc.fplib
                0x00001324        0x6 c:/program files (x86)/atmel/studio/7.0/toolchain/avr8/avr8-gnu-toolchain/bin/../lib/gcc/avr/5.4.0/../../../../avr/lib/avr6\libm.a(fp_nan.o)
                0x00001324                __fp_nan
 .text.avr-libc.fplib
                0x0000132a        0xe c:/program files (x86)/atmel/studio/7.0/toolchain/avr8/avr8-gnu-toolchain/bin/../lib/gcc/avr/5.4.0/../../../../avr/lib/avr6\libm.a(fp_pscA.o)
                0x0000132a                __fp_pscA
 .text.avr-libc.fplib
                0x00001338        0xe c:/program files (x86)/atmel/studio/7.0/toolchain/avr8/avr8-gnu-toolchain/bin/../lib/gcc/avr/5.4.0/../../../../avr/lib/avr6\libm.a(fp_pscB.o)
                0x00001338                __fp_pscB
 .text.avr-libc.fplib
                0x00001346       0x22 c:/program files (x86)/atmel/studio/7.0/toolchain/avr8/avr8-gnu-toolchain/bin/../lib/gcc/avr/5.4.0/../../../../avr/lib/avr6\libm.a(fp_round.o)
                0x00001346                __fp_round
 .text.avr-libc.fplib
                0x00001368       0x44 c:/program files (x86)/atmel/studio/7.0/toolchain/avr8/avr8-gnu-toolchain/bin/../lib/gcc/avr/5.4.0/../../../../avr/lib/avr6\libm.a(fp_split3.o)
                0x00001368                __fp_split3
                0x00001378                __fp_splitA
 .text.avr-libc.fplib
                0x000013ac        0xe c:/program files (x86)/atmel/studio/7.0/toolchain/avr8/avr8-gnu-toolchain/bin/../lib/gcc/avr/5.4.0/../../../../avr/lib/avr6\libm.a(fp_zero.o)
                0x000013ac                __fp_zero
                0x000013ae                __fp_szero
 .text.avr-libc.fplib
                0x000013ba        0x8 c:/program files (x86)/atmel/studio/7.0/toolchain/avr8/avr8-gnu-toolchain/bin/../lib/gcc/avr/5.4.0/../../../../avr/lib/avr6\libm.a(gesf2.o)
                0x000013ba                __gesf2
                0x000013ba                __gtsf2
 .text.avr-libc.fplib
                0x000013c2        0x4 c:/program files (x86)/atmel/studio/7.0/toolchain/avr8/avr8-gnu-toolchain/bin/../lib/gcc/avr/5.4.0/../../../../avr/lib/avr6\libm.a(mulsf3.o)
                0x000013c2                __mulsf3
 .text.avr-libc.fplib
                0x000013c6       0xc2 c:/program files (x86)/atmel/studio/7.0/toolchain/avr8/avr8-gnu-toolchain/bin/../lib/gcc/avr/5.4.0/../../../../avr/lib/avr6\libm.a(mulsf3x.o)
                0x000013da                __mulsf3x
                0x000013de                __mulsf3_pse
 .text._ZN14HardwareSerial9availableEv
                0x00001488       0x18 C:\Users\syngr\senior-design\Occupancy_algorithm_working\Occupancy_algorithm\ArduinoCore\Debug\libArduinoCore.a(HardwareSerial.o)
                0x00001488                _ZN14HardwareSerial9availableEv
 .text._ZN14HardwareSerial4peekEv
                0x000014a0       0x1c C:\Users\syngr\senior-design\Occupancy_algorithm_working\Occupancy_algorithm\ArduinoCore\Debug\libArduinoCore.a(HardwareSerial.o)
                0x000014a0                _ZN14HardwareSerial4peekEv
 .text._ZN14HardwareSerial4readEv
                0x000014bc       0x28 C:\Users\syngr\senior-design\Occupancy_algorithm_working\Occupancy_algorithm\ArduinoCore\Debug\libArduinoCore.a(HardwareSerial.o)
                0x000014bc                _ZN14HardwareSerial4readEv
 .text._ZN14HardwareSerial17availableForWriteEv
                0x000014e4       0x1e C:\Users\syngr\senior-design\Occupancy_algorithm_working\Occupancy_algorithm\ArduinoCore\Debug\libArduinoCore.a(HardwareSerial.o)
                0x000014e4                _ZN14HardwareSerial17availableForWriteEv
 .text._Z14serialEventRunv
                0x00001502       0x74 C:\Users\syngr\senior-design\Occupancy_algorithm_working\Occupancy_algorithm\ArduinoCore\Debug\libArduinoCore.a(HardwareSerial.o)
                0x00001502                _Z14serialEventRunv
 .text._ZN14HardwareSerial17_tx_udr_empty_irqEv
                0x00001576       0x44 C:\Users\syngr\senior-design\Occupancy_algorithm_working\Occupancy_algorithm\ArduinoCore\Debug\libArduinoCore.a(HardwareSerial.o)
                0x00001576                _ZN14HardwareSerial17_tx_udr_empty_irqEv
 .text._ZN14HardwareSerial5writeEh
                0x000015ba       0x98 C:\Users\syngr\senior-design\Occupancy_algorithm_working\Occupancy_algorithm\ArduinoCore\Debug\libArduinoCore.a(HardwareSerial.o)
                0x000015ba                _ZN14HardwareSerial5writeEh
 .text._ZN14HardwareSerial5flushEv
                0x00001652       0x42 C:\Users\syngr\senior-design\Occupancy_algorithm_working\Occupancy_algorithm\ArduinoCore\Debug\libArduinoCore.a(HardwareSerial.o)
                0x00001652                _ZN14HardwareSerial5flushEv
 .text._ZN14HardwareSerial5beginEmh
                0x00001694       0xca C:\Users\syngr\senior-design\Occupancy_algorithm_working\Occupancy_algorithm\ArduinoCore\Debug\libArduinoCore.a(HardwareSerial.o)
                0x00001694                _ZN14HardwareSerial5beginEmh
 .text._ZN5Print5flushEv
                0x0000175e        0x2 C:\Users\syngr\senior-design\Occupancy_algorithm_working\Occupancy_algorithm\ArduinoCore\Debug\libArduinoCore.a(HardwareSerial0.o)
                0x0000175e                _ZN5Print5flushEv
 .text.__vector_25
                0x00001760       0x6c C:\Users\syngr\senior-design\Occupancy_algorithm_working\Occupancy_algorithm\ArduinoCore\Debug\libArduinoCore.a(HardwareSerial0.o)
                0x00001760                __vector_25
 .text.__vector_26
                0x000017cc       0x52 C:\Users\syngr\senior-design\Occupancy_algorithm_working\Occupancy_algorithm\ArduinoCore\Debug\libArduinoCore.a(HardwareSerial0.o)
                0x000017cc                __vector_26
 .text._Z17Serial0_availablev
                0x0000181e       0x12 C:\Users\syngr\senior-design\Occupancy_algorithm_working\Occupancy_algorithm\ArduinoCore\Debug\libArduinoCore.a(HardwareSerial0.o)
                0x0000181e                _Z17Serial0_availablev
 .text.startup._GLOBAL__sub_I___vector_25
                0x00001830       0x5a C:\Users\syngr\senior-design\Occupancy_algorithm_working\Occupancy_algorithm\ArduinoCore\Debug\libArduinoCore.a(HardwareSerial0.o)
 .text.__vector_36
                0x0000188a       0x6c C:\Users\syngr\senior-design\Occupancy_algorithm_working\Occupancy_algorithm\ArduinoCore\Debug\libArduinoCore.a(HardwareSerial1.o)
                0x0000188a                __vector_36
 .text.__vector_37
                0x000018f6       0x52 C:\Users\syngr\senior-design\Occupancy_algorithm_working\Occupancy_algorithm\ArduinoCore\Debug\libArduinoCore.a(HardwareSerial1.o)
                0x000018f6                __vector_37
 .text._Z17Serial1_availablev
                0x00001948       0x12 C:\Users\syngr\senior-design\Occupancy_algorithm_working\Occupancy_algorithm\ArduinoCore\Debug\libArduinoCore.a(HardwareSerial1.o)
                0x00001948                _Z17Serial1_availablev
 .text.startup._GLOBAL__sub_I___vector_36
                0x0000195a       0x5a C:\Users\syngr\senior-design\Occupancy_algorithm_working\Occupancy_algorithm\ArduinoCore\Debug\libArduinoCore.a(HardwareSerial1.o)
 .text.__vector_51
                0x000019b4       0x6c C:\Users\syngr\senior-design\Occupancy_algorithm_working\Occupancy_algorithm\ArduinoCore\Debug\libArduinoCore.a(HardwareSerial2.o)
                0x000019b4                __vector_51
 .text.__vector_52
                0x00001a20       0x52 C:\Users\syngr\senior-design\Occupancy_algorithm_working\Occupancy_algorithm\ArduinoCore\Debug\libArduinoCore.a(HardwareSerial2.o)
                0x00001a20                __vector_52
 .text._Z17Serial2_availablev
                0x00001a72       0x12 C:\Users\syngr\senior-design\Occupancy_algorithm_working\Occupancy_algorithm\ArduinoCore\Debug\libArduinoCore.a(HardwareSerial2.o)
                0x00001a72                _Z17Serial2_availablev
 .text.startup._GLOBAL__sub_I___vector_51
                0x00001a84       0x5a C:\Users\syngr\senior-design\Occupancy_algorithm_working\Occupancy_algorithm\ArduinoCore\Debug\libArduinoCore.a(HardwareSerial2.o)
 .text.initVariant
                0x00001ade        0x2 C:\Users\syngr\senior-design\Occupancy_algorithm_working\Occupancy_algorithm\ArduinoCore\Debug\libArduinoCore.a(main.o)
                0x00001ade                initVariant
 .text.startup.main
                0x00001ae0       0x14 C:\Users\syngr\senior-design\Occupancy_algorithm_working\Occupancy_algorithm\ArduinoCore\Debug\libArduinoCore.a(main.o)
                0x00001ae0                main
 .text._ZN5Print5writeEPKhj
                0x00001af4       0x54 C:\Users\syngr\senior-design\Occupancy_algorithm_working\Occupancy_algorithm\ArduinoCore\Debug\libArduinoCore.a(Print.o)
                0x00001af4                _ZN5Print5writeEPKhj
 .text._ZN5Print5writeEPKc
                0x00001b48       0x2a C:\Users\syngr\senior-design\Occupancy_algorithm_working\Occupancy_algorithm\ArduinoCore\Debug\libArduinoCore.a(Print.o)
                0x00001b48                _ZN5Print5writeEPKc
 .text._ZN5Print5printEPK19__FlashStringHelper
                0x00001b72       0x48 C:\Users\syngr\senior-design\Occupancy_algorithm_working\Occupancy_algorithm\ArduinoCore\Debug\libArduinoCore.a(Print.o)
                0x00001b72                _ZN5Print5printEPK19__FlashStringHelper
 .text._ZN5Print7printlnEv
                0x00001bba        0x6 C:\Users\syngr\senior-design\Occupancy_algorithm_working\Occupancy_algorithm\ArduinoCore\Debug\libArduinoCore.a(Print.o)
                0x00001bba                _ZN5Print7printlnEv
 .text._ZN5Print7printlnEPK19__FlashStringHelper
                0x00001bc0       0x20 C:\Users\syngr\senior-design\Occupancy_algorithm_working\Occupancy_algorithm\ArduinoCore\Debug\libArduinoCore.a(Print.o)
                0x00001bc0                _ZN5Print7printlnEPK19__FlashStringHelper
 .text._ZN5Print7printlnEPKc
                0x00001be0       0x20 C:\Users\syngr\senior-design\Occupancy_algorithm_working\Occupancy_algorithm\ArduinoCore\Debug\libArduinoCore.a(Print.o)
                0x00001be0                _ZN5Print7printlnEPKc
 .text.__vector_23
                0x00001c00       0x94 C:\Users\syngr\senior-design\Occupancy_algorithm_working\Occupancy_algorithm\ArduinoCore\Debug\libArduinoCore.a(wiring.o)
                0x00001c00                __vector_23
 .text.micros   0x00001c94       0x4a C:\Users\syngr\senior-design\Occupancy_algorithm_working\Occupancy_algorithm\ArduinoCore\Debug\libArduinoCore.a(wiring.o)
                0x00001c94                micros
 .text.delay    0x00001cde       0x74 C:\Users\syngr\senior-design\Occupancy_algorithm_working\Occupancy_algorithm\ArduinoCore\Debug\libArduinoCore.a(wiring.o)
                0x00001cde                delay
 .text.delayMicroseconds
                0x00001d52       0x16 C:\Users\syngr\senior-design\Occupancy_algorithm_working\Occupancy_algorithm\ArduinoCore\Debug\libArduinoCore.a(wiring.o)
                0x00001d52                delayMicroseconds
 .text.init     0x00001d68       0xc4 C:\Users\syngr\senior-design\Occupancy_algorithm_working\Occupancy_algorithm\ArduinoCore\Debug\libArduinoCore.a(wiring.o)
                0x00001d68                init
 .text.analogRead
                0x00001e2c       0x4a C:\Users\syngr\senior-design\Occupancy_algorithm_working\Occupancy_algorithm\ArduinoCore\Debug\libArduinoCore.a(wiring_analog.o)
                0x00001e2c                analogRead
 .text.turnOffPWM
                0x00001e76       0xac C:\Users\syngr\senior-design\Occupancy_algorithm_working\Occupancy_algorithm\ArduinoCore\Debug\libArduinoCore.a(wiring_digital.o)
 .text.pinMode  0x00001f22       0x78 C:\Users\syngr\senior-design\Occupancy_algorithm_working\Occupancy_algorithm\ArduinoCore\Debug\libArduinoCore.a(wiring_digital.o)
                0x00001f22                pinMode
 .text.digitalWrite
                0x00001f9a       0x5c C:\Users\syngr\senior-design\Occupancy_algorithm_working\Occupancy_algorithm\ArduinoCore\Debug\libArduinoCore.a(wiring_digital.o)
                0x00001f9a                digitalWrite
 .text.digitalRead
                0x00001ff6       0x50 C:\Users\syngr\senior-design\Occupancy_algorithm_working\Occupancy_algorithm\ArduinoCore\Debug\libArduinoCore.a(wiring_digital.o)
                0x00001ff6                digitalRead
 .text._ZN16Adafruit_AMG88xx5writeEhPhh
                0x00002046       0x50 C:\Users\syngr\senior-design\Occupancy_algorithm_working\Occupancy_algorithm\ArduinoCore\Debug\libArduinoCore.a(Adafruit_AMG88xx.o)
                0x00002046                _ZN16Adafruit_AMG88xx5writeEhPhh
 .text._ZN16Adafruit_AMG88xx6write8Ehh
                0x00002096       0x1e C:\Users\syngr\senior-design\Occupancy_algorithm_working\Occupancy_algorithm\ArduinoCore\Debug\libArduinoCore.a(Adafruit_AMG88xx.o)
                0x00002096                _ZN16Adafruit_AMG88xx6write8Ehh
 .text._ZN16Adafruit_AMG88xx16disableInterruptEv
                0x000020b4       0x18 C:\Users\syngr\senior-design\Occupancy_algorithm_working\Occupancy_algorithm\ArduinoCore\Debug\libArduinoCore.a(Adafruit_AMG88xx.o)
                0x000020b4                _ZN16Adafruit_AMG88xx16disableInterruptEv
 .text._ZN16Adafruit_AMG88xx5beginEh
                0x000020cc       0x48 C:\Users\syngr\senior-design\Occupancy_algorithm_working\Occupancy_algorithm\ArduinoCore\Debug\libArduinoCore.a(Adafruit_AMG88xx.o)
                0x000020cc                _ZN16Adafruit_AMG88xx5beginEh
 .text._ZN16Adafruit_AMG88xx4readEhPhh
                0x00002114       0xa6 C:\Users\syngr\senior-design\Occupancy_algorithm_working\Occupancy_algorithm\ArduinoCore\Debug\libArduinoCore.a(Adafruit_AMG88xx.o)
                0x00002114                _ZN16Adafruit_AMG88xx4readEhPhh
 .text._ZN16Adafruit_AMG88xx10readPixelsEPfh
                0x000021ba       0xd4 C:\Users\syngr\senior-design\Occupancy_algorithm_working\Occupancy_algorithm\ArduinoCore\Debug\libArduinoCore.a(Adafruit_AMG88xx.o)
                0x000021ba                _ZN16Adafruit_AMG88xx10readPixelsEPfh
 .text._ZN11SPISettingsC2Emhh
                0x0000228e       0x4a C:\Users\syngr\senior-design\Occupancy_algorithm_working\Occupancy_algorithm\ArduinoCore\Debug\libArduinoCore.a(Adafruit_GPS.o)
                0x0000228e                _ZN11SPISettingsC1Emhh
                0x0000228e                _ZN11SPISettingsC2Emhh
 .text._ZN8SPIClass16beginTransactionE11SPISettings
                0x000022d8       0x34 C:\Users\syngr\senior-design\Occupancy_algorithm_working\Occupancy_algorithm\ArduinoCore\Debug\libArduinoCore.a(Adafruit_GPS.o)
                0x000022d8                _ZN8SPIClass16beginTransactionE11SPISettings
 .text._ZN8SPIClass14endTransactionEv
                0x0000230c       0x22 C:\Users\syngr\senior-design\Occupancy_algorithm_working\Occupancy_algorithm\ArduinoCore\Debug\libArduinoCore.a(Adafruit_GPS.o)
                0x0000230c                _ZN8SPIClass14endTransactionEv
 .text._ZN12Adafruit_GPS5writeEh
                0x0000232e       0xf0 C:\Users\syngr\senior-design\Occupancy_algorithm_working\Occupancy_algorithm\ArduinoCore\Debug\libArduinoCore.a(Adafruit_GPS.o)
                0x0000232e                _ZN12Adafruit_GPS5writeEh
 .text._ZN12Adafruit_GPS11common_initEv
                0x0000241e       0xf4 C:\Users\syngr\senior-design\Occupancy_algorithm_working\Occupancy_algorithm\ArduinoCore\Debug\libArduinoCore.a(Adafruit_GPS.o)
                0x0000241e                _ZN12Adafruit_GPS11common_initEv
 .text._ZN12Adafruit_GPSC2EP14HardwareSerial
                0x00002512      0x10a C:\Users\syngr\senior-design\Occupancy_algorithm_working\Occupancy_algorithm\ArduinoCore\Debug\libArduinoCore.a(Adafruit_GPS.o)
                0x00002512                _ZN12Adafruit_GPSC1EP14HardwareSerial
                0x00002512                _ZN12Adafruit_GPSC2EP14HardwareSerial
 .text._ZN15Adafruit_ST773511setRotationEh
                0x0000261c      0x132 C:\Users\syngr\senior-design\Occupancy_algorithm_working\Occupancy_algorithm\ArduinoCore\Debug\libArduinoCore.a(Adafruit_ST7735.o)
                0x0000261c                _ZN15Adafruit_ST773511setRotationEh
 .text._ZN15Adafruit_ST7735C2Eaaa
                0x0000274e       0x2c C:\Users\syngr\senior-design\Occupancy_algorithm_working\Occupancy_algorithm\ArduinoCore\Debug\libArduinoCore.a(Adafruit_ST7735.o)
                0x0000274e                _ZN15Adafruit_ST7735C1Eaaa
                0x0000274e                _ZN15Adafruit_ST7735C2Eaaa
 .text._ZN15Adafruit_ST77xx5beginEm
                0x0000277a       0x32 C:\Users\syngr\senior-design\Occupancy_algorithm_working\Occupancy_algorithm\ArduinoCore\Debug\libArduinoCore.a(Adafruit_ST77xx.o)
                0x0000277a                _ZN15Adafruit_ST77xx5beginEm
 .text._ZN15Adafruit_ST77xx13setAddrWindowEjjjj
                0x000027ac       0xb2 C:\Users\syngr\senior-design\Occupancy_algorithm_working\Occupancy_algorithm\ArduinoCore\Debug\libArduinoCore.a(Adafruit_ST77xx.o)
                0x000027ac                _ZN15Adafruit_ST77xx13setAddrWindowEjjjj
 .text._ZN15Adafruit_ST77xx11setRotationEh
                0x0000285e       0x78 C:\Users\syngr\senior-design\Occupancy_algorithm_working\Occupancy_algorithm\ArduinoCore\Debug\libArduinoCore.a(Adafruit_ST77xx.o)
                0x0000285e                _ZN15Adafruit_ST77xx11setRotationEh
 .text._ZN15Adafruit_ST77xxC2Ejjaaa
                0x000028d6       0x32 C:\Users\syngr\senior-design\Occupancy_algorithm_working\Occupancy_algorithm\ArduinoCore\Debug\libArduinoCore.a(Adafruit_ST77xx.o)
                0x000028d6                _ZN15Adafruit_ST77xxC2Ejjaaa
                0x000028d6                _ZN15Adafruit_ST77xxC1Ejjaaa
 .text._ZN6HCSR04C2Eiiii
                0x00002908       0x5e C:\Users\syngr\senior-design\Occupancy_algorithm_working\Occupancy_algorithm\ArduinoCore\Debug\libArduinoCore.a(hcsr04.o)
                0x00002908                _ZN6HCSR04C1Eiiii
                0x00002908                _ZN6HCSR04C2Eiiii
 .text._ZN6HCSR0418echoInMicrosecondsEv
                0x00002966       0x58 C:\Users\syngr\senior-design\Occupancy_algorithm_working\Occupancy_algorithm\ArduinoCore\Debug\libArduinoCore.a(hcsr04.o)
                0x00002966                _ZN6HCSR0418echoInMicrosecondsEv
 .text._ZN6HCSR0421distanceInMillimetersEv
                0x000029be       0x62 C:\Users\syngr\senior-design\Occupancy_algorithm_working\Occupancy_algorithm\ArduinoCore\Debug\libArduinoCore.a(hcsr04.o)
                0x000029be                _ZN6HCSR0421distanceInMillimetersEv
 .text.__vector_9
                0x00002a20       0xf8 C:\Users\syngr\senior-design\Occupancy_algorithm_working\Occupancy_algorithm\ArduinoCore\Debug\libArduinoCore.a(SoftwareSerial.o)
                0x00002a20                __vector_9
                0x00002a20                __vector_10
                0x00002a20                __vector_11
 .text._ZN8SPIClass5beginEv
                0x00002b18       0x64 C:\Users\syngr\senior-design\Occupancy_algorithm_working\Occupancy_algorithm\ArduinoCore\Debug\libArduinoCore.a(SPI.o)
                0x00002b18                _ZN8SPIClass5beginEv
 .text._ZN7TwoWire9availableEv
                0x00002b7c       0x10 C:\Users\syngr\senior-design\Occupancy_algorithm_working\Occupancy_algorithm\ArduinoCore\Debug\libArduinoCore.a(Wire.o)
                0x00002b7c                _ZN7TwoWire9availableEv
 .text._ZN7TwoWire4readEv
                0x00002b8c       0x28 C:\Users\syngr\senior-design\Occupancy_algorithm_working\Occupancy_algorithm\ArduinoCore\Debug\libArduinoCore.a(Wire.o)
                0x00002b8c                _ZN7TwoWire4readEv
 .text._ZN7TwoWire4peekEv
                0x00002bb4       0x1e C:\Users\syngr\senior-design\Occupancy_algorithm_working\Occupancy_algorithm\ArduinoCore\Debug\libArduinoCore.a(Wire.o)
                0x00002bb4                _ZN7TwoWire4peekEv
 .text._ZN7TwoWire5flushEv
                0x00002bd2        0x2 C:\Users\syngr\senior-design\Occupancy_algorithm_working\Occupancy_algorithm\ArduinoCore\Debug\libArduinoCore.a(Wire.o)
                0x00002bd2                _ZN7TwoWire5flushEv
 .text._ZN7TwoWire16onReceiveServiceEPhi
                0x00002bd4       0x54 C:\Users\syngr\senior-design\Occupancy_algorithm_working\Occupancy_algorithm\ArduinoCore\Debug\libArduinoCore.a(Wire.o)
                0x00002bd4                _ZN7TwoWire16onReceiveServiceEPhi
 .text._ZN7TwoWire16onRequestServiceEv
                0x00002c28       0x18 C:\Users\syngr\senior-design\Occupancy_algorithm_working\Occupancy_algorithm\ArduinoCore\Debug\libArduinoCore.a(Wire.o)
                0x00002c28                _ZN7TwoWire16onRequestServiceEv
 .text._ZN7TwoWire5writeEPKhj
                0x00002c40       0x5a C:\Users\syngr\senior-design\Occupancy_algorithm_working\Occupancy_algorithm\ArduinoCore\Debug\libArduinoCore.a(Wire.o)
                0x00002c40                _ZN7TwoWire5writeEPKhj
 .text._ZN7TwoWire5writeEh
                0x00002c9a       0x5e C:\Users\syngr\senior-design\Occupancy_algorithm_working\Occupancy_algorithm\ArduinoCore\Debug\libArduinoCore.a(Wire.o)
                0x00002c9a                _ZN7TwoWire5writeEh
 .text._ZN7TwoWireC2Ev
                0x00002cf8       0x20 C:\Users\syngr\senior-design\Occupancy_algorithm_working\Occupancy_algorithm\ArduinoCore\Debug\libArduinoCore.a(Wire.o)
                0x00002cf8                _ZN7TwoWireC1Ev
                0x00002cf8                _ZN7TwoWireC2Ev
 .text._ZN7TwoWire5beginEv
                0x00002d18       0x24 C:\Users\syngr\senior-design\Occupancy_algorithm_working\Occupancy_algorithm\ArduinoCore\Debug\libArduinoCore.a(Wire.o)
                0x00002d18                _ZN7TwoWire5beginEv
 .text._ZN7TwoWire17beginTransmissionEh
                0x00002d3c       0x14 C:\Users\syngr\senior-design\Occupancy_algorithm_working\Occupancy_algorithm\ArduinoCore\Debug\libArduinoCore.a(Wire.o)
                0x00002d3c                _ZN7TwoWire17beginTransmissionEh
 .text._ZN7TwoWire17beginTransmissionEi
                0x00002d50        0x2 C:\Users\syngr\senior-design\Occupancy_algorithm_working\Occupancy_algorithm\ArduinoCore\Debug\libArduinoCore.a(Wire.o)
                0x00002d50                _ZN7TwoWire17beginTransmissionEi
 .text._ZN7TwoWire15endTransmissionEh
                0x00002d52       0x26 C:\Users\syngr\senior-design\Occupancy_algorithm_working\Occupancy_algorithm\ArduinoCore\Debug\libArduinoCore.a(Wire.o)
                0x00002d52                _ZN7TwoWire15endTransmissionEh
 .text._ZN7TwoWire11requestFromEhhmhh
                0x00002d78       0xa4 C:\Users\syngr\senior-design\Occupancy_algorithm_working\Occupancy_algorithm\ArduinoCore\Debug\libArduinoCore.a(Wire.o)
                0x00002d78                _ZN7TwoWire11requestFromEhhmhh
 .text._ZN7TwoWire11requestFromEhhh
                0x00002e1c       0x1e C:\Users\syngr\senior-design\Occupancy_algorithm_working\Occupancy_algorithm\ArduinoCore\Debug\libArduinoCore.a(Wire.o)
                0x00002e1c                _ZN7TwoWire11requestFromEhhh
 .text._ZN7TwoWire11requestFromEhh
                0x00002e3a        0x4 C:\Users\syngr\senior-design\Occupancy_algorithm_working\Occupancy_algorithm\ArduinoCore\Debug\libArduinoCore.a(Wire.o)
                0x00002e3a                _ZN7TwoWire11requestFromEhh
 .text._ZN7TwoWire11requestFromEii
                0x00002e3e        0x4 C:\Users\syngr\senior-design\Occupancy_algorithm_working\Occupancy_algorithm\ArduinoCore\Debug\libArduinoCore.a(Wire.o)
                0x00002e3e                _ZN7TwoWire11requestFromEii
 .text._ZN7TwoWire15endTransmissionEv
                0x00002e42        0x4 C:\Users\syngr\senior-design\Occupancy_algorithm_working\Occupancy_algorithm\ArduinoCore\Debug\libArduinoCore.a(Wire.o)
                0x00002e42                _ZN7TwoWire15endTransmissionEv
 .text.startup._GLOBAL__sub_I__ZN7TwoWire8rxBufferE
                0x00002e46        0x6 C:\Users\syngr\senior-design\Occupancy_algorithm_working\Occupancy_algorithm\ArduinoCore\Debug\libArduinoCore.a(Wire.o)
 .text._ZN13Adafruit_FONA9availableEv
                0x00002e4c       0x18 C:\Users\syngr\senior-design\Occupancy_algorithm_working\Occupancy_algorithm\ArduinoCore\Debug\libArduinoCore.a(Adafruit_FONA.o)
                0x00002e4c                _ZN13Adafruit_FONA9availableEv
 .text._ZN13Adafruit_FONA5writeEh
                0x00002e64       0x18 C:\Users\syngr\senior-design\Occupancy_algorithm_working\Occupancy_algorithm\ArduinoCore\Debug\libArduinoCore.a(Adafruit_FONA.o)
                0x00002e64                _ZN13Adafruit_FONA5writeEh
 .text._ZN13Adafruit_FONA4readEv
                0x00002e7c       0x18 C:\Users\syngr\senior-design\Occupancy_algorithm_working\Occupancy_algorithm\ArduinoCore\Debug\libArduinoCore.a(Adafruit_FONA.o)
                0x00002e7c                _ZN13Adafruit_FONA4readEv
 .text._ZN13Adafruit_FONA4peekEv
                0x00002e94       0x18 C:\Users\syngr\senior-design\Occupancy_algorithm_working\Occupancy_algorithm\ArduinoCore\Debug\libArduinoCore.a(Adafruit_FONA.o)
                0x00002e94                _ZN13Adafruit_FONA4peekEv
 .text._ZN13Adafruit_FONA5flushEv
                0x00002eac       0x18 C:\Users\syngr\senior-design\Occupancy_algorithm_working\Occupancy_algorithm\ArduinoCore\Debug\libArduinoCore.a(Adafruit_FONA.o)
                0x00002eac                _ZN13Adafruit_FONA5flushEv
 .text._ZN13Adafruit_FONAC2Ea
                0x00002ec4       0x64 C:\Users\syngr\senior-design\Occupancy_algorithm_working\Occupancy_algorithm\ArduinoCore\Debug\libArduinoCore.a(Adafruit_FONA.o)
                0x00002ec4                _ZN13Adafruit_FONAC1Ea
                0x00002ec4                _ZN13Adafruit_FONAC2Ea
 .text.__cxa_pure_virtual
                0x00002f28        0x4 C:\Users\syngr\senior-design\Occupancy_algorithm_working\Occupancy_algorithm\ArduinoCore\Debug\libArduinoCore.a(abi.o)
                0x00002f28                __cxa_pure_virtual
 .text.__empty  0x00002f2c        0x2 C:\Users\syngr\senior-design\Occupancy_algorithm_working\Occupancy_algorithm\ArduinoCore\Debug\libArduinoCore.a(hooks.o)
                0x00002f2c                yield
 .text.nothing  0x00002f2e        0x2 C:\Users\syngr\senior-design\Occupancy_algorithm_working\Occupancy_algorithm\ArduinoCore\Debug\libArduinoCore.a(WInterrupts.o)
 .text.__vector_1
                0x00002f30       0x56 C:\Users\syngr\senior-design\Occupancy_algorithm_working\Occupancy_algorithm\ArduinoCore\Debug\libArduinoCore.a(WInterrupts.o)
                0x00002f30                __vector_1
 .text.__vector_2
                0x00002f86       0x56 C:\Users\syngr\senior-design\Occupancy_algorithm_working\Occupancy_algorithm\ArduinoCore\Debug\libArduinoCore.a(WInterrupts.o)
                0x00002f86                __vector_2
 .text.__vector_3
                0x00002fdc       0x56 C:\Users\syngr\senior-design\Occupancy_algorithm_working\Occupancy_algorithm\ArduinoCore\Debug\libArduinoCore.a(WInterrupts.o)
                0x00002fdc                __vector_3
 .text.__vector_4
                0x00003032       0x56 C:\Users\syngr\senior-design\Occupancy_algorithm_working\Occupancy_algorithm\ArduinoCore\Debug\libArduinoCore.a(WInterrupts.o)
                0x00003032                __vector_4
 .text.__vector_5
                0x00003088       0x56 C:\Users\syngr\senior-design\Occupancy_algorithm_working\Occupancy_algorithm\ArduinoCore\Debug\libArduinoCore.a(WInterrupts.o)
                0x00003088                __vector_5
 .text.__vector_6
                0x000030de       0x56 C:\Users\syngr\senior-design\Occupancy_algorithm_working\Occupancy_algorithm\ArduinoCore\Debug\libArduinoCore.a(WInterrupts.o)
                0x000030de                __vector_6
 .text.__vector_7
                0x00003134       0x56 C:\Users\syngr\senior-design\Occupancy_algorithm_working\Occupancy_algorithm\ArduinoCore\Debug\libArduinoCore.a(WInterrupts.o)
                0x00003134                __vector_7
 .text.__vector_8
                0x0000318a       0x56 C:\Users\syngr\senior-design\Occupancy_algorithm_working\Occupancy_algorithm\ArduinoCore\Debug\libArduinoCore.a(WInterrupts.o)
                0x0000318a                __vector_8
 .text._ZN12Adafruit_GFX9writeLineEiiiij
                0x000031e0      0x162 C:\Users\syngr\senior-design\Occupancy_algorithm_working\Occupancy_algorithm\ArduinoCore\Debug\libArduinoCore.a(Adafruit_GFX.o)
                0x000031e0                _ZN12Adafruit_GFX9writeLineEiiiij
 .text._ZN12Adafruit_GFX10writePixelEiij
                0x00003342        0xe C:\Users\syngr\senior-design\Occupancy_algorithm_working\Occupancy_algorithm\ArduinoCore\Debug\libArduinoCore.a(Adafruit_GFX.o)
                0x00003342                _ZN12Adafruit_GFX10writePixelEiij
 .text._ZN12Adafruit_GFX14writeFastVLineEiiij
                0x00003350       0x18 C:\Users\syngr\senior-design\Occupancy_algorithm_working\Occupancy_algorithm\ArduinoCore\Debug\libArduinoCore.a(Adafruit_GFX.o)
                0x00003350                _ZN12Adafruit_GFX14writeFastVLineEiiij
 .text._ZN12Adafruit_GFX14writeFastHLineEiiij
                0x00003368       0x18 C:\Users\syngr\senior-design\Occupancy_algorithm_working\Occupancy_algorithm\ArduinoCore\Debug\libArduinoCore.a(Adafruit_GFX.o)
                0x00003368                _ZN12Adafruit_GFX14writeFastHLineEiiij
 .text._ZN12Adafruit_GFX13writeFillRectEiiiij
                0x00003380       0x20 C:\Users\syngr\senior-design\Occupancy_algorithm_working\Occupancy_algorithm\ArduinoCore\Debug\libArduinoCore.a(Adafruit_GFX.o)
                0x00003380                _ZN12Adafruit_GFX13writeFillRectEiiiij
 .text._ZN12Adafruit_GFX8endWriteEv
                0x000033a0        0x2 C:\Users\syngr\senior-design\Occupancy_algorithm_working\Occupancy_algorithm\ArduinoCore\Debug\libArduinoCore.a(Adafruit_GFX.o)
                0x000033a0                _ZN12Adafruit_GFX10startWriteEv
                0x000033a0                _ZN12Adafruit_GFX8endWriteEv
 .text._ZN12Adafruit_GFX13drawFastVLineEiiij
                0x000033a2       0x72 C:\Users\syngr\senior-design\Occupancy_algorithm_working\Occupancy_algorithm\ArduinoCore\Debug\libArduinoCore.a(Adafruit_GFX.o)
                0x000033a2                _ZN12Adafruit_GFX13drawFastVLineEiiij
 .text._ZN12Adafruit_GFX13drawFastHLineEiiij
                0x00003414       0x72 C:\Users\syngr\senior-design\Occupancy_algorithm_working\Occupancy_algorithm\ArduinoCore\Debug\libArduinoCore.a(Adafruit_GFX.o)
                0x00003414                _ZN12Adafruit_GFX13drawFastHLineEiiij
 .text._ZN12Adafruit_GFX8fillRectEiiiij
                0x00003486       0x8a C:\Users\syngr\senior-design\Occupancy_algorithm_working\Occupancy_algorithm\ArduinoCore\Debug\libArduinoCore.a(Adafruit_GFX.o)
                0x00003486                _ZN12Adafruit_GFX8fillRectEiiiij
 .text._ZN12Adafruit_GFX10fillScreenEj
                0x00003510       0x3a C:\Users\syngr\senior-design\Occupancy_algorithm_working\Occupancy_algorithm\ArduinoCore\Debug\libArduinoCore.a(Adafruit_GFX.o)
                0x00003510                _ZN12Adafruit_GFX10fillScreenEj
 .text._ZN12Adafruit_GFX8drawLineEiiiij
                0x0000354a       0xda C:\Users\syngr\senior-design\Occupancy_algorithm_working\Occupancy_algorithm\ArduinoCore\Debug\libArduinoCore.a(Adafruit_GFX.o)
                0x0000354a                _ZN12Adafruit_GFX8drawLineEiiiij
 .text._ZN12Adafruit_GFX8drawRectEiiiij
                0x00003624       0xbe C:\Users\syngr\senior-design\Occupancy_algorithm_working\Occupancy_algorithm\ArduinoCore\Debug\libArduinoCore.a(Adafruit_GFX.o)
                0x00003624                _ZN12Adafruit_GFX8drawRectEiiiij
 .text._ZN12Adafruit_GFX13invertDisplayEb
                0x000036e2        0x2 C:\Users\syngr\senior-design\Occupancy_algorithm_working\Occupancy_algorithm\ArduinoCore\Debug\libArduinoCore.a(Adafruit_GFX.o)
                0x000036e2                _ZN12Adafruit_GFX13invertDisplayEb
 .text._ZN12Adafruit_GFX11setRotationEh
                0x000036e4       0x2a C:\Users\syngr\senior-design\Occupancy_algorithm_working\Occupancy_algorithm\ArduinoCore\Debug\libArduinoCore.a(Adafruit_GFX.o)
                0x000036e4                _ZN12Adafruit_GFX11setRotationEh
 .text._ZN12Adafruit_GFXC2Eii
                0x0000370e       0x44 C:\Users\syngr\senior-design\Occupancy_algorithm_working\Occupancy_algorithm\ArduinoCore\Debug\libArduinoCore.a(Adafruit_GFX.o)
                0x0000370e                _ZN12Adafruit_GFXC2Eii
                0x0000370e                _ZN12Adafruit_GFXC1Eii
 .text._ZN12Adafruit_GFX8drawCharEiihjjhh
                0x00003752      0x46a C:\Users\syngr\senior-design\Occupancy_algorithm_working\Occupancy_algorithm\ArduinoCore\Debug\libArduinoCore.a(Adafruit_GFX.o)
                0x00003752                _ZN12Adafruit_GFX8drawCharEiihjjhh
 .text._ZN12Adafruit_GFX5writeEh
                0x00003bbc      0x1ac C:\Users\syngr\senior-design\Occupancy_algorithm_working\Occupancy_algorithm\ArduinoCore\Debug\libArduinoCore.a(Adafruit_GFX.o)
                0x00003bbc                _ZN12Adafruit_GFX5writeEh
 .text._ZN15Adafruit_SPITFT11SPI_CS_HIGHEv
                0x00003d68       0x16 C:\Users\syngr\senior-design\Occupancy_algorithm_working\Occupancy_algorithm\ArduinoCore\Debug\libArduinoCore.a(Adafruit_SPITFT.o)
                0x00003d68                _ZN15Adafruit_SPITFT11SPI_CS_HIGHEv
 .text._ZN15Adafruit_SPITFT8endWriteEv
                0x00003d7e       0x24 C:\Users\syngr\senior-design\Occupancy_algorithm_working\Occupancy_algorithm\ArduinoCore\Debug\libArduinoCore.a(Adafruit_SPITFT.o)
                0x00003d7e                _ZN15Adafruit_SPITFT8endWriteEv
 .text._ZN15Adafruit_SPITFT10SPI_CS_LOWEv
                0x00003da2       0x16 C:\Users\syngr\senior-design\Occupancy_algorithm_working\Occupancy_algorithm\ArduinoCore\Debug\libArduinoCore.a(Adafruit_SPITFT.o)
                0x00003da2                _ZN15Adafruit_SPITFT10SPI_CS_LOWEv
 .text._ZN15Adafruit_SPITFT11SPI_DC_HIGHEv
                0x00003db8       0x16 C:\Users\syngr\senior-design\Occupancy_algorithm_working\Occupancy_algorithm\ArduinoCore\Debug\libArduinoCore.a(Adafruit_SPITFT.o)
                0x00003db8                _ZN15Adafruit_SPITFT11SPI_DC_HIGHEv
 .text._ZN15Adafruit_SPITFT10SPI_DC_LOWEv
                0x00003dce       0x16 C:\Users\syngr\senior-design\Occupancy_algorithm_working\Occupancy_algorithm\ArduinoCore\Debug\libArduinoCore.a(Adafruit_SPITFT.o)
                0x00003dce                _ZN15Adafruit_SPITFT10SPI_DC_LOWEv
 .text._ZN15Adafruit_SPITFTC2EjjP8SPIClassaaa
                0x00003de4       0xbe C:\Users\syngr\senior-design\Occupancy_algorithm_working\Occupancy_algorithm\ArduinoCore\Debug\libArduinoCore.a(Adafruit_SPITFT.o)
                0x00003de4                _ZN15Adafruit_SPITFTC2EjjP8SPIClassaaa
                0x00003de4                _ZN15Adafruit_SPITFTC1EjjP8SPIClassaaa
 .text._ZN15Adafruit_SPITFTC2Ejjaaa
                0x00003ea2       0x1a C:\Users\syngr\senior-design\Occupancy_algorithm_working\Occupancy_algorithm\ArduinoCore\Debug\libArduinoCore.a(Adafruit_SPITFT.o)
                0x00003ea2                _ZN15Adafruit_SPITFTC1Ejjaaa
                0x00003ea2                _ZN15Adafruit_SPITFTC2Ejjaaa
 .text._ZN15Adafruit_SPITFT7initSPIEmh
                0x00003ebc      0x1b4 C:\Users\syngr\senior-design\Occupancy_algorithm_working\Occupancy_algorithm\ArduinoCore\Debug\libArduinoCore.a(Adafruit_SPITFT.o)
                0x00003ebc                _ZN15Adafruit_SPITFT7initSPIEmh
 .text._ZN15Adafruit_SPITFT21SPI_BEGIN_TRANSACTIONEv
                0x00004070       0x40 C:\Users\syngr\senior-design\Occupancy_algorithm_working\Occupancy_algorithm\ArduinoCore\Debug\libArduinoCore.a(Adafruit_SPITFT.o)
                0x00004070                _ZN15Adafruit_SPITFT21SPI_BEGIN_TRANSACTIONEv
 .text._ZN15Adafruit_SPITFT10startWriteEv
                0x000040b0       0x1c C:\Users\syngr\senior-design\Occupancy_algorithm_working\Occupancy_algorithm\ArduinoCore\Debug\libArduinoCore.a(Adafruit_SPITFT.o)
                0x000040b0                _ZN15Adafruit_SPITFT10startWriteEv
 .text._ZN15Adafruit_SPITFT13SPI_MOSI_HIGHEv
                0x000040cc       0x16 C:\Users\syngr\senior-design\Occupancy_algorithm_working\Occupancy_algorithm\ArduinoCore\Debug\libArduinoCore.a(Adafruit_SPITFT.o)
                0x000040cc                _ZN15Adafruit_SPITFT13SPI_MOSI_HIGHEv
 .text._ZN15Adafruit_SPITFT12SPI_MOSI_LOWEv
                0x000040e2       0x16 C:\Users\syngr\senior-design\Occupancy_algorithm_working\Occupancy_algorithm\ArduinoCore\Debug\libArduinoCore.a(Adafruit_SPITFT.o)
                0x000040e2                _ZN15Adafruit_SPITFT12SPI_MOSI_LOWEv
 .text._ZN15Adafruit_SPITFT12SPI_SCK_HIGHEv
                0x000040f8       0x16 C:\Users\syngr\senior-design\Occupancy_algorithm_working\Occupancy_algorithm\ArduinoCore\Debug\libArduinoCore.a(Adafruit_SPITFT.o)
                0x000040f8                _ZN15Adafruit_SPITFT12SPI_SCK_HIGHEv
 .text._ZN15Adafruit_SPITFT11SPI_SCK_LOWEv
                0x0000410e       0x16 C:\Users\syngr\senior-design\Occupancy_algorithm_working\Occupancy_algorithm\ArduinoCore\Debug\libArduinoCore.a(Adafruit_SPITFT.o)
                0x0000410e                _ZN15Adafruit_SPITFT11SPI_SCK_LOWEv
 .text._ZN15Adafruit_SPITFT13TFT_WR_STROBEEv
                0x00004124       0x1c C:\Users\syngr\senior-design\Occupancy_algorithm_working\Occupancy_algorithm\ArduinoCore\Debug\libArduinoCore.a(Adafruit_SPITFT.o)
                0x00004124                _ZN15Adafruit_SPITFT13TFT_WR_STROBEEv
 .text._ZN15Adafruit_SPITFT8spiWriteEh
                0x00004140       0x5a C:\Users\syngr\senior-design\Occupancy_algorithm_working\Occupancy_algorithm\ArduinoCore\Debug\libArduinoCore.a(Adafruit_SPITFT.o)
                0x00004140                _ZN15Adafruit_SPITFT8spiWriteEh
 .text._ZN15Adafruit_SPITFT12writeCommandEh
                0x0000419a       0x1c C:\Users\syngr\senior-design\Occupancy_algorithm_working\Occupancy_algorithm\ArduinoCore\Debug\libArduinoCore.a(Adafruit_SPITFT.o)
                0x0000419a                _ZN15Adafruit_SPITFT12writeCommandEh
 .text._ZN15Adafruit_SPITFT13invertDisplayEb
                0x000041b6       0x38 C:\Users\syngr\senior-design\Occupancy_algorithm_working\Occupancy_algorithm\ArduinoCore\Debug\libArduinoCore.a(Adafruit_SPITFT.o)
                0x000041b6                _ZN15Adafruit_SPITFT13invertDisplayEb
 .text._ZN15Adafruit_SPITFT11SPI_WRITE16Ej
                0x000041ee       0x78 C:\Users\syngr\senior-design\Occupancy_algorithm_working\Occupancy_algorithm\ArduinoCore\Debug\libArduinoCore.a(Adafruit_SPITFT.o)
                0x000041ee                _ZN15Adafruit_SPITFT11SPI_WRITE16Ej
 .text._ZN15Adafruit_SPITFT11sendCommandEhPhh
                0x00004266       0xaa C:\Users\syngr\senior-design\Occupancy_algorithm_working\Occupancy_algorithm\ArduinoCore\Debug\libArduinoCore.a(Adafruit_SPITFT.o)
                0x00004266                _ZN15Adafruit_SPITFT11sendCommandEhPhh
 .text._ZN15Adafruit_SPITFT9drawPixelEiij
                0x00004310       0x9e C:\Users\syngr\senior-design\Occupancy_algorithm_working\Occupancy_algorithm\ArduinoCore\Debug\libArduinoCore.a(Adafruit_SPITFT.o)
                0x00004310                _ZN15Adafruit_SPITFT9drawPixelEiij
 .text._ZN15Adafruit_SPITFT10writePixelEiij
                0x000043ae       0x62 C:\Users\syngr\senior-design\Occupancy_algorithm_working\Occupancy_algorithm\ArduinoCore\Debug\libArduinoCore.a(Adafruit_SPITFT.o)
                0x000043ae                _ZN15Adafruit_SPITFT10writePixelEiij
 .text._ZN15Adafruit_SPITFT11SPI_WRITE32Em
                0x00004410       0xd6 C:\Users\syngr\senior-design\Occupancy_algorithm_working\Occupancy_algorithm\ArduinoCore\Debug\libArduinoCore.a(Adafruit_SPITFT.o)
                0x00004410                _ZN15Adafruit_SPITFT11SPI_WRITE32Em
 .text._ZN15Adafruit_SPITFT10writeColorEjm
                0x000044e6      0x10c C:\Users\syngr\senior-design\Occupancy_algorithm_working\Occupancy_algorithm\ArduinoCore\Debug\libArduinoCore.a(Adafruit_SPITFT.o)
                0x000044e6                _ZN15Adafruit_SPITFT10writeColorEjm
 .text._ZN15Adafruit_SPITFT23writeFillRectPreclippedEiiiij
                0x000045f2       0x48 C:\Users\syngr\senior-design\Occupancy_algorithm_working\Occupancy_algorithm\ArduinoCore\Debug\libArduinoCore.a(Adafruit_SPITFT.o)
                0x000045f2                _ZN15Adafruit_SPITFT23writeFillRectPreclippedEiiiij
 .text._ZN15Adafruit_SPITFT14writeFastVLineEiiij
                0x0000463a       0x84 C:\Users\syngr\senior-design\Occupancy_algorithm_working\Occupancy_algorithm\ArduinoCore\Debug\libArduinoCore.a(Adafruit_SPITFT.o)
                0x0000463a                _ZN15Adafruit_SPITFT14writeFastVLineEiiij
 .text._ZN15Adafruit_SPITFT14writeFastHLineEiiij
                0x000046be       0x82 C:\Users\syngr\senior-design\Occupancy_algorithm_working\Occupancy_algorithm\ArduinoCore\Debug\libArduinoCore.a(Adafruit_SPITFT.o)
                0x000046be                _ZN15Adafruit_SPITFT14writeFastHLineEiiij
 .text._ZN15Adafruit_SPITFT13drawFastVLineEiiij
                0x00004740       0xe2 C:\Users\syngr\senior-design\Occupancy_algorithm_working\Occupancy_algorithm\ArduinoCore\Debug\libArduinoCore.a(Adafruit_SPITFT.o)
                0x00004740                _ZN15Adafruit_SPITFT13drawFastVLineEiiij
 .text._ZN15Adafruit_SPITFT13drawFastHLineEiiij
                0x00004822       0xe2 C:\Users\syngr\senior-design\Occupancy_algorithm_working\Occupancy_algorithm\ArduinoCore\Debug\libArduinoCore.a(Adafruit_SPITFT.o)
                0x00004822                _ZN15Adafruit_SPITFT13drawFastHLineEiiij
 .text._ZN15Adafruit_SPITFT8fillRectEiiiij
                0x00004904      0x116 C:\Users\syngr\senior-design\Occupancy_algorithm_working\Occupancy_algorithm\ArduinoCore\Debug\libArduinoCore.a(Adafruit_SPITFT.o)
                0x00004904                _ZN15Adafruit_SPITFT8fillRectEiiiij
 .text._ZN15Adafruit_SPITFT13writeFillRectEiiiij
                0x00004a1a       0xd4 C:\Users\syngr\senior-design\Occupancy_algorithm_working\Occupancy_algorithm\ArduinoCore\Debug\libArduinoCore.a(Adafruit_SPITFT.o)
                0x00004a1a                _ZN15Adafruit_SPITFT13writeFillRectEiiiij
 .text.twi_init
                0x00004aee       0x3c C:\Users\syngr\senior-design\Occupancy_algorithm_working\Occupancy_algorithm\ArduinoCore\Debug\libArduinoCore.a(twi.o)
                0x00004aee                twi_init
 .text.twi_readFrom
                0x00004b2a       0x90 C:\Users\syngr\senior-design\Occupancy_algorithm_working\Occupancy_algorithm\ArduinoCore\Debug\libArduinoCore.a(twi.o)
                0x00004b2a                twi_readFrom
 .text.twi_writeTo
                0x00004bba       0xac C:\Users\syngr\senior-design\Occupancy_algorithm_working\Occupancy_algorithm\ArduinoCore\Debug\libArduinoCore.a(twi.o)
                0x00004bba                twi_writeTo
 .text.twi_transmit
                0x00004c66       0x50 C:\Users\syngr\senior-design\Occupancy_algorithm_working\Occupancy_algorithm\ArduinoCore\Debug\libArduinoCore.a(twi.o)
                0x00004c66                twi_transmit
 .text.twi_attachSlaveRxEvent
                0x00004cb6        0xa C:\Users\syngr\senior-design\Occupancy_algorithm_working\Occupancy_algorithm\ArduinoCore\Debug\libArduinoCore.a(twi.o)
                0x00004cb6                twi_attachSlaveRxEvent
 .text.twi_attachSlaveTxEvent
                0x00004cc0        0xa C:\Users\syngr\senior-design\Occupancy_algorithm_working\Occupancy_algorithm\ArduinoCore\Debug\libArduinoCore.a(twi.o)
                0x00004cc0                twi_attachSlaveTxEvent
 .text.twi_stop
                0x00004cca       0x14 C:\Users\syngr\senior-design\Occupancy_algorithm_working\Occupancy_algorithm\ArduinoCore\Debug\libArduinoCore.a(twi.o)
                0x00004cca                twi_stop
 .text.twi_releaseBus
                0x00004cde        0xc C:\Users\syngr\senior-design\Occupancy_algorithm_working\Occupancy_algorithm\ArduinoCore\Debug\libArduinoCore.a(twi.o)
                0x00004cde                twi_releaseBus
 .text.__vector_39
                0x00004cea      0x25c C:\Users\syngr\senior-design\Occupancy_algorithm_working\Occupancy_algorithm\ArduinoCore\Debug\libArduinoCore.a(twi.o)
                0x00004cea                __vector_39
 .text.libgcc.div
                0x00004f46       0x26 c:/program files (x86)/atmel/studio/7.0/toolchain/avr8/avr8-gnu-toolchain/bin/../lib/gcc/avr/5.4.0/avr6\libgcc.a(_divmodhi4.o)
                0x00004f46                _div
                0x00004f46                __divmodhi4
 .text.libgcc.div
                0x00004f6c       0x44 c:/program files (x86)/atmel/studio/7.0/toolchain/avr8/avr8-gnu-toolchain/bin/../lib/gcc/avr/5.4.0/avr6\libgcc.a(_udivmodsi4.o)
                0x00004f6c                __udivmodsi4
 .text.libgcc   0x00004fb0       0x10 c:/program files (x86)/atmel/studio/7.0/toolchain/avr8/avr8-gnu-toolchain/bin/../lib/gcc/avr/5.4.0/avr6\libgcc.a(_tablejump2.o)
                0x00004fb0                __tablejump2__
 .text.libgcc.mul
                0x00004fc0        0xc c:/program files (x86)/atmel/studio/7.0/toolchain/avr8/avr8-gnu-toolchain/bin/../lib/gcc/avr/5.4.0/avr6\libgcc.a(_mulhisi3.o)
                0x00004fc0                __mulhisi3
 .text.libgcc.mul
                0x00004fcc       0x1e c:/program files (x86)/atmel/studio/7.0/toolchain/avr8/avr8-gnu-toolchain/bin/../lib/gcc/avr/5.4.0/avr6\libgcc.a(_umulhisi3.o)
                0x00004fcc                __umulhisi3
 .text.libgcc.mul
                0x00004fea        0xc c:/program files (x86)/atmel/studio/7.0/toolchain/avr8/avr8-gnu-toolchain/bin/../lib/gcc/avr/5.4.0/avr6\libgcc.a(_usmulhisi3.o)
                0x00004fea                __usmulhisi3
                0x00004fec                __usmulhisi3_tail
 .text.libgcc.div
                0x00004ff6       0x28 c:/program files (x86)/atmel/studio/7.0/toolchain/avr8/avr8-gnu-toolchain/bin/../lib/gcc/avr/5.4.0/avr6\libgcc.a(_udivmodhi4.o)
                0x00004ff6                __udivmodhi4
 .text.avr-libc
                0x0000501e        0x8 c:/program files (x86)/atmel/studio/7.0/toolchain/avr8/avr8-gnu-toolchain/bin/../lib/gcc/avr/5.4.0/../../../../avr/lib/avr6\libc.a(abort.o)
                0x0000501e                abort
                0x00005026                . = ALIGN (0x2)
 *(.fini9)
 .fini9         0x00005026        0x0 c:/program files (x86)/atmel/studio/7.0/toolchain/avr8/avr8-gnu-toolchain/bin/../lib/gcc/avr/5.4.0/avr6\libgcc.a(_exit.o)
                0x00005026                _exit
                0x00005026                exit
 *(.fini9)
 *(.fini8)
 *(.fini8)
 *(.fini7)
 *(.fini7)
 *(.fini6)
 *(.fini6)
 *(.fini5)
 *(.fini5)
 *(.fini4)
 *(.fini4)
 *(.fini3)
 *(.fini3)
 *(.fini2)
 *(.fini2)
 *(.fini1)
 *(.fini1)
 *(.fini0)
 .fini0         0x00005026        0x4 c:/program files (x86)/atmel/studio/7.0/toolchain/avr8/avr8-gnu-toolchain/bin/../lib/gcc/avr/5.4.0/avr6\libgcc.a(_exit.o)
 *(.fini0)
                0x0000502a                _etext = .

.data           0x00800200      0x220 load address 0x0000502a
                0x00800200                PROVIDE (__data_start, .)
 *(.data)
 *(.data*)
 .data.State    0x00800200        0x1 MAIN.o
                0x00800200                State
 .data.Seat_Distance
                0x00800201        0x2 MAIN.o
                0x00800201                Seat_Distance
 .data.analog_reference
                0x00800203        0x1 C:\Users\syngr\senior-design\Occupancy_algorithm_working\Occupancy_algorithm\ArduinoCore\Debug\libArduinoCore.a(wiring_analog.o)
                0x00800203                analog_reference
 .data.intFunc  0x00800204       0x10 C:\Users\syngr\senior-design\Occupancy_algorithm_working\Occupancy_algorithm\ArduinoCore\Debug\libArduinoCore.a(WInterrupts.o)
 *(.gnu.linkonce.d*)
 *(.rodata)
 .rodata        0x00800214       0x14 C:\Users\syngr\senior-design\Occupancy_algorithm_working\Occupancy_algorithm\ArduinoCore\Debug\libArduinoCore.a(Adafruit_GPS.o)
 *(.rodata*)
 .rodata._ZTV16Adafruit_FONA_3G
                0x00800228       0x12 Fona.o
                0x00800228                _ZTV16Adafruit_FONA_3G
 .rodata.str1.1
                0x0080023a       0x4f IR_cam.o
 .rodata._ZTV14HardwareSerial
                0x00800289       0x12 C:\Users\syngr\senior-design\Occupancy_algorithm_working\Occupancy_algorithm\ArduinoCore\Debug\libArduinoCore.a(HardwareSerial.o)
                0x00800289                _ZTV14HardwareSerial
 .rodata.str1.1
                0x0080029b        0xf C:\Users\syngr\senior-design\Occupancy_algorithm_working\Occupancy_algorithm\ArduinoCore\Debug\libArduinoCore.a(Print.o)
 .rodata.str1.1
                0x008002aa       0x89 C:\Users\syngr\senior-design\Occupancy_algorithm_working\Occupancy_algorithm\ArduinoCore\Debug\libArduinoCore.a(Adafruit_GPS.o)
                                 0x8d (size before relaxing)
 .rodata._ZTV12Adafruit_GPS
                0x00800333        0xc C:\Users\syngr\senior-design\Occupancy_algorithm_working\Occupancy_algorithm\ArduinoCore\Debug\libArduinoCore.a(Adafruit_GPS.o)
                0x00800333                _ZTV12Adafruit_GPS
 .rodata._ZTV15Adafruit_ST7735
                0x0080033f       0x30 C:\Users\syngr\senior-design\Occupancy_algorithm_working\Occupancy_algorithm\ArduinoCore\Debug\libArduinoCore.a(Adafruit_ST7735.o)
                0x0080033f                _ZTV15Adafruit_ST7735
 .rodata._ZTV15Adafruit_ST77xx
                0x0080036f       0x30 C:\Users\syngr\senior-design\Occupancy_algorithm_working\Occupancy_algorithm\ArduinoCore\Debug\libArduinoCore.a(Adafruit_ST77xx.o)
                0x0080036f                _ZTV15Adafruit_ST77xx
 .rodata._ZTV7TwoWire
                0x0080039f       0x12 C:\Users\syngr\senior-design\Occupancy_algorithm_working\Occupancy_algorithm\ArduinoCore\Debug\libArduinoCore.a(Wire.o)
                0x0080039f                _ZTV7TwoWire
 .rodata._ZTV13Adafruit_FONA
                0x008003b1       0x12 C:\Users\syngr\senior-design\Occupancy_algorithm_working\Occupancy_algorithm\ArduinoCore\Debug\libArduinoCore.a(Adafruit_FONA.o)
                0x008003b1                _ZTV13Adafruit_FONA
 .rodata._ZTV12Adafruit_GFX
                0x008003c3       0x2c C:\Users\syngr\senior-design\Occupancy_algorithm_working\Occupancy_algorithm\ArduinoCore\Debug\libArduinoCore.a(Adafruit_GFX.o)
                0x008003c3                _ZTV12Adafruit_GFX
 .rodata._ZTV15Adafruit_SPITFT
                0x008003ef       0x30 C:\Users\syngr\senior-design\Occupancy_algorithm_working\Occupancy_algorithm\ArduinoCore\Debug\libArduinoCore.a(Adafruit_SPITFT.o)
                0x008003ef                _ZTV15Adafruit_SPITFT
 *(.gnu.linkonce.r*)
                0x00800420                . = ALIGN (0x2)
 *fill*         0x0080041f        0x1 
                0x00800420                _edata = .
                0x00800420                PROVIDE (__data_end, .)

.bss            0x00800420      0x8d7
                0x00800420                PROVIDE (__bss_start, .)
 *(.bss)
 *(.bss*)
 .bss.Read_data
                0x00800420       0x18 Accelerometer.o
                0x00800420                Read_data
 .bss.gyroZ     0x00800438        0x4 Accelerometer.o
                0x00800438                gyroZ
 .bss.gyroY     0x0080043c        0x4 Accelerometer.o
                0x0080043c                gyroY
 .bss.gyroX     0x00800440        0x4 Accelerometer.o
                0x00800440                gyroX
 .bss.accelZ    0x00800444        0x4 Accelerometer.o
                0x00800444                accelZ
 .bss.accelY    0x00800448        0x4 Accelerometer.o
                0x00800448                accelY
 .bss.accelX    0x0080044c        0x4 Accelerometer.o
                0x0080044c                accelX
 .bss.fona      0x00800450      0x11a Fona.o
                0x00800450                fona
 .bss.GPS       0x0080056a      0x240 GPS.o
                0x0080056a                GPS
 .bss.Occupant_flag
                0x008007aa        0x1 MAIN.o
                0x008007aa                Occupant_flag
 .bss.Felt_temp
                0x008007ab        0x4 MAIN.o
                0x008007ab                Felt_temp
 .bss.User_dismiss
                0x008007af        0x1 MAIN.o
                0x008007af                User_dismiss
 .bss.Seat_load
                0x008007b0        0x2 MAIN.o
                0x008007b0                Seat_load
 .bss.PIR       0x008007b2        0x2 MAIN.o
                0x008007b2                PIR
 .bss.Distance  0x008007b4        0x2 MAIN.o
                0x008007b4                Distance
 .bss.MPU_read  0x008007b6       0x18 MAIN.o
                0x008007b6                MPU_read
 .bss.Thermal_parsed
                0x008007ce        0x6 MAIN.o
                0x008007ce                Thermal_parsed
 .bss.hcsr04    0x008007d4        0x8 MAIN.o
                0x008007d4                hcsr04
 .bss.amg       0x008007dc       0x10 IR_cam.o
                0x008007dc                amg
 .bss.tft       0x008007ec       0x47 IR_cam.o
                0x008007ec                tft
 .bss.pixels    0x00800833      0x100 IR_cam.o
                0x00800833                pixels
 .bss.sensorSpecs
                0x00800933        0x5 Temp_Humidity.o
                0x00800933                sensorSpecs
 .bss.myTMP36   0x00800938       0x12 Temp_Humidity.o
                0x00800938                myTMP36
 .bss.Serial    0x0080094a       0x9d C:\Users\syngr\senior-design\Occupancy_algorithm_working\Occupancy_algorithm\ArduinoCore\Debug\libArduinoCore.a(HardwareSerial0.o)
                0x0080094a                Serial
 .bss.Serial1   0x008009e7       0x9d C:\Users\syngr\senior-design\Occupancy_algorithm_working\Occupancy_algorithm\ArduinoCore\Debug\libArduinoCore.a(HardwareSerial1.o)
                0x008009e7                Serial1
 .bss.Serial2   0x00800a84       0x9d C:\Users\syngr\senior-design\Occupancy_algorithm_working\Occupancy_algorithm\ArduinoCore\Debug\libArduinoCore.a(HardwareSerial2.o)
                0x00800a84                Serial2
 .bss.timer0_fract
                0x00800b21        0x1 C:\Users\syngr\senior-design\Occupancy_algorithm_working\Occupancy_algorithm\ArduinoCore\Debug\libArduinoCore.a(wiring.o)
 .bss.timer0_millis
                0x00800b22        0x4 C:\Users\syngr\senior-design\Occupancy_algorithm_working\Occupancy_algorithm\ArduinoCore\Debug\libArduinoCore.a(wiring.o)
                0x00800b22                timer0_millis
 .bss.timer0_overflow_count
                0x00800b26        0x4 C:\Users\syngr\senior-design\Occupancy_algorithm_working\Occupancy_algorithm\ArduinoCore\Debug\libArduinoCore.a(wiring.o)
                0x00800b26                timer0_overflow_count
 .bss._ZN14SoftwareSerial20_receive_buffer_headE
                0x00800b2a        0x1 C:\Users\syngr\senior-design\Occupancy_algorithm_working\Occupancy_algorithm\ArduinoCore\Debug\libArduinoCore.a(SoftwareSerial.o)
                0x00800b2a                _ZN14SoftwareSerial20_receive_buffer_headE
 .bss._ZN14SoftwareSerial20_receive_buffer_tailE
                0x00800b2b        0x1 C:\Users\syngr\senior-design\Occupancy_algorithm_working\Occupancy_algorithm\ArduinoCore\Debug\libArduinoCore.a(SoftwareSerial.o)
                0x00800b2b                _ZN14SoftwareSerial20_receive_buffer_tailE
 .bss._ZN14SoftwareSerial15_receive_bufferE
                0x00800b2c      0x100 C:\Users\syngr\senior-design\Occupancy_algorithm_working\Occupancy_algorithm\ArduinoCore\Debug\libArduinoCore.a(SoftwareSerial.o)
                0x00800b2c                _ZN14SoftwareSerial15_receive_bufferE
 .bss._ZN14SoftwareSerial13active_objectE
                0x00800c2c        0x2 C:\Users\syngr\senior-design\Occupancy_algorithm_working\Occupancy_algorithm\ArduinoCore\Debug\libArduinoCore.a(SoftwareSerial.o)
                0x00800c2c                _ZN14SoftwareSerial13active_objectE
 .bss._ZN8SPIClass13interruptSaveE
                0x00800c2e        0x1 C:\Users\syngr\senior-design\Occupancy_algorithm_working\Occupancy_algorithm\ArduinoCore\Debug\libArduinoCore.a(SPI.o)
                0x00800c2e                _ZN8SPIClass13interruptSaveE
 .bss._ZN8SPIClass13interruptMaskE
                0x00800c2f        0x1 C:\Users\syngr\senior-design\Occupancy_algorithm_working\Occupancy_algorithm\ArduinoCore\Debug\libArduinoCore.a(SPI.o)
                0x00800c2f                _ZN8SPIClass13interruptMaskE
 .bss._ZN8SPIClass13interruptModeE
                0x00800c30        0x1 C:\Users\syngr\senior-design\Occupancy_algorithm_working\Occupancy_algorithm\ArduinoCore\Debug\libArduinoCore.a(SPI.o)
                0x00800c30                _ZN8SPIClass13interruptModeE
 .bss._ZN8SPIClass11initializedE
                0x00800c31        0x1 C:\Users\syngr\senior-design\Occupancy_algorithm_working\Occupancy_algorithm\ArduinoCore\Debug\libArduinoCore.a(SPI.o)
                0x00800c31                _ZN8SPIClass11initializedE
 .bss.SPI       0x00800c32        0x1 C:\Users\syngr\senior-design\Occupancy_algorithm_working\Occupancy_algorithm\ArduinoCore\Debug\libArduinoCore.a(SPI.o)
                0x00800c32                SPI
 .bss.Wire      0x00800c33        0xc C:\Users\syngr\senior-design\Occupancy_algorithm_working\Occupancy_algorithm\ArduinoCore\Debug\libArduinoCore.a(Wire.o)
                0x00800c33                Wire
 .bss._ZN7TwoWire14user_onReceiveE
                0x00800c3f        0x2 C:\Users\syngr\senior-design\Occupancy_algorithm_working\Occupancy_algorithm\ArduinoCore\Debug\libArduinoCore.a(Wire.o)
                0x00800c3f                _ZN7TwoWire14user_onReceiveE
 .bss._ZN7TwoWire14user_onRequestE
                0x00800c41        0x2 C:\Users\syngr\senior-design\Occupancy_algorithm_working\Occupancy_algorithm\ArduinoCore\Debug\libArduinoCore.a(Wire.o)
                0x00800c41                _ZN7TwoWire14user_onRequestE
 .bss._ZN7TwoWire12transmittingE
                0x00800c43        0x1 C:\Users\syngr\senior-design\Occupancy_algorithm_working\Occupancy_algorithm\ArduinoCore\Debug\libArduinoCore.a(Wire.o)
                0x00800c43                _ZN7TwoWire12transmittingE
 .bss._ZN7TwoWire14txBufferLengthE
                0x00800c44        0x1 C:\Users\syngr\senior-design\Occupancy_algorithm_working\Occupancy_algorithm\ArduinoCore\Debug\libArduinoCore.a(Wire.o)
                0x00800c44                _ZN7TwoWire14txBufferLengthE
 .bss._ZN7TwoWire13txBufferIndexE
                0x00800c45        0x1 C:\Users\syngr\senior-design\Occupancy_algorithm_working\Occupancy_algorithm\ArduinoCore\Debug\libArduinoCore.a(Wire.o)
                0x00800c45                _ZN7TwoWire13txBufferIndexE
 .bss._ZN7TwoWire8txBufferE
                0x00800c46       0x20 C:\Users\syngr\senior-design\Occupancy_algorithm_working\Occupancy_algorithm\ArduinoCore\Debug\libArduinoCore.a(Wire.o)
                0x00800c46                _ZN7TwoWire8txBufferE
 .bss._ZN7TwoWire9txAddressE
                0x00800c66        0x1 C:\Users\syngr\senior-design\Occupancy_algorithm_working\Occupancy_algorithm\ArduinoCore\Debug\libArduinoCore.a(Wire.o)
                0x00800c66                _ZN7TwoWire9txAddressE
 .bss._ZN7TwoWire14rxBufferLengthE
                0x00800c67        0x1 C:\Users\syngr\senior-design\Occupancy_algorithm_working\Occupancy_algorithm\ArduinoCore\Debug\libArduinoCore.a(Wire.o)
                0x00800c67                _ZN7TwoWire14rxBufferLengthE
 .bss._ZN7TwoWire13rxBufferIndexE
                0x00800c68        0x1 C:\Users\syngr\senior-design\Occupancy_algorithm_working\Occupancy_algorithm\ArduinoCore\Debug\libArduinoCore.a(Wire.o)
                0x00800c68                _ZN7TwoWire13rxBufferIndexE
 .bss._ZN7TwoWire8rxBufferE
                0x00800c69       0x20 C:\Users\syngr\senior-design\Occupancy_algorithm_working\Occupancy_algorithm\ArduinoCore\Debug\libArduinoCore.a(Wire.o)
                0x00800c69                _ZN7TwoWire8rxBufferE
 .bss.twi_error
                0x00800c89        0x1 C:\Users\syngr\senior-design\Occupancy_algorithm_working\Occupancy_algorithm\ArduinoCore\Debug\libArduinoCore.a(twi.o)
 .bss.twi_rxBufferIndex
                0x00800c8a        0x1 C:\Users\syngr\senior-design\Occupancy_algorithm_working\Occupancy_algorithm\ArduinoCore\Debug\libArduinoCore.a(twi.o)
 .bss.twi_rxBuffer
                0x00800c8b       0x20 C:\Users\syngr\senior-design\Occupancy_algorithm_working\Occupancy_algorithm\ArduinoCore\Debug\libArduinoCore.a(twi.o)
 .bss.twi_txBufferLength
                0x00800cab        0x1 C:\Users\syngr\senior-design\Occupancy_algorithm_working\Occupancy_algorithm\ArduinoCore\Debug\libArduinoCore.a(twi.o)
 .bss.twi_txBufferIndex
                0x00800cac        0x1 C:\Users\syngr\senior-design\Occupancy_algorithm_working\Occupancy_algorithm\ArduinoCore\Debug\libArduinoCore.a(twi.o)
 .bss.twi_txBuffer
                0x00800cad       0x20 C:\Users\syngr\senior-design\Occupancy_algorithm_working\Occupancy_algorithm\ArduinoCore\Debug\libArduinoCore.a(twi.o)
 .bss.twi_masterBufferLength
                0x00800ccd        0x1 C:\Users\syngr\senior-design\Occupancy_algorithm_working\Occupancy_algorithm\ArduinoCore\Debug\libArduinoCore.a(twi.o)
 .bss.twi_masterBufferIndex
                0x00800cce        0x1 C:\Users\syngr\senior-design\Occupancy_algorithm_working\Occupancy_algorithm\ArduinoCore\Debug\libArduinoCore.a(twi.o)
 .bss.twi_masterBuffer
                0x00800ccf       0x20 C:\Users\syngr\senior-design\Occupancy_algorithm_working\Occupancy_algorithm\ArduinoCore\Debug\libArduinoCore.a(twi.o)
 .bss.twi_onSlaveReceive
                0x00800cef        0x2 C:\Users\syngr\senior-design\Occupancy_algorithm_working\Occupancy_algorithm\ArduinoCore\Debug\libArduinoCore.a(twi.o)
 .bss.twi_onSlaveTransmit
                0x00800cf1        0x2 C:\Users\syngr\senior-design\Occupancy_algorithm_working\Occupancy_algorithm\ArduinoCore\Debug\libArduinoCore.a(twi.o)
 .bss.twi_inRepStart
                0x00800cf3        0x1 C:\Users\syngr\senior-design\Occupancy_algorithm_working\Occupancy_algorithm\ArduinoCore\Debug\libArduinoCore.a(twi.o)
 .bss.twi_sendStop
                0x00800cf4        0x1 C:\Users\syngr\senior-design\Occupancy_algorithm_working\Occupancy_algorithm\ArduinoCore\Debug\libArduinoCore.a(twi.o)
 .bss.twi_slarw
                0x00800cf5        0x1 C:\Users\syngr\senior-design\Occupancy_algorithm_working\Occupancy_algorithm\ArduinoCore\Debug\libArduinoCore.a(twi.o)
 .bss.twi_state
                0x00800cf6        0x1 C:\Users\syngr\senior-design\Occupancy_algorithm_working\Occupancy_algorithm\ArduinoCore\Debug\libArduinoCore.a(twi.o)
 *(COMMON)
                0x00800cf7                PROVIDE (__bss_end, .)
                0x0000502a                __data_load_start = LOADADDR (.data)
                0x0000524a                __data_load_end = (__data_load_start + SIZEOF (.data))

.noinit         0x00800cf7        0x0
                [!provide]                PROVIDE (__noinit_start, .)
 *(.noinit*)
                [!provide]                PROVIDE (__noinit_end, .)
                0x00800cf7                _end = .
                0x00800cf7                PROVIDE (__heap_start, .)

.eeprom         0x00810000        0x0
 *(.eeprom*)
                0x00810000                __eeprom_end = .

.fuse
 *(.fuse)
 *(.lfuse)
 *(.hfuse)
 *(.efuse)

.lock
 *(.lock*)

.signature
 *(.signature*)

.user_signatures
 *(.user_signatures*)

.stab
 *(.stab)

.stabstr
 *(.stabstr)

.stab.excl
 *(.stab.excl)

.stab.exclstr
 *(.stab.exclstr)

.stab.index
 *(.stab.index)

.stab.indexstr
 *(.stab.indexstr)

.comment        0x00000000       0x30
 *(.comment)
 .comment       0x00000000       0x30 Accelerometer.o
                                 0x31 (size before relaxing)
 .comment       0x00000030       0x31 Fona.o
 .comment       0x00000030       0x31 GPS.o
 .comment       0x00000030       0x31 MAIN.o
 .comment       0x00000030       0x31 IR_cam.o
 .comment       0x00000030       0x31 SparkFun_HIH4030.o
 .comment       0x00000030       0x31 Temp_Humidity.o
 .comment       0x00000030       0x31 TMP36.o
 .comment       0x00000030       0x31 C:\Users\syngr\senior-design\Occupancy_algorithm_working\Occupancy_algorithm\ArduinoCore\Debug\libArduinoCore.a(HardwareSerial.o)
 .comment       0x00000030       0x31 C:\Users\syngr\senior-design\Occupancy_algorithm_working\Occupancy_algorithm\ArduinoCore\Debug\libArduinoCore.a(HardwareSerial0.o)
 .comment       0x00000030       0x31 C:\Users\syngr\senior-design\Occupancy_algorithm_working\Occupancy_algorithm\ArduinoCore\Debug\libArduinoCore.a(HardwareSerial1.o)
 .comment       0x00000030       0x31 C:\Users\syngr\senior-design\Occupancy_algorithm_working\Occupancy_algorithm\ArduinoCore\Debug\libArduinoCore.a(HardwareSerial2.o)
 .comment       0x00000030       0x31 C:\Users\syngr\senior-design\Occupancy_algorithm_working\Occupancy_algorithm\ArduinoCore\Debug\libArduinoCore.a(main.o)
 .comment       0x00000030       0x31 C:\Users\syngr\senior-design\Occupancy_algorithm_working\Occupancy_algorithm\ArduinoCore\Debug\libArduinoCore.a(Print.o)
 .comment       0x00000030       0x31 C:\Users\syngr\senior-design\Occupancy_algorithm_working\Occupancy_algorithm\ArduinoCore\Debug\libArduinoCore.a(wiring.o)
 .comment       0x00000030       0x31 C:\Users\syngr\senior-design\Occupancy_algorithm_working\Occupancy_algorithm\ArduinoCore\Debug\libArduinoCore.a(wiring_analog.o)
 .comment       0x00000030       0x31 C:\Users\syngr\senior-design\Occupancy_algorithm_working\Occupancy_algorithm\ArduinoCore\Debug\libArduinoCore.a(wiring_digital.o)
 .comment       0x00000030       0x31 C:\Users\syngr\senior-design\Occupancy_algorithm_working\Occupancy_algorithm\ArduinoCore\Debug\libArduinoCore.a(Adafruit_AMG88xx.o)
 .comment       0x00000030       0x31 C:\Users\syngr\senior-design\Occupancy_algorithm_working\Occupancy_algorithm\ArduinoCore\Debug\libArduinoCore.a(Adafruit_GPS.o)
 .comment       0x00000030       0x31 C:\Users\syngr\senior-design\Occupancy_algorithm_working\Occupancy_algorithm\ArduinoCore\Debug\libArduinoCore.a(Adafruit_ST7735.o)
 .comment       0x00000030       0x31 C:\Users\syngr\senior-design\Occupancy_algorithm_working\Occupancy_algorithm\ArduinoCore\Debug\libArduinoCore.a(Adafruit_ST77xx.o)
 .comment       0x00000030       0x31 C:\Users\syngr\senior-design\Occupancy_algorithm_working\Occupancy_algorithm\ArduinoCore\Debug\libArduinoCore.a(hcsr04.o)
 .comment       0x00000030       0x31 C:\Users\syngr\senior-design\Occupancy_algorithm_working\Occupancy_algorithm\ArduinoCore\Debug\libArduinoCore.a(SoftwareSerial.o)
 .comment       0x00000030       0x31 C:\Users\syngr\senior-design\Occupancy_algorithm_working\Occupancy_algorithm\ArduinoCore\Debug\libArduinoCore.a(SPI.o)
 .comment       0x00000030       0x31 C:\Users\syngr\senior-design\Occupancy_algorithm_working\Occupancy_algorithm\ArduinoCore\Debug\libArduinoCore.a(Wire.o)
 .comment       0x00000030       0x31 C:\Users\syngr\senior-design\Occupancy_algorithm_working\Occupancy_algorithm\ArduinoCore\Debug\libArduinoCore.a(Adafruit_FONA.o)
 .comment       0x00000030       0x31 C:\Users\syngr\senior-design\Occupancy_algorithm_working\Occupancy_algorithm\ArduinoCore\Debug\libArduinoCore.a(abi.o)
 .comment       0x00000030       0x31 C:\Users\syngr\senior-design\Occupancy_algorithm_working\Occupancy_algorithm\ArduinoCore\Debug\libArduinoCore.a(hooks.o)
 .comment       0x00000030       0x31 C:\Users\syngr\senior-design\Occupancy_algorithm_working\Occupancy_algorithm\ArduinoCore\Debug\libArduinoCore.a(WInterrupts.o)
 .comment       0x00000030       0x31 C:\Users\syngr\senior-design\Occupancy_algorithm_working\Occupancy_algorithm\ArduinoCore\Debug\libArduinoCore.a(Adafruit_GFX.o)
 .comment       0x00000030       0x31 C:\Users\syngr\senior-design\Occupancy_algorithm_working\Occupancy_algorithm\ArduinoCore\Debug\libArduinoCore.a(Adafruit_SPITFT.o)
 .comment       0x00000030       0x31 C:\Users\syngr\senior-design\Occupancy_algorithm_working\Occupancy_algorithm\ArduinoCore\Debug\libArduinoCore.a(twi.o)

.note.gnu.avr.deviceinfo
                0x00000000       0x40
 .note.gnu.avr.deviceinfo
                0x00000000       0x40 C:/Program Files (x86)/Atmel/Studio/7.0/Packs/atmel/ATmega_DFP/1.3.300/gcc/dev/atmega2560/avr6/crtatmega2560.o

.note.gnu.build-id
 *(.note.gnu.build-id)

.debug
 *(.debug)

.line
 *(.line)

.debug_srcinfo
 *(.debug_srcinfo)

.debug_sfnames
 *(.debug_sfnames)

.debug_aranges  0x00000000     0x12c8
 *(.debug_aranges)
 .debug_aranges
                0x00000000       0x50 Accelerometer.o
 .debug_aranges
                0x00000050       0x48 Fona.o
 .debug_aranges
                0x00000098       0x30 GPS.o
 .debug_aranges
                0x000000c8       0x40 MAIN.o
 .debug_aranges
                0x00000108       0x30 IR_cam.o
 .debug_aranges
                0x00000138       0x38 SparkFun_HIH4030.o
 .debug_aranges
                0x00000170       0x38 Temp_Humidity.o
 .debug_aranges
                0x000001a8       0x48 TMP36.o
 .debug_aranges
                0x000001f0       0x68 C:\Users\syngr\senior-design\Occupancy_algorithm_working\Occupancy_algorithm\ArduinoCore\Debug\libArduinoCore.a(HardwareSerial.o)
 .debug_aranges
                0x00000258       0x48 C:\Users\syngr\senior-design\Occupancy_algorithm_working\Occupancy_algorithm\ArduinoCore\Debug\libArduinoCore.a(HardwareSerial0.o)
 .debug_aranges
                0x000002a0       0x48 C:\Users\syngr\senior-design\Occupancy_algorithm_working\Occupancy_algorithm\ArduinoCore\Debug\libArduinoCore.a(HardwareSerial1.o)
 .debug_aranges
                0x000002e8       0x48 C:\Users\syngr\senior-design\Occupancy_algorithm_working\Occupancy_algorithm\ArduinoCore\Debug\libArduinoCore.a(HardwareSerial2.o)
 .debug_aranges
                0x00000330       0x30 C:\Users\syngr\senior-design\Occupancy_algorithm_working\Occupancy_algorithm\ArduinoCore\Debug\libArduinoCore.a(main.o)
 .debug_aranges
                0x00000360      0x100 C:\Users\syngr\senior-design\Occupancy_algorithm_working\Occupancy_algorithm\ArduinoCore\Debug\libArduinoCore.a(Print.o)
 .debug_aranges
                0x00000460       0x48 C:\Users\syngr\senior-design\Occupancy_algorithm_working\Occupancy_algorithm\ArduinoCore\Debug\libArduinoCore.a(wiring.o)
 .debug_aranges
                0x000004a8       0x30 C:\Users\syngr\senior-design\Occupancy_algorithm_working\Occupancy_algorithm\ArduinoCore\Debug\libArduinoCore.a(wiring_analog.o)
 .debug_aranges
                0x000004d8       0x38 C:\Users\syngr\senior-design\Occupancy_algorithm_working\Occupancy_algorithm\ArduinoCore\Debug\libArduinoCore.a(wiring_digital.o)
 .debug_aranges
                0x00000510       0xa8 C:\Users\syngr\senior-design\Occupancy_algorithm_working\Occupancy_algorithm\ArduinoCore\Debug\libArduinoCore.a(Adafruit_AMG88xx.o)
 .debug_aranges
                0x000005b8      0x148 C:\Users\syngr\senior-design\Occupancy_algorithm_working\Occupancy_algorithm\ArduinoCore\Debug\libArduinoCore.a(Adafruit_GPS.o)
 .debug_aranges
                0x00000700       0x58 C:\Users\syngr\senior-design\Occupancy_algorithm_working\Occupancy_algorithm\ArduinoCore\Debug\libArduinoCore.a(Adafruit_ST7735.o)
 .debug_aranges
                0x00000758       0x80 C:\Users\syngr\senior-design\Occupancy_algorithm_working\Occupancy_algorithm\ArduinoCore\Debug\libArduinoCore.a(Adafruit_ST77xx.o)
 .debug_aranges
                0x000007d8       0x48 C:\Users\syngr\senior-design\Occupancy_algorithm_working\Occupancy_algorithm\ArduinoCore\Debug\libArduinoCore.a(hcsr04.o)
 .debug_aranges
                0x00000820       0xa8 C:\Users\syngr\senior-design\Occupancy_algorithm_working\Occupancy_algorithm\ArduinoCore\Debug\libArduinoCore.a(SoftwareSerial.o)
 .debug_aranges
                0x000008c8       0x38 C:\Users\syngr\senior-design\Occupancy_algorithm_working\Occupancy_algorithm\ArduinoCore\Debug\libArduinoCore.a(SPI.o)
 .debug_aranges
                0x00000900       0xf8 C:\Users\syngr\senior-design\Occupancy_algorithm_working\Occupancy_algorithm\ArduinoCore\Debug\libArduinoCore.a(Wire.o)
 .debug_aranges
                0x000009f8      0x3a0 C:\Users\syngr\senior-design\Occupancy_algorithm_working\Occupancy_algorithm\ArduinoCore\Debug\libArduinoCore.a(Adafruit_FONA.o)
 .debug_aranges
                0x00000d98       0x20 C:\Users\syngr\senior-design\Occupancy_algorithm_working\Occupancy_algorithm\ArduinoCore\Debug\libArduinoCore.a(abi.o)
 .debug_aranges
                0x00000db8       0x20 C:\Users\syngr\senior-design\Occupancy_algorithm_working\Occupancy_algorithm\ArduinoCore\Debug\libArduinoCore.a(hooks.o)
 .debug_aranges
                0x00000dd8       0x70 C:\Users\syngr\senior-design\Occupancy_algorithm_working\Occupancy_algorithm\ArduinoCore\Debug\libArduinoCore.a(WInterrupts.o)
 .debug_aranges
                0x00000e48      0x250 C:\Users\syngr\senior-design\Occupancy_algorithm_working\Occupancy_algorithm\ArduinoCore\Debug\libArduinoCore.a(Adafruit_GFX.o)
 .debug_aranges
                0x00001098      0x1b0 C:\Users\syngr\senior-design\Occupancy_algorithm_working\Occupancy_algorithm\ArduinoCore\Debug\libArduinoCore.a(Adafruit_SPITFT.o)
 .debug_aranges
                0x00001248       0x80 C:\Users\syngr\senior-design\Occupancy_algorithm_working\Occupancy_algorithm\ArduinoCore\Debug\libArduinoCore.a(twi.o)

.debug_pubnames
 *(.debug_pubnames)

.debug_info     0x00000000    0x3485c
 *(.debug_info .gnu.linkonce.wi.*)
 .debug_info    0x00000000      0xbbc C:/Program Files (x86)/Atmel/Studio/7.0/Packs/atmel/ATmega_DFP/1.3.300/gcc/dev/atmega2560/avr6/crtatmega2560.o
 .debug_info    0x00000bbc      0x646 Accelerometer.o
 .debug_info    0x00001202      0x9e9 Fona.o
 .debug_info    0x00001beb      0x563 GPS.o
 .debug_info    0x0000214e     0x1c54 MAIN.o
 .debug_info    0x00003da2      0xfb7 IR_cam.o
 .debug_info    0x00004d59      0x3de SparkFun_HIH4030.o
 .debug_info    0x00005137      0x546 Temp_Humidity.o
 .debug_info    0x0000567d      0x4c0 TMP36.o
 .debug_info    0x00005b3d     0x205e C:\Users\syngr\senior-design\Occupancy_algorithm_working\Occupancy_algorithm\ArduinoCore\Debug\libArduinoCore.a(HardwareSerial.o)
 .debug_info    0x00007b9b     0x1b74 C:\Users\syngr\senior-design\Occupancy_algorithm_working\Occupancy_algorithm\ArduinoCore\Debug\libArduinoCore.a(HardwareSerial0.o)
 .debug_info    0x0000970f     0x1b74 C:\Users\syngr\senior-design\Occupancy_algorithm_working\Occupancy_algorithm\ArduinoCore\Debug\libArduinoCore.a(HardwareSerial1.o)
 .debug_info    0x0000b283     0x1b74 C:\Users\syngr\senior-design\Occupancy_algorithm_working\Occupancy_algorithm\ArduinoCore\Debug\libArduinoCore.a(HardwareSerial2.o)
 .debug_info    0x0000cdf7      0x295 C:\Users\syngr\senior-design\Occupancy_algorithm_working\Occupancy_algorithm\ArduinoCore\Debug\libArduinoCore.a(main.o)
 .debug_info    0x0000d08c     0x295d C:\Users\syngr\senior-design\Occupancy_algorithm_working\Occupancy_algorithm\ArduinoCore\Debug\libArduinoCore.a(Print.o)
 .debug_info    0x0000f9e9      0x329 C:\Users\syngr\senior-design\Occupancy_algorithm_working\Occupancy_algorithm\ArduinoCore\Debug\libArduinoCore.a(wiring.o)
 .debug_info    0x0000fd12      0x2cd C:\Users\syngr\senior-design\Occupancy_algorithm_working\Occupancy_algorithm\ArduinoCore\Debug\libArduinoCore.a(wiring_analog.o)
 .debug_info    0x0000ffdf      0x63a C:\Users\syngr\senior-design\Occupancy_algorithm_working\Occupancy_algorithm\ArduinoCore\Debug\libArduinoCore.a(wiring_digital.o)
 .debug_info    0x00010619     0x1826 C:\Users\syngr\senior-design\Occupancy_algorithm_working\Occupancy_algorithm\ArduinoCore\Debug\libArduinoCore.a(Adafruit_AMG88xx.o)
 .debug_info    0x00011e3f     0x3375 C:\Users\syngr\senior-design\Occupancy_algorithm_working\Occupancy_algorithm\ArduinoCore\Debug\libArduinoCore.a(Adafruit_GPS.o)
 .debug_info    0x000151b4      0xcf0 C:\Users\syngr\senior-design\Occupancy_algorithm_working\Occupancy_algorithm\ArduinoCore\Debug\libArduinoCore.a(Adafruit_ST7735.o)